No files changed, compilation skipped

╭-------------------------+------------------+-------------------+--------------------+---------------------╮
| Contract                | Runtime Size (B) | Initcode Size (B) | Runtime Margin (B) | Initcode Margin (B) |
+===========================================================================================================+
| Arrays                  | 3                | 31                | 24,573             | 49,121              |
|-------------------------+------------------+-------------------+--------------------+---------------------|
| BondEscrowV1            | 2,794            | 3,088             | 21,782             | 46,064              |
|-------------------------+------------------+-------------------+--------------------+---------------------|
| Bytes                   | 3                | 31                | 24,573             | 49,121              |
|-------------------------+------------------+-------------------+--------------------+---------------------|
| CloneMarketVaultV1      | 22,975           | 23,208            | 1,601              | 25,944              |
|-------------------------+------------------+-------------------+--------------------+---------------------|
| Clones                  | 3                | 31                | 24,573             | 49,121              |
|-------------------------+------------------+-------------------+--------------------+---------------------|
| Comparators             | 3                | 31                | 24,573             | 49,121              |
|-------------------------+------------------+-------------------+--------------------+---------------------|
| Create2                 | 3                | 31                | 24,573             | 49,121              |
|-------------------------+------------------+-------------------+--------------------+---------------------|
| ECDSA                   | 3                | 31                | 24,573             | 49,121              |
|-------------------------+------------------+-------------------+--------------------+---------------------|
| ERC1155Utils            | 3                | 31                | 24,573             | 49,121              |
|-------------------------+------------------+-------------------+--------------------+---------------------|
| EmergencyControllerV1   | 1,376            | 1,632             | 23,200             | 47,520              |
|-------------------------+------------------+-------------------+--------------------+---------------------|
| Errors                  | 3                | 31                | 24,573             | 49,121              |
|-------------------------+------------------+-------------------+--------------------+---------------------|
| FeeVaultV1              | 1,819            | 2,106             | 22,757             | 47,046              |
|-------------------------+------------------+-------------------+--------------------+---------------------|
| FixedPriceMarketplaceV1 | 9,551            | 10,029            | 15,025             | 39,123              |
|-------------------------+------------------+-------------------+--------------------+---------------------|
| FullMarketDeployerV1    | 23,763           | 23,916            | 813                | 25,236              |
|-------------------------+------------------+-------------------+--------------------+---------------------|
| FullMarketVaultV1       | 22,975           | 23,195            | 1,601              | 25,957              |
|-------------------------+------------------+-------------------+--------------------+---------------------|
| LaunchExposureGuardV1   | 1,880            | 2,091             | 22,696             | 47,061              |
|-------------------------+------------------+-------------------+--------------------+---------------------|
| LowLevelCall            | 3                | 31                | 24,573             | 49,121              |
|-------------------------+------------------+-------------------+--------------------+---------------------|
| MarketFactoryV1         | 15,838           | 16,969            | 8,738              | 32,183              |
|-------------------------+------------------+-------------------+--------------------+---------------------|
| Math                    | 3                | 31                | 24,573             | 49,121              |
|-------------------------+------------------+-------------------+--------------------+---------------------|
| MessageHashUtils        | 3                | 31                | 24,573             | 49,121              |
|-------------------------+------------------+-------------------+--------------------+---------------------|
| Panic                   | 3                | 31                | 24,573             | 49,121              |
|-------------------------+------------------+-------------------+--------------------+---------------------|
| ProtocolConfigV1        | 3,630            | 4,251             | 20,946             | 44,901              |
|-------------------------+------------------+-------------------+--------------------+---------------------|
| ProtocolTypes           | 3                | 31                | 24,573             | 49,121              |
|-------------------------+------------------+-------------------+--------------------+---------------------|
| SafeCast                | 3                | 31                | 24,573             | 49,121              |
|-------------------------+------------------+-------------------+--------------------+---------------------|
| SafeERC20               | 3                | 31                | 24,573             | 49,121              |
|-------------------------+------------------+-------------------+--------------------+---------------------|
| ShortStrings            | 3                | 31                | 24,573             | 49,121              |
|-------------------------+------------------+-------------------+--------------------+---------------------|
| SignedMath              | 3                | 31                | 24,573             | 49,121              |
|-------------------------+------------------+-------------------+--------------------+---------------------|
| SlotDerivation          | 3                | 31                | 24,573             | 49,121              |
|-------------------------+------------------+-------------------+--------------------+---------------------|
| SponsorshipPaymasterV1  | 7,381            | 8,427             | 17,195             | 40,725              |
|-------------------------+------------------+-------------------+--------------------+---------------------|
| StorageSlot             | 3                | 31                | 24,573             | 49,121              |
|-------------------------+------------------+-------------------+--------------------+---------------------|
| Strings                 | 3                | 31                | 24,573             | 49,121              |
╰-------------------------+------------------+-------------------+--------------------+---------------------╯

