Compiling 14 files with Solc 0.8.17
Solc 0.8.17 finished in 3.26s
Compiler run successful!
2026-08-08T14:33:04.280792Z  WARN evm::traces: failed to flush signature cache err=failed to create file "/Users/undef1ned/.foundry/cache/signatures": Operation not permitted (os error 1)
Compiling 118 files with Solc 0.8.36
Solc 0.8.36 finished in 49.77s
Compiler run successful with warnings:
Warning (6335): "error" will be promoted to keyword in the future and will not be allowed as an identifier anymore.
    --> lib/forge-std/src/Vm.sol:1296:9:
     |
1296 |         string calldata error
     |         ^^^^^^^^^^^^^^^^^^^^^

Warning (6335): "error" will be promoted to keyword in the future and will not be allowed as an identifier anymore.
    --> lib/forge-std/src/Vm.sol:1310:9:
     |
1310 |         string calldata error
     |         ^^^^^^^^^^^^^^^^^^^^^

Warning (6335): "error" will be promoted to keyword in the future and will not be allowed as an identifier anymore.
    --> lib/forge-std/src/Vm.sol:1318:79:
     |
1318 |     function assertApproxEqAbs(uint256 left, uint256 right, uint256 maxDelta, string calldata error) external pure;
     |                                                                               ^^^^^^^^^^^^^^^^^^^^^

Warning (6335): "error" will be promoted to keyword in the future and will not be allowed as an identifier anymore.
    --> lib/forge-std/src/Vm.sol:1325:77:
     |
1325 |     function assertApproxEqAbs(int256 left, int256 right, uint256 maxDelta, string calldata error) external pure;
     |                                                                             ^^^^^^^^^^^^^^^^^^^^^

Warning (6335): "error" will be promoted to keyword in the future and will not be allowed as an identifier anymore.
    --> lib/forge-std/src/Vm.sol:1342:9:
     |
1342 |         string calldata error
     |         ^^^^^^^^^^^^^^^^^^^^^

Warning (6335): "error" will be promoted to keyword in the future and will not be allowed as an identifier anymore.
    --> lib/forge-std/src/Vm.sol:1360:9:
     |
1360 |         string calldata error
     |         ^^^^^^^^^^^^^^^^^^^^^

Warning (6335): "error" will be promoted to keyword in the future and will not be allowed as an identifier anymore.
    --> lib/forge-std/src/Vm.sol:1370:86:
     |
1370 |     function assertApproxEqRel(uint256 left, uint256 right, uint256 maxPercentDelta, string calldata error)
     |                                                                                      ^^^^^^^^^^^^^^^^^^^^^

Warning (6335): "error" will be promoted to keyword in the future and will not be allowed as an identifier anymore.
    --> lib/forge-std/src/Vm.sol:1381:84:
     |
1381 |     function assertApproxEqRel(int256 left, int256 right, uint256 maxPercentDelta, string calldata error)
     |                                                                                    ^^^^^^^^^^^^^^^^^^^^^

Warning (6335): "error" will be promoted to keyword in the future and will not be allowed as an identifier anymore.
    --> lib/forge-std/src/Vm.sol:1390:77:
     |
1390 |     function assertEqDecimal(uint256 left, uint256 right, uint256 decimals, string calldata error) external pure;
     |                                                                             ^^^^^^^^^^^^^^^^^^^^^

Warning (6335): "error" will be promoted to keyword in the future and will not be allowed as an identifier anymore.
    --> lib/forge-std/src/Vm.sol:1397:75:
     |
1397 |     function assertEqDecimal(int256 left, int256 right, uint256 decimals, string calldata error) external pure;
     |                                                                           ^^^^^^^^^^^^^^^^^^^^^

Warning (6335): "error" will be promoted to keyword in the future and will not be allowed as an identifier anymore.
    --> lib/forge-std/src/Vm.sol:1403:46:
     |
1403 |     function assertEq(bool left, bool right, string calldata error) external pure;
     |                                              ^^^^^^^^^^^^^^^^^^^^^

Warning (6335): "error" will be promoted to keyword in the future and will not be allowed as an identifier anymore.
    --> lib/forge-std/src/Vm.sol:1409:68:
     |
1409 |     function assertEq(string calldata left, string calldata right, string calldata error) external pure;
     |                                                                    ^^^^^^^^^^^^^^^^^^^^^

Warning (6335): "error" will be promoted to keyword in the future and will not be allowed as an identifier anymore.
    --> lib/forge-std/src/Vm.sol:1415:66:
     |
1415 |     function assertEq(bytes calldata left, bytes calldata right, string calldata error) external pure;
     |                                                                  ^^^^^^^^^^^^^^^^^^^^^

Warning (6335): "error" will be promoted to keyword in the future and will not be allowed as an identifier anymore.
    --> lib/forge-std/src/Vm.sol:1421:68:
     |
1421 |     function assertEq(bool[] calldata left, bool[] calldata right, string calldata error) external pure;
     |                                                                    ^^^^^^^^^^^^^^^^^^^^^

Warning (6335): "error" will be promoted to keyword in the future and will not be allowed as an identifier anymore.
    --> lib/forge-std/src/Vm.sol:1427:74:
     |
1427 |     function assertEq(uint256[] calldata left, uint256[] calldata right, string calldata error) external pure;
     |                                                                          ^^^^^^^^^^^^^^^^^^^^^

Warning (6335): "error" will be promoted to keyword in the future and will not be allowed as an identifier anymore.
    --> lib/forge-std/src/Vm.sol:1433:72:
     |
1433 |     function assertEq(int256[] calldata left, int256[] calldata right, string calldata error) external pure;
     |                                                                        ^^^^^^^^^^^^^^^^^^^^^

Warning (6335): "error" will be promoted to keyword in the future and will not be allowed as an identifier anymore.
    --> lib/forge-std/src/Vm.sol:1442:74:
     |
1442 |     function assertEq(address[] calldata left, address[] calldata right, string calldata error) external pure;
     |                                                                          ^^^^^^^^^^^^^^^^^^^^^

Warning (6335): "error" will be promoted to keyword in the future and will not be allowed as an identifier anymore.
    --> lib/forge-std/src/Vm.sol:1448:74:
     |
1448 |     function assertEq(bytes32[] calldata left, bytes32[] calldata right, string calldata error) external pure;
     |                                                                          ^^^^^^^^^^^^^^^^^^^^^

Warning (6335): "error" will be promoted to keyword in the future and will not be allowed as an identifier anymore.
    --> lib/forge-std/src/Vm.sol:1454:72:
     |
1454 |     function assertEq(string[] calldata left, string[] calldata right, string calldata error) external pure;
     |                                                                        ^^^^^^^^^^^^^^^^^^^^^

Warning (6335): "error" will be promoted to keyword in the future and will not be allowed as an identifier anymore.
    --> lib/forge-std/src/Vm.sol:1460:70:
     |
1460 |     function assertEq(bytes[] calldata left, bytes[] calldata right, string calldata error) external pure;
     |                                                                      ^^^^^^^^^^^^^^^^^^^^^

Warning (6335): "error" will be promoted to keyword in the future and will not be allowed as an identifier anymore.
    --> lib/forge-std/src/Vm.sol:1463:52:
     |
1463 |     function assertEq(uint256 left, uint256 right, string calldata error) external pure;
     |                                                    ^^^^^^^^^^^^^^^^^^^^^

Warning (6335): "error" will be promoted to keyword in the future and will not be allowed as an identifier anymore.
    --> lib/forge-std/src/Vm.sol:1469:50:
     |
1469 |     function assertEq(int256 left, int256 right, string calldata error) external pure;
     |                                                  ^^^^^^^^^^^^^^^^^^^^^

Warning (6335): "error" will be promoted to keyword in the future and will not be allowed as an identifier anymore.
    --> lib/forge-std/src/Vm.sol:1475:52:
     |
1475 |     function assertEq(address left, address right, string calldata error) external pure;
     |                                                    ^^^^^^^^^^^^^^^^^^^^^

Warning (6335): "error" will be promoted to keyword in the future and will not be allowed as an identifier anymore.
    --> lib/forge-std/src/Vm.sol:1481:52:
     |
1481 |     function assertEq(bytes32 left, bytes32 right, string calldata error) external pure;
     |                                                    ^^^^^^^^^^^^^^^^^^^^^

Warning (6335): "error" will be promoted to keyword in the future and will not be allowed as an identifier anymore.
    --> lib/forge-std/src/Vm.sol:1487:42:
     |
1487 |     function assertFalse(bool condition, string calldata error) external pure;
     |                                          ^^^^^^^^^^^^^^^^^^^^^

Warning (6335): "error" will be promoted to keyword in the future and will not be allowed as an identifier anymore.
    --> lib/forge-std/src/Vm.sol:1495:77:
     |
1495 |     function assertGeDecimal(uint256 left, uint256 right, uint256 decimals, string calldata error) external pure;
     |                                                                             ^^^^^^^^^^^^^^^^^^^^^

Warning (6335): "error" will be promoted to keyword in the future and will not be allowed as an identifier anymore.
    --> lib/forge-std/src/Vm.sol:1503:75:
     |
1503 |     function assertGeDecimal(int256 left, int256 right, uint256 decimals, string calldata error) external pure;
     |                                                                           ^^^^^^^^^^^^^^^^^^^^^

Warning (6335): "error" will be promoted to keyword in the future and will not be allowed as an identifier anymore.
    --> lib/forge-std/src/Vm.sol:1510:52:
     |
1510 |     function assertGe(uint256 left, uint256 right, string calldata error) external pure;
     |                                                    ^^^^^^^^^^^^^^^^^^^^^

Warning (6335): "error" will be promoted to keyword in the future and will not be allowed as an identifier anymore.
    --> lib/forge-std/src/Vm.sol:1517:50:
     |
1517 |     function assertGe(int256 left, int256 right, string calldata error) external pure;
     |                                                  ^^^^^^^^^^^^^^^^^^^^^

Warning (6335): "error" will be promoted to keyword in the future and will not be allowed as an identifier anymore.
    --> lib/forge-std/src/Vm.sol:1525:77:
     |
1525 |     function assertGtDecimal(uint256 left, uint256 right, uint256 decimals, string calldata error) external pure;
     |                                                                             ^^^^^^^^^^^^^^^^^^^^^

Warning (6335): "error" will be promoted to keyword in the future and will not be allowed as an identifier anymore.
    --> lib/forge-std/src/Vm.sol:1533:75:
     |
1533 |     function assertGtDecimal(int256 left, int256 right, uint256 decimals, string calldata error) external pure;
     |                                                                           ^^^^^^^^^^^^^^^^^^^^^

Warning (6335): "error" will be promoted to keyword in the future and will not be allowed as an identifier anymore.
    --> lib/forge-std/src/Vm.sol:1540:52:
     |
1540 |     function assertGt(uint256 left, uint256 right, string calldata error) external pure;
     |                                                    ^^^^^^^^^^^^^^^^^^^^^

Warning (6335): "error" will be promoted to keyword in the future and will not be allowed as an identifier anymore.
    --> lib/forge-std/src/Vm.sol:1547:50:
     |
1547 |     function assertGt(int256 left, int256 right, string calldata error) external pure;
     |                                                  ^^^^^^^^^^^^^^^^^^^^^

Warning (6335): "error" will be promoted to keyword in the future and will not be allowed as an identifier anymore.
    --> lib/forge-std/src/Vm.sol:1555:77:
     |
1555 |     function assertLeDecimal(uint256 left, uint256 right, uint256 decimals, string calldata error) external pure;
     |                                                                             ^^^^^^^^^^^^^^^^^^^^^

Warning (6335): "error" will be promoted to keyword in the future and will not be allowed as an identifier anymore.
    --> lib/forge-std/src/Vm.sol:1563:75:
     |
1563 |     function assertLeDecimal(int256 left, int256 right, uint256 decimals, string calldata error) external pure;
     |                                                                           ^^^^^^^^^^^^^^^^^^^^^

Warning (6335): "error" will be promoted to keyword in the future and will not be allowed as an identifier anymore.
    --> lib/forge-std/src/Vm.sol:1570:52:
     |
1570 |     function assertLe(uint256 left, uint256 right, string calldata error) external pure;
     |                                                    ^^^^^^^^^^^^^^^^^^^^^

Warning (6335): "error" will be promoted to keyword in the future and will not be allowed as an identifier anymore.
    --> lib/forge-std/src/Vm.sol:1577:50:
     |
1577 |     function assertLe(int256 left, int256 right, string calldata error) external pure;
     |                                                  ^^^^^^^^^^^^^^^^^^^^^

Warning (6335): "error" will be promoted to keyword in the future and will not be allowed as an identifier anymore.
    --> lib/forge-std/src/Vm.sol:1585:77:
     |
1585 |     function assertLtDecimal(uint256 left, uint256 right, uint256 decimals, string calldata error) external pure;
     |                                                                             ^^^^^^^^^^^^^^^^^^^^^

Warning (6335): "error" will be promoted to keyword in the future and will not be allowed as an identifier anymore.
    --> lib/forge-std/src/Vm.sol:1593:75:
     |
1593 |     function assertLtDecimal(int256 left, int256 right, uint256 decimals, string calldata error) external pure;
     |                                                                           ^^^^^^^^^^^^^^^^^^^^^

Warning (6335): "error" will be promoted to keyword in the future and will not be allowed as an identifier anymore.
    --> lib/forge-std/src/Vm.sol:1600:52:
     |
1600 |     function assertLt(uint256 left, uint256 right, string calldata error) external pure;
     |                                                    ^^^^^^^^^^^^^^^^^^^^^

Warning (6335): "error" will be promoted to keyword in the future and will not be allowed as an identifier anymore.
    --> lib/forge-std/src/Vm.sol:1607:50:
     |
1607 |     function assertLt(int256 left, int256 right, string calldata error) external pure;
     |                                                  ^^^^^^^^^^^^^^^^^^^^^

Warning (6335): "error" will be promoted to keyword in the future and will not be allowed as an identifier anymore.
    --> lib/forge-std/src/Vm.sol:1614:80:
     |
1614 |     function assertNotEqDecimal(uint256 left, uint256 right, uint256 decimals, string calldata error) external pure;
     |                                                                                ^^^^^^^^^^^^^^^^^^^^^

Warning (6335): "error" will be promoted to keyword in the future and will not be allowed as an identifier anymore.
    --> lib/forge-std/src/Vm.sol:1621:78:
     |
1621 |     function assertNotEqDecimal(int256 left, int256 right, uint256 decimals, string calldata error) external pure;
     |                                                                              ^^^^^^^^^^^^^^^^^^^^^

Warning (6335): "error" will be promoted to keyword in the future and will not be allowed as an identifier anymore.
    --> lib/forge-std/src/Vm.sol:1627:49:
     |
1627 |     function assertNotEq(bool left, bool right, string calldata error) external pure;
     |                                                 ^^^^^^^^^^^^^^^^^^^^^

Warning (6335): "error" will be promoted to keyword in the future and will not be allowed as an identifier anymore.
    --> lib/forge-std/src/Vm.sol:1633:71:
     |
1633 |     function assertNotEq(string calldata left, string calldata right, string calldata error) external pure;
     |                                                                       ^^^^^^^^^^^^^^^^^^^^^

Warning (6335): "error" will be promoted to keyword in the future and will not be allowed as an identifier anymore.
    --> lib/forge-std/src/Vm.sol:1639:69:
     |
1639 |     function assertNotEq(bytes calldata left, bytes calldata right, string calldata error) external pure;
     |                                                                     ^^^^^^^^^^^^^^^^^^^^^

Warning (6335): "error" will be promoted to keyword in the future and will not be allowed as an identifier anymore.
    --> lib/forge-std/src/Vm.sol:1645:71:
     |
1645 |     function assertNotEq(bool[] calldata left, bool[] calldata right, string calldata error) external pure;
     |                                                                       ^^^^^^^^^^^^^^^^^^^^^

Warning (6335): "error" will be promoted to keyword in the future and will not be allowed as an identifier anymore.
    --> lib/forge-std/src/Vm.sol:1651:77:
     |
1651 |     function assertNotEq(uint256[] calldata left, uint256[] calldata right, string calldata error) external pure;
     |                                                                             ^^^^^^^^^^^^^^^^^^^^^

Warning (6335): "error" will be promoted to keyword in the future and will not be allowed as an identifier anymore.
    --> lib/forge-std/src/Vm.sol:1657:75:
     |
1657 |     function assertNotEq(int256[] calldata left, int256[] calldata right, string calldata error) external pure;
     |                                                                           ^^^^^^^^^^^^^^^^^^^^^

Warning (6335): "error" will be promoted to keyword in the future and will not be allowed as an identifier anymore.
    --> lib/forge-std/src/Vm.sol:1666:77:
     |
1666 |     function assertNotEq(address[] calldata left, address[] calldata right, string calldata error) external pure;
     |                                                                             ^^^^^^^^^^^^^^^^^^^^^

Warning (6335): "error" will be promoted to keyword in the future and will not be allowed as an identifier anymore.
    --> lib/forge-std/src/Vm.sol:1672:77:
     |
1672 |     function assertNotEq(bytes32[] calldata left, bytes32[] calldata right, string calldata error) external pure;
     |                                                                             ^^^^^^^^^^^^^^^^^^^^^

Warning (6335): "error" will be promoted to keyword in the future and will not be allowed as an identifier anymore.
    --> lib/forge-std/src/Vm.sol:1678:75:
     |
1678 |     function assertNotEq(string[] calldata left, string[] calldata right, string calldata error) external pure;
     |                                                                           ^^^^^^^^^^^^^^^^^^^^^

Warning (6335): "error" will be promoted to keyword in the future and will not be allowed as an identifier anymore.
    --> lib/forge-std/src/Vm.sol:1684:73:
     |
1684 |     function assertNotEq(bytes[] calldata left, bytes[] calldata right, string calldata error) external pure;
     |                                                                         ^^^^^^^^^^^^^^^^^^^^^

Warning (6335): "error" will be promoted to keyword in the future and will not be allowed as an identifier anymore.
    --> lib/forge-std/src/Vm.sol:1687:55:
     |
1687 |     function assertNotEq(uint256 left, uint256 right, string calldata error) external pure;
     |                                                       ^^^^^^^^^^^^^^^^^^^^^

Warning (6335): "error" will be promoted to keyword in the future and will not be allowed as an identifier anymore.
    --> lib/forge-std/src/Vm.sol:1693:53:
     |
1693 |     function assertNotEq(int256 left, int256 right, string calldata error) external pure;
     |                                                     ^^^^^^^^^^^^^^^^^^^^^

Warning (6335): "error" will be promoted to keyword in the future and will not be allowed as an identifier anymore.
    --> lib/forge-std/src/Vm.sol:1699:55:
     |
1699 |     function assertNotEq(address left, address right, string calldata error) external pure;
     |                                                       ^^^^^^^^^^^^^^^^^^^^^

Warning (6335): "error" will be promoted to keyword in the future and will not be allowed as an identifier anymore.
    --> lib/forge-std/src/Vm.sol:1705:55:
     |
1705 |     function assertNotEq(bytes32 left, bytes32 right, string calldata error) external pure;
     |                                                       ^^^^^^^^^^^^^^^^^^^^^

Warning (6335): "error" will be promoted to keyword in the future and will not be allowed as an identifier anymore.
    --> lib/forge-std/src/Vm.sol:1711:41:
     |
1711 |     function assertTrue(bool condition, string calldata error) external pure;
     |                                         ^^^^^^^^^^^^^^^^^^^^^

Warning (4591): There are more than 256 warnings. Ignoring the rest.
2026-08-08T14:34:15.827402Z  WARN evm::traces: failed to flush signature cache err=failed to create file "/Users/undef1ned/.foundry/cache/signatures": Operation not permitted (os error 1)
warning[block-timestamp]: usage of `block.timestamp` in a comparison may be manipulated by validators
   ╭▸ src/core/EmergencyControllerV1.sol:43:16
   │
43 │         return block.timestamp < pauseExpiresAt && (pausedFlags & flag) != 0;
   │                ━━━━━━━━━━━━━━━━━━━━━━━━━━━━━━━━
   │
   ╰ help: https://book.getfoundry.sh/reference/forge/forge-lint#block-timestamp

warning[block-timestamp]: usage of `block.timestamp` in a comparison may be manipulated by validators
    ╭▸ src/market/MarketVaultCoreV1.sol:382:13
    │
382 │         if (newCloseAt <= block.timestamp) revert MarketNotOpen();
    │             ━━━━━━━━━━━━━━━━━━━━━━━━━━━━━
    │
    ╰ help: https://book.getfoundry.sh/reference/forge/forge-lint#block-timestamp

warning[block-timestamp]: usage of `block.timestamp` in a comparison may be manipulated by validators
    ╭▸ test/security/EchidnaMarketAccounting.sol:141:36
    │
141 │         if (market.isTerminal() || block.timestamp >= market.closeAt()) return;
    │                                    ━━━━━━━━━━━━━━━━━━━━━━━━━━━━━━━━━━━
    │
    ╰ help: https://book.getfoundry.sh/reference/forge/forge-lint#block-timestamp

warning[unsafe-typecast]: typecasts that can truncate values should be checked
    ╭▸ test/unit/ProtocolControls.t.sol:317:37
    │
317 │         localVault.accrue(ALICE, 1, bytes32("kind"), bytes32("ref"));
    │                                     ━━━━━━━━━━━━━━━
    │
    ├ note: consider disabling this lint if you're certain the cast is safe
    │       
    │       // casting to 'bytes32' is safe because [explain why]
    │       // forge-lint: disable-next-line(unsafe-typecast)
    │       
    │       
    ╰ help: https://book.getfoundry.sh/reference/forge/forge-lint#unsafe-typecast

warning[unsafe-typecast]: typecasts that can truncate values should be checked
    ╭▸ test/unit/ProtocolControls.t.sol:317:54
    │
317 │         localVault.accrue(ALICE, 1, bytes32("kind"), bytes32("ref"));
    │                                                      ━━━━━━━━━━━━━━
    │
    ├ note: consider disabling this lint if you're certain the cast is safe
    │       
    │       // casting to 'bytes32' is safe because [explain why]
    │       // forge-lint: disable-next-line(unsafe-typecast)
    │       
    │       
    ╰ help: https://book.getfoundry.sh/reference/forge/forge-lint#unsafe-typecast

warning[unsafe-typecast]: typecasts that can truncate values should be checked
    ╭▸ test/unit/ProtocolControls.t.sol:319:42
    │
319 │         localVault.accrue(address(0), 1, bytes32("kind"), bytes32("ref"));
    │                                          ━━━━━━━━━━━━━━━
    │
    ├ note: consider disabling this lint if you're certain the cast is safe
    │       
    │       // casting to 'bytes32' is safe because [explain why]
    │       // forge-lint: disable-next-line(unsafe-typecast)
    │       
    │       
    ╰ help: https://book.getfoundry.sh/reference/forge/forge-lint#unsafe-typecast

warning[block-timestamp]: usage of `block.timestamp` in a comparison may be manipulated by validators
   ╭▸ src/core/EmergencyControllerV1.sol:63:13
   │
63 │         if (block.timestamp < pauseExpiresAt) revert EmergencyPauseStillActive(pauseExpiresAt);
   │             ━━━━━━━━━━━━━━━━━━━━━━━━━━━━━━━━
   │
   ╰ help: https://book.getfoundry.sh/reference/forge/forge-lint#block-timestamp

warning[block-timestamp]: usage of `block.timestamp` in a comparison may be manipulated by validators
    ╭▸ src/core/MarketFactoryV1.sol:344:13
    │
344 │             params.closeAt < block.timestamp + 5 minutes
    │             ━━━━━━━━━━━━━━━━━━━━━━━━━━━━━━━━━━━━━━━━━━━━
    │
    ╰ help: https://book.getfoundry.sh/reference/forge/forge-lint#block-timestamp

warning[block-timestamp]: usage of `block.timestamp` in a comparison may be manipulated by validators
    ╭▸ src/core/MarketFactoryV1.sol:345:20
    │
345 │                 || params.closeAt > block.timestamp + 90 days
    │                    ━━━━━━━━━━━━━━━━━━━━━━━━━━━━━━━━━━━━━━━━━━
    │
    ╰ help: https://book.getfoundry.sh/reference/forge/forge-lint#block-timestamp

warning[block-timestamp]: usage of `block.timestamp` in a comparison may be manipulated by validators
    ╭▸ src/core/MarketFactoryV1.sol:346:20
    │
346 │                 || params.earlyBirdStart < block.timestamp
    │                    ━━━━━━━━━━━━━━━━━━━━━━━━━━━━━━━━━━━━━━━
    │
    ╰ help: https://book.getfoundry.sh/reference/forge/forge-lint#block-timestamp

warning[unsafe-typecast]: typecasts that can truncate values should be checked
    ╭▸ test/unit/Permit2Flows.t.sol:123:65
    │
123 │         market = MarketVaultCoreV1(factory.createMarket(params, bytes32("permit2")));
    │                                                                 ━━━━━━━━━━━━━━━━━━
    │
    ├ note: consider disabling this lint if you're certain the cast is safe
    │       
    │       // casting to 'bytes32' is safe because [explain why]
    │       // forge-lint: disable-next-line(unsafe-typecast)
    │       
    │       
    ╰ help: https://book.getfoundry.sh/reference/forge/forge-lint#unsafe-typecast

warning[block-timestamp]: usage of `block.timestamp` in a comparison may be manipulated by validators
    ╭▸ src/marketplace/FixedPriceMarketplaceV1.sol:155:13
    │
155 │         if (expiresAt <= block.timestamp) revert InvalidListingExpiry();
    │             ━━━━━━━━━━━━━━━━━━━━━━━━━━━━
    │
    ╰ help: https://book.getfoundry.sh/reference/forge/forge-lint#block-timestamp

warning[block-timestamp]: usage of `block.timestamp` in a comparison may be manipulated by validators
    ╭▸ test/security/EchidnaMarketAccounting.sol:168:13
    │
168 │         if (block.timestamp < market.closeAt() || block.timestamp >= market.resolutionDeadline()) {
    │             ━━━━━━━━━━━━━━━━━━━━━━━━━━━━━━━━━━
    │
    ╰ help: https://book.getfoundry.sh/reference/forge/forge-lint#block-timestamp

warning[block-timestamp]: usage of `block.timestamp` in a comparison may be manipulated by validators
    ╭▸ test/security/EchidnaMarketAccounting.sol:168:51
    │
168 │         if (block.timestamp < market.closeAt() || block.timestamp >= market.resolutionDeadline()) {
    │                                                   ━━━━━━━━━━━━━━━━━━━━━━━━━━━━━━━━━━━━━━━━━━━━━━
    │
    ╰ help: https://book.getfoundry.sh/reference/forge/forge-lint#block-timestamp

warning[block-timestamp]: usage of `block.timestamp` in a comparison may be manipulated by validators
    ╭▸ test/security/EchidnaMarketAccounting.sol:182:36
    │
182 │         if (market.isTerminal() || block.timestamp < market.resolutionDeadline()) return;
    │                                    ━━━━━━━━━━━━━━━━━━━━━━━━━━━━━━━━━━━━━━━━━━━━━
    │
    ╰ help: https://book.getfoundry.sh/reference/forge/forge-lint#block-timestamp

warning[unsafe-typecast]: typecasts that can truncate values should be checked
    ╭▸ test/unit/ProtocolControls.t.sol:319:59
    │
319 │         localVault.accrue(address(0), 1, bytes32("kind"), bytes32("ref"));
    │                                                           ━━━━━━━━━━━━━━
    │
    ├ note: consider disabling this lint if you're certain the cast is safe
    │       
    │       // casting to 'bytes32' is safe because [explain why]
    │       // forge-lint: disable-next-line(unsafe-typecast)
    │       
    │       
    ╰ help: https://book.getfoundry.sh/reference/forge/forge-lint#unsafe-typecast

warning[block-timestamp]: usage of `block.timestamp` in a comparison may be manipulated by validators
    ╭▸ src/market/MarketVaultCoreV1.sol:489:62
    │
489 │         if (marketState != ProtocolTypes.MarketState.OPEN || block.timestamp >= closeAt) {
    │                                                              ━━━━━━━━━━━━━━━━━━━━━━━━━━
    │
    ╰ help: https://book.getfoundry.sh/reference/forge/forge-lint#block-timestamp

warning[block-timestamp]: usage of `block.timestamp` in a comparison may be manipulated by validators
    ╭▸ src/market/MarketVaultCoreV1.sol:495:13
    │
495 │         if (block.timestamp > deadline) revert DeadlineExpired(deadline, block.timestamp);
    │             ━━━━━━━━━━━━━━━━━━━━━━━━━━
    │
    ╰ help: https://book.getfoundry.sh/reference/forge/forge-lint#block-timestamp

warning[unsafe-typecast]: typecasts that can truncate values should be checked
    ╭▸ test/unit/ProtocolControls.t.sol:320:37
    │
320 │         localVault.accrue(ALICE, 0, bytes32("kind"), bytes32("ref"));
    │                                     ━━━━━━━━━━━━━━━
    │
    ├ note: consider disabling this lint if you're certain the cast is safe
    │       
    │       // casting to 'bytes32' is safe because [explain why]
    │       // forge-lint: disable-next-line(unsafe-typecast)
    │       
    │       
    ╰ help: https://book.getfoundry.sh/reference/forge/forge-lint#unsafe-typecast

warning[block-timestamp]: usage of `block.timestamp` in a comparison may be manipulated by validators
    ╭▸ src/marketplace/FixedPriceMarketplaceV1.sol:307:13
    │
307 │         if (block.timestamp > deadline) revert DeadlineExpired(deadline, block.timestamp);
    │             ━━━━━━━━━━━━━━━━━━━━━━━━━━
    │
    ╰ help: https://book.getfoundry.sh/reference/forge/forge-lint#block-timestamp

warning[block-timestamp]: usage of `block.timestamp` in a comparison may be manipulated by validators
    ╭▸ src/marketplace/FixedPriceMarketplaceV1.sol:310:13
    │
310 │         if (block.timestamp >= stored.expiresAt) revert ListingExpired(listingId);
    │             ━━━━━━━━━━━━━━━━━━━━━━━━━━━━━━━━━━━
    │
    ╰ help: https://book.getfoundry.sh/reference/forge/forge-lint#block-timestamp

warning[unsafe-typecast]: typecasts that can truncate values should be checked
    ╭▸ test/unit/FactoryValidation.t.sol:401:68
    │
401 │             abi.encodeWithSelector(DependencyCodeMissing.selector, bytes32("marketplace"), ALICE)
    │                                                                    ━━━━━━━━━━━━━━━━━━━━━━
    │
    ├ note: consider disabling this lint if you're certain the cast is safe
    │       
    │       // casting to 'bytes32' is safe because [explain why]
    │       // forge-lint: disable-next-line(unsafe-typecast)
    │       
    │       
    ╰ help: https://book.getfoundry.sh/reference/forge/forge-lint#unsafe-typecast

warning[unsafe-typecast]: typecasts that can truncate values should be checked
    ╭▸ test/unit/ProtocolControls.t.sol:320:54
    │
320 │         localVault.accrue(ALICE, 0, bytes32("kind"), bytes32("ref"));
    │                                                      ━━━━━━━━━━━━━━
    │
    ├ note: consider disabling this lint if you're certain the cast is safe
    │       
    │       // casting to 'bytes32' is safe because [explain why]
    │       // forge-lint: disable-next-line(unsafe-typecast)
    │       
    │       
    ╰ help: https://book.getfoundry.sh/reference/forge/forge-lint#unsafe-typecast

warning[unsafe-typecast]: typecasts that can truncate values should be checked
    ╭▸ test/unit/ProtocolControls.t.sol:322:38
    │
322 │         localVault.accrue(ALICE, 10, bytes32("kind"), bytes32("ref"));
    │                                      ━━━━━━━━━━━━━━━
    │
    ├ note: consider disabling this lint if you're certain the cast is safe
    │       
    │       // casting to 'bytes32' is safe because [explain why]
    │       // forge-lint: disable-next-line(unsafe-typecast)
    │       
    │       
    ╰ help: https://book.getfoundry.sh/reference/forge/forge-lint#unsafe-typecast

warning[unsafe-typecast]: typecasts that can truncate values should be checked
    ╭▸ test/unit/ProtocolControls.t.sol:322:55
    │
322 │         localVault.accrue(ALICE, 10, bytes32("kind"), bytes32("ref"));
    │                                                       ━━━━━━━━━━━━━━
    │
    ├ note: consider disabling this lint if you're certain the cast is safe
    │       
    │       // casting to 'bytes32' is safe because [explain why]
    │       // forge-lint: disable-next-line(unsafe-typecast)
    │       
    │       
    ╰ help: https://book.getfoundry.sh/reference/forge/forge-lint#unsafe-typecast

warning[unsafe-typecast]: typecasts that can truncate values should be checked
    ╭▸ test/unit/ProtocolControls.t.sol:325:38
    │
325 │         localVault.accrue(ALICE, 10, bytes32("kind"), bytes32("a"));
    │                                      ━━━━━━━━━━━━━━━
    │
    ├ note: consider disabling this lint if you're certain the cast is safe
    │       
    │       // casting to 'bytes32' is safe because [explain why]
    │       // forge-lint: disable-next-line(unsafe-typecast)
    │       
    │       
    ╰ help: https://book.getfoundry.sh/reference/forge/forge-lint#unsafe-typecast

warning[unsafe-typecast]: typecasts that can truncate values should be checked
    ╭▸ test/unit/ProtocolControls.t.sol:325:55
    │
325 │         localVault.accrue(ALICE, 10, bytes32("kind"), bytes32("a"));
    │                                                       ━━━━━━━━━━━━
    │
    ├ note: consider disabling this lint if you're certain the cast is safe
    │       
    │       // casting to 'bytes32' is safe because [explain why]
    │       // forge-lint: disable-next-line(unsafe-typecast)
    │       
    │       
    ╰ help: https://book.getfoundry.sh/reference/forge/forge-lint#unsafe-typecast

warning[unsafe-typecast]: typecasts that can truncate values should be checked
    ╭▸ test/unit/ProtocolControls.t.sol:327:36
    │
327 │         localVault.accrue(BOB, 20, bytes32("kind"), bytes32("b"));
    │                                    ━━━━━━━━━━━━━━━
    │
    ├ note: consider disabling this lint if you're certain the cast is safe
    │       
    │       // casting to 'bytes32' is safe because [explain why]
    │       // forge-lint: disable-next-line(unsafe-typecast)
    │       
    │       
    ╰ help: https://book.getfoundry.sh/reference/forge/forge-lint#unsafe-typecast

warning[unsafe-typecast]: typecasts that can truncate values should be checked
    ╭▸ test/unit/ProtocolControls.t.sol:327:53
    │
327 │         localVault.accrue(BOB, 20, bytes32("kind"), bytes32("b"));
    │                                                     ━━━━━━━━━━━━
    │
    ├ note: consider disabling this lint if you're certain the cast is safe
    │       
    │       // casting to 'bytes32' is safe because [explain why]
    │       // forge-lint: disable-next-line(unsafe-typecast)
    │       
    │       
    ╰ help: https://book.getfoundry.sh/reference/forge/forge-lint#unsafe-typecast

warning[block-timestamp]: usage of `block.timestamp` in a comparison may be manipulated by validators
    ╭▸ src/market/MarketVaultCoreV1.sol:568:13
    │
568 │         if (block.timestamp < closeAt) revert MarketNotClosed();
    │             ━━━━━━━━━━━━━━━━━━━━━━━━━
    │
    ╰ help: https://book.getfoundry.sh/reference/forge/forge-lint#block-timestamp

warning[unsafe-typecast]: typecasts that can truncate values should be checked
    ╭▸ test/unit/FactoryValidation.t.sol:430:17
    │
430 │                 bytes32("marketplace.emergency"),
    │                 ━━━━━━━━━━━━━━━━━━━━━━━━━━━━━━━━
    │
    ├ note: consider disabling this lint if you're certain the cast is safe
    │       
    │       // casting to 'bytes32' is safe because [explain why]
    │       // forge-lint: disable-next-line(unsafe-typecast)
    │       
    │       
    ╰ help: https://book.getfoundry.sh/reference/forge/forge-lint#unsafe-typecast

warning[unsafe-typecast]: typecasts that can truncate values should be checked
    ╭▸ test/security/EchidnaMarketAccounting.sol:132:65
    │
132 │         market = MarketVaultCoreV1(factory.createMarket(params, bytes32("security-campaign")));
    │                                                                 ━━━━━━━━━━━━━━━━━━━━━━━━━━━━
    │
    ├ note: consider disabling this lint if you're certain the cast is safe
    │       
    │       // casting to 'bytes32' is safe because [explain why]
    │       // forge-lint: disable-next-line(unsafe-typecast)
    │       
    │       
    ╰ help: https://book.getfoundry.sh/reference/forge/forge-lint#unsafe-typecast

warning[unsafe-typecast]: typecasts that can truncate values should be checked
   ╭▸ test/unit/FeeVaultMutationResistance.t.sol:37:33
   │
37 │                 callbackError = bytes4(result);
   │                                 ━━━━━━━━━━━━━━
   │
   ├ note: consider disabling this lint if you're certain the cast is safe
   │       
   │       // casting to 'bytes4' is safe because [explain why]
   │       // forge-lint: disable-next-line(unsafe-typecast)
   │       
   │       
   ╰ help: https://book.getfoundry.sh/reference/forge/forge-lint#unsafe-typecast

warning[block-timestamp]: usage of `block.timestamp` in a comparison may be manipulated by validators
    ╭▸ src/market/MarketVaultCoreV1.sol:569:13
    │
569 │         if (block.timestamp >= resolutionDeadline()) revert ResolutionWindowExpired();
    │             ━━━━━━━━━━━━━━━━━━━━━━━━━━━━━━━━━━━━━━━
    │
    ╰ help: https://book.getfoundry.sh/reference/forge/forge-lint#block-timestamp

warning[block-timestamp]: usage of `block.timestamp` in a comparison may be manipulated by validators
   ╭▸ test/invariant/MarketAccounting.invariant.t.sol:41:36
   │
41 │         if (market.isTerminal() || block.timestamp >= market.closeAt()) return;
   │                                    ━━━━━━━━━━━━━━━━━━━━━━━━━━━━━━━━━━━
   │
   ╰ help: https://book.getfoundry.sh/reference/forge/forge-lint#block-timestamp

warning[unsafe-typecast]: typecasts that can truncate values should be checked
    ╭▸ test/unit/FactoryValidation.t.sol:463:48
    │
463 │                 InvalidConfiguration.selector, bytes32("feeVault.factoryAccruer")
    │                                                ━━━━━━━━━━━━━━━━━━━━━━━━━━━━━━━━━━
    │
    ├ note: consider disabling this lint if you're certain the cast is safe
    │       
    │       // casting to 'bytes32' is safe because [explain why]
    │       // forge-lint: disable-next-line(unsafe-typecast)
    │       
    │       
    ╰ help: https://book.getfoundry.sh/reference/forge/forge-lint#unsafe-typecast

warning[unsafe-typecast]: typecasts that can truncate values should be checked
    ╭▸ test/unit/MarketplaceEdges.t.sol:101:62
    │
101 │             ALICE, address(marketplace), 0, 10e6, abi.encode(bytes32("not-a-listing"))
    │                                                              ━━━━━━━━━━━━━━━━━━━━━━━━
    │
    ├ note: consider disabling this lint if you're certain the cast is safe
    │       
    │       // casting to 'bytes32' is safe because [explain why]
    │       // forge-lint: disable-next-line(unsafe-typecast)
    │       
    │       
    ╰ help: https://book.getfoundry.sh/reference/forge/forge-lint#unsafe-typecast

warning[unsafe-typecast]: typecasts that can truncate values should be checked
    ╭▸ test/invariant/MarketAccounting.invariant.t.sol:159:65
    │
159 │         market = MarketVaultCoreV1(factory.createMarket(params, bytes32("invariant")));
    │                                                                 ━━━━━━━━━━━━━━━━━━━━
    │
    ├ note: consider disabling this lint if you're certain the cast is safe
    │       
    │       // casting to 'bytes32' is safe because [explain why]
    │       // forge-lint: disable-next-line(unsafe-typecast)
    │       
    │       
    ╰ help: https://book.getfoundry.sh/reference/forge/forge-lint#unsafe-typecast

warning[unsafe-typecast]: typecasts that can truncate values should be checked
    ╭▸ test/unit/FactoryValidation.t.sol:472:48
    │
472 │                 InvalidConfiguration.selector, bytes32("feeVault.marketplaceAccruer")
    │                                                ━━━━━━━━━━━━━━━━━━━━━━━━━━━━━━━━━━━━━━
    │
    ├ note: consider disabling this lint if you're certain the cast is safe
    │       
    │       // casting to 'bytes32' is safe because [explain why]
    │       // forge-lint: disable-next-line(unsafe-typecast)
    │       
    │       
    ╰ help: https://book.getfoundry.sh/reference/forge/forge-lint#unsafe-typecast

warning[unsafe-typecast]: typecasts that can truncate values should be checked
    ╭▸ test/unit/MarketplaceEdges.t.sol:154:13
    │
154 │             bytes32("missing"), 1e6, 1e6, 1e6, uint64(block.timestamp + 1 hours)
    │             ━━━━━━━━━━━━━━━━━━
    │
    ├ note: consider disabling this lint if you're certain the cast is safe
    │       
    │       // casting to 'bytes32' is safe because [explain why]
    │       // forge-lint: disable-next-line(unsafe-typecast)
    │       
    │       
    ╰ help: https://book.getfoundry.sh/reference/forge/forge-lint#unsafe-typecast

warning[block-timestamp]: usage of `block.timestamp` in a comparison may be manipulated by validators
    ╭▸ src/market/MarketVaultCoreV1.sol:618:13
    │
618 │         if (block.timestamp >= resolutionDeadline()) revert ResolutionWindowExpired();
    │             ━━━━━━━━━━━━━━━━━━━━━━━━━━━━━━━━━━━━━━━
    │
    ╰ help: https://book.getfoundry.sh/reference/forge/forge-lint#block-timestamp

warning[block-timestamp]: usage of `block.timestamp` in a comparison may be manipulated by validators
    ╭▸ src/market/MarketVaultCoreV1.sol:626:13
    │
626 │         if (block.timestamp < resolutionDeadline()) revert TimeoutNotReached();
    │             ━━━━━━━━━━━━━━━━━━━━━━━━━━━━━━━━━━━━━━
    │
    ╰ help: https://book.getfoundry.sh/reference/forge/forge-lint#block-timestamp

Compiling 14 files with Solc 0.8.17
Solc 0.8.17 finished in 3.21s
Compiler run successful!
2026-08-08T14:34:19.194104Z  WARN evm::traces: failed to flush signature cache err=failed to create file "/Users/undef1ned/.foundry/cache/signatures": Operation not permitted (os error 1)
