{
  "schemaVersion": 1,
  "lane": "production-indexer-Fastify-PostgreSQL-smoke",
  "runId": "checkpoint10m-calibration-20260808T1516Z",
  "observedAt": "2026-08-08T15:15:45.894Z",
  "target": "http://127.0.0.1:19080",
  "chainId": 31337,
  "datasetChecks": {
    "marketsReturned": 20,
    "listingsReturned": 20,
    "market": "0x0000000000000000000000000000000000000001"
  },
  "websocket": {
    "upgradeAndReadyLatencyMs": 7.117,
    "message": {
      "type": "ready",
      "protocolVersion": 1,
      "chainId": 31337,
      "market": "0x0000000000000000000000000000000000000001"
    }
  },
  "observability": {
    "requiredMetricsPresent": true
  },
  "thresholds": {
    "liveness": true,
    "readiness": true,
    "seededReads": true,
    "websocketProtocolReady": true,
    "metricsPresent": true
  },
  "proofBoundary": "Real production Fastify API and WebSocket composition over fresh local PostgreSQL and Anvil; focused smoke, not the commercial-duration k6 gate."
}
