
         /\      Grafana   /‾‾/  
    /\  /  \     |\  __   /  /   
   /  \/    \    | |/ /  /   ‾‾\ 
  /          \   |   (  |  (‾)  |
 / __________ \  |_|\_\  \_____/ 


     execution: local
        script: load/k6/api-read.js
        output: -

     scenarios: (100.00%) 2 scenarios, 7000 max VUs, 6m30s max duration (incl. graceful stop):
              * steady_500_rps: 500.00 iterations/s for 5m0s (maxVUs: 500-2000, gracefulStop: 30s)
              * burst_2000_rps: 2000.00 iterations/s for 1m0s (maxVUs: 2000-5000, startTime: 5m0s, gracefulStop: 30s)


running (0m00.8s), 0001/2500 VUs, 409 complete and 0 interrupted iterations
steady_500_rps   [   0% ] 0001/0500 VUs  0m00.8s/5m0s  500.00 iters/s
burst_2000_rps • [   0% ] waiting        4m59.2s      

running (0m01.8s), 0001/2500 VUs, 909 complete and 0 interrupted iterations
steady_500_rps   [   1% ] 0001/0500 VUs  0m01.8s/5m0s  500.00 iters/s
burst_2000_rps • [   0% ] waiting        4m58.2s      

running (0m02.8s), 0001/2500 VUs, 1409 complete and 0 interrupted iterations
steady_500_rps   [   1% ] 0001/0500 VUs  0m02.8s/5m0s  500.00 iters/s
burst_2000_rps • [   0% ] waiting        4m57.2s      

running (0m03.8s), 0001/2500 VUs, 1909 complete and 0 interrupted iterations
steady_500_rps   [   1% ] 0001/0500 VUs  0m03.8s/5m0s  500.00 iters/s
burst_2000_rps • [   0% ] waiting        4m56.2s      

running (0m04.8s), 0000/2500 VUs, 2410 complete and 0 interrupted iterations
steady_500_rps   [   2% ] 0000/0500 VUs  0m04.8s/5m0s  500.00 iters/s
burst_2000_rps • [   0% ] waiting        4m55.2s      

running (0m05.8s), 0001/2500 VUs, 2909 complete and 0 interrupted iterations
steady_500_rps   [   2% ] 0001/0500 VUs  0m05.8s/5m0s  500.00 iters/s
burst_2000_rps • [   0% ] waiting        4m54.2s      

running (0m06.8s), 0001/2500 VUs, 3409 complete and 0 interrupted iterations
steady_500_rps   [   2% ] 0001/0500 VUs  0m06.8s/5m0s  500.00 iters/s
burst_2000_rps • [   0% ] waiting        4m53.2s      

running (0m07.8s), 0001/2500 VUs, 3909 complete and 0 interrupted iterations
steady_500_rps   [   3% ] 0001/0500 VUs  0m07.8s/5m0s  500.00 iters/s
burst_2000_rps • [   0% ] waiting        4m52.2s      

running (0m08.8s), 0001/2500 VUs, 4409 complete and 0 interrupted iterations
steady_500_rps   [   3% ] 0001/0500 VUs  0m08.8s/5m0s  500.00 iters/s
burst_2000_rps • [   0% ] waiting        4m51.2s      

running (0m09.8s), 0001/2500 VUs, 4909 complete and 0 interrupted iterations
steady_500_rps   [   3% ] 0001/0500 VUs  0m09.8s/5m0s  500.00 iters/s
burst_2000_rps • [   0% ] waiting        4m50.2s      

running (0m10.8s), 0001/2500 VUs, 5409 complete and 0 interrupted iterations
steady_500_rps   [   4% ] 0001/0500 VUs  0m10.8s/5m0s  500.00 iters/s
burst_2000_rps • [   0% ] waiting        4m49.2s      

running (0m11.8s), 0001/2500 VUs, 5909 complete and 0 interrupted iterations
steady_500_rps   [   4% ] 0001/0500 VUs  0m11.8s/5m0s  500.00 iters/s
burst_2000_rps • [   0% ] waiting        4m48.2s      

running (0m12.8s), 0000/2500 VUs, 6410 complete and 0 interrupted iterations
steady_500_rps   [   4% ] 0000/0500 VUs  0m12.8s/5m0s  500.00 iters/s
burst_2000_rps • [   0% ] waiting        4m47.2s      

running (0m13.8s), 0001/2500 VUs, 6909 complete and 0 interrupted iterations
steady_500_rps   [   5% ] 0001/0500 VUs  0m13.8s/5m0s  500.00 iters/s
burst_2000_rps • [   0% ] waiting        4m46.2s      

running (0m14.8s), 0002/2500 VUs, 7408 complete and 0 interrupted iterations
steady_500_rps   [   5% ] 0001/0500 VUs  0m14.8s/5m0s  500.00 iters/s
burst_2000_rps • [   0% ] waiting        4m45.2s      

running (0m15.8s), 0001/2500 VUs, 7909 complete and 0 interrupted iterations
steady_500_rps   [   5% ] 0001/0500 VUs  0m15.8s/5m0s  500.00 iters/s
burst_2000_rps • [   0% ] waiting        4m44.2s      

running (0m16.8s), 0000/2500 VUs, 8410 complete and 0 interrupted iterations
steady_500_rps   [   6% ] 0000/0500 VUs  0m16.8s/5m0s  500.00 iters/s
burst_2000_rps • [   0% ] waiting        4m43.2s      

running (0m17.8s), 0001/2500 VUs, 8909 complete and 0 interrupted iterations
steady_500_rps   [   6% ] 0001/0500 VUs  0m17.8s/5m0s  500.00 iters/s
burst_2000_rps • [   0% ] waiting        4m42.2s      

running (0m18.8s), 0001/2500 VUs, 9409 complete and 0 interrupted iterations
steady_500_rps   [   6% ] 0001/0500 VUs  0m18.8s/5m0s  500.00 iters/s
burst_2000_rps • [   0% ] waiting        4m41.2s      

running (0m19.8s), 0001/2500 VUs, 9909 complete and 0 interrupted iterations
steady_500_rps   [   7% ] 0001/0500 VUs  0m19.8s/5m0s  500.00 iters/s
burst_2000_rps • [   0% ] waiting        4m40.2s      

running (0m20.8s), 0001/2500 VUs, 10409 complete and 0 interrupted iterations
steady_500_rps   [   7% ] 0001/0500 VUs  0m20.8s/5m0s  500.00 iters/s
burst_2000_rps • [   0% ] waiting        4m39.2s      

running (0m21.8s), 0001/2500 VUs, 10909 complete and 0 interrupted iterations
steady_500_rps   [   7% ] 0001/0500 VUs  0m21.8s/5m0s  500.00 iters/s
burst_2000_rps • [   0% ] waiting        4m38.2s      

running (0m22.8s), 0001/2500 VUs, 11409 complete and 0 interrupted iterations
steady_500_rps   [   8% ] 0001/0500 VUs  0m22.8s/5m0s  500.00 iters/s
burst_2000_rps • [   0% ] waiting        4m37.2s      

running (0m23.8s), 0001/2500 VUs, 11909 complete and 0 interrupted iterations
steady_500_rps   [   8% ] 0001/0500 VUs  0m23.8s/5m0s  500.00 iters/s
burst_2000_rps • [   0% ] waiting        4m36.2s      

running (0m24.8s), 0000/2500 VUs, 12410 complete and 0 interrupted iterations
steady_500_rps   [   8% ] 0000/0500 VUs  0m24.8s/5m0s  500.00 iters/s
burst_2000_rps • [   0% ] waiting        4m35.2s      

running (0m25.8s), 0001/2500 VUs, 12909 complete and 0 interrupted iterations
steady_500_rps   [   9% ] 0001/0500 VUs  0m25.8s/5m0s  500.00 iters/s
burst_2000_rps • [   0% ] waiting        4m34.2s      

running (0m26.8s), 0001/2500 VUs, 13409 complete and 0 interrupted iterations
steady_500_rps   [   9% ] 0001/0500 VUs  0m26.8s/5m0s  500.00 iters/s
burst_2000_rps • [   0% ] waiting        4m33.2s      

running (0m27.8s), 0001/2500 VUs, 13909 complete and 0 interrupted iterations
steady_500_rps   [   9% ] 0001/0500 VUs  0m27.8s/5m0s  500.00 iters/s
burst_2000_rps • [   0% ] waiting        4m32.2s      

running (0m28.8s), 0000/2500 VUs, 14410 complete and 0 interrupted iterations
steady_500_rps   [  10% ] 0000/0500 VUs  0m28.8s/5m0s  500.00 iters/s
burst_2000_rps • [   0% ] waiting        4m31.2s      

running (0m29.8s), 0001/2500 VUs, 14909 complete and 0 interrupted iterations
steady_500_rps   [  10% ] 0001/0500 VUs  0m29.8s/5m0s  500.00 iters/s
burst_2000_rps • [   0% ] waiting        4m30.2s      

running (0m30.8s), 0001/2500 VUs, 15409 complete and 0 interrupted iterations
steady_500_rps   [  10% ] 0001/0500 VUs  0m30.8s/5m0s  500.00 iters/s
burst_2000_rps • [   0% ] waiting        4m29.2s      

running (0m31.8s), 0001/2500 VUs, 15909 complete and 0 interrupted iterations
steady_500_rps   [  11% ] 0001/0500 VUs  0m31.8s/5m0s  500.00 iters/s
burst_2000_rps • [   0% ] waiting        4m28.2s      

running (0m32.8s), 0001/2500 VUs, 16409 complete and 0 interrupted iterations
steady_500_rps   [  11% ] 0001/0500 VUs  0m32.8s/5m0s  500.00 iters/s
burst_2000_rps • [   0% ] waiting        4m27.2s      

running (0m33.8s), 0001/2500 VUs, 16909 complete and 0 interrupted iterations
steady_500_rps   [  11% ] 0001/0500 VUs  0m33.8s/5m0s  500.00 iters/s
burst_2000_rps • [   0% ] waiting        4m26.2s      

running (0m34.8s), 0001/2500 VUs, 17409 complete and 0 interrupted iterations
steady_500_rps   [  12% ] 0001/0500 VUs  0m34.8s/5m0s  500.00 iters/s
burst_2000_rps • [   0% ] waiting        4m25.2s      

running (0m35.8s), 0001/2500 VUs, 17909 complete and 0 interrupted iterations
steady_500_rps   [  12% ] 0001/0500 VUs  0m35.8s/5m0s  500.00 iters/s
burst_2000_rps • [   0% ] waiting        4m24.2s      

running (0m36.8s), 0001/2500 VUs, 18409 complete and 0 interrupted iterations
steady_500_rps   [  12% ] 0001/0500 VUs  0m36.8s/5m0s  500.00 iters/s
burst_2000_rps • [   0% ] waiting        4m23.2s      

running (0m37.8s), 0001/2500 VUs, 18909 complete and 0 interrupted iterations
steady_500_rps   [  13% ] 0001/0500 VUs  0m37.8s/5m0s  500.00 iters/s
burst_2000_rps • [   0% ] waiting        4m22.2s      

running (0m38.8s), 0001/2500 VUs, 19409 complete and 0 interrupted iterations
steady_500_rps   [  13% ] 0001/0500 VUs  0m38.8s/5m0s  500.00 iters/s
burst_2000_rps • [   0% ] waiting        4m21.2s      

running (0m39.8s), 0001/2500 VUs, 19909 complete and 0 interrupted iterations
steady_500_rps   [  13% ] 0001/0500 VUs  0m39.8s/5m0s  500.00 iters/s
burst_2000_rps • [   0% ] waiting        4m20.2s      

running (0m40.8s), 0001/2500 VUs, 20409 complete and 0 interrupted iterations
steady_500_rps   [  14% ] 0001/0500 VUs  0m40.8s/5m0s  500.00 iters/s
burst_2000_rps • [   0% ] waiting        4m19.2s      

running (0m41.8s), 0001/2500 VUs, 20909 complete and 0 interrupted iterations
steady_500_rps   [  14% ] 0001/0500 VUs  0m41.8s/5m0s  500.00 iters/s
burst_2000_rps • [   0% ] waiting        4m18.2s      

running (0m42.8s), 0001/2500 VUs, 21409 complete and 0 interrupted iterations
steady_500_rps   [  14% ] 0001/0500 VUs  0m42.8s/5m0s  500.00 iters/s
burst_2000_rps • [   0% ] waiting        4m17.2s      

running (0m43.8s), 0001/2500 VUs, 21909 complete and 0 interrupted iterations
steady_500_rps   [  15% ] 0001/0500 VUs  0m43.8s/5m0s  500.00 iters/s
burst_2000_rps • [   0% ] waiting        4m16.2s      

running (0m44.8s), 0000/2500 VUs, 22410 complete and 0 interrupted iterations
steady_500_rps   [  15% ] 0000/0500 VUs  0m44.8s/5m0s  500.00 iters/s
burst_2000_rps • [   0% ] waiting        4m15.2s      

running (0m45.8s), 0001/2500 VUs, 22909 complete and 0 interrupted iterations
steady_500_rps   [  15% ] 0001/0500 VUs  0m45.8s/5m0s  500.00 iters/s
burst_2000_rps • [   0% ] waiting        4m14.2s      

running (0m46.8s), 0001/2500 VUs, 23409 complete and 0 interrupted iterations
steady_500_rps   [  16% ] 0001/0500 VUs  0m46.8s/5m0s  500.00 iters/s
burst_2000_rps • [   0% ] waiting        4m13.2s      

running (0m47.8s), 0001/2500 VUs, 23909 complete and 0 interrupted iterations
steady_500_rps   [  16% ] 0001/0500 VUs  0m47.8s/5m0s  500.00 iters/s
burst_2000_rps • [   0% ] waiting        4m12.2s      

running (0m48.8s), 0000/2500 VUs, 24410 complete and 0 interrupted iterations
steady_500_rps   [  16% ] 0000/0500 VUs  0m48.8s/5m0s  500.00 iters/s
burst_2000_rps • [   0% ] waiting        4m11.2s      

running (0m49.8s), 0001/2500 VUs, 24909 complete and 0 interrupted iterations
steady_500_rps   [  17% ] 0001/0500 VUs  0m49.8s/5m0s  500.00 iters/s
burst_2000_rps • [   0% ] waiting        4m10.2s      

running (0m50.8s), 0001/2500 VUs, 25409 complete and 0 interrupted iterations
steady_500_rps   [  17% ] 0001/0500 VUs  0m50.8s/5m0s  500.00 iters/s
burst_2000_rps • [   0% ] waiting        4m09.2s      

running (0m51.8s), 0001/2500 VUs, 25909 complete and 0 interrupted iterations
steady_500_rps   [  17% ] 0000/0500 VUs  0m51.8s/5m0s  500.00 iters/s
burst_2000_rps • [   0% ] waiting        4m08.2s      

running (0m52.8s), 0000/2500 VUs, 26410 complete and 0 interrupted iterations
steady_500_rps   [  18% ] 0000/0500 VUs  0m52.8s/5m0s  500.00 iters/s
burst_2000_rps • [   0% ] waiting        4m07.2s      

running (0m53.8s), 0001/2500 VUs, 26909 complete and 0 interrupted iterations
steady_500_rps   [  18% ] 0001/0500 VUs  0m53.8s/5m0s  500.00 iters/s
burst_2000_rps • [   0% ] waiting        4m06.2s      

running (0m54.8s), 0001/2500 VUs, 27409 complete and 0 interrupted iterations
steady_500_rps   [  18% ] 0001/0500 VUs  0m54.8s/5m0s  500.00 iters/s
burst_2000_rps • [   0% ] waiting        4m05.2s      

running (0m55.8s), 0001/2500 VUs, 27909 complete and 0 interrupted iterations
steady_500_rps   [  19% ] 0001/0500 VUs  0m55.8s/5m0s  500.00 iters/s
burst_2000_rps • [   0% ] waiting        4m04.2s      

running (0m56.8s), 0001/2500 VUs, 28409 complete and 0 interrupted iterations
steady_500_rps   [  19% ] 0001/0500 VUs  0m56.8s/5m0s  500.00 iters/s
burst_2000_rps • [   0% ] waiting        4m03.2s      

running (0m57.8s), 0001/2500 VUs, 28909 complete and 0 interrupted iterations
steady_500_rps   [  19% ] 0001/0500 VUs  0m57.8s/5m0s  500.00 iters/s
burst_2000_rps • [   0% ] waiting        4m02.2s      

running (0m58.8s), 0001/2500 VUs, 29409 complete and 0 interrupted iterations
steady_500_rps   [  20% ] 0001/0500 VUs  0m58.8s/5m0s  500.00 iters/s
burst_2000_rps • [   0% ] waiting        4m01.2s      

running (0m59.8s), 0001/2500 VUs, 29909 complete and 0 interrupted iterations
steady_500_rps   [  20% ] 0001/0500 VUs  0m59.8s/5m0s  500.00 iters/s
burst_2000_rps • [   0% ] waiting        4m00.2s      

running (1m00.8s), 0001/2500 VUs, 30409 complete and 0 interrupted iterations
steady_500_rps   [  20% ] 0001/0500 VUs  1m00.8s/5m0s  500.00 iters/s
burst_2000_rps • [   0% ] waiting        3m59.2s      

running (1m01.8s), 0001/2500 VUs, 30909 complete and 0 interrupted iterations
steady_500_rps   [  21% ] 0001/0500 VUs  1m01.8s/5m0s  500.00 iters/s
burst_2000_rps • [   0% ] waiting        3m58.2s      

running (1m02.8s), 0001/2500 VUs, 31409 complete and 0 interrupted iterations
steady_500_rps   [  21% ] 0001/0500 VUs  1m02.8s/5m0s  500.00 iters/s
burst_2000_rps • [   0% ] waiting        3m57.2s      

running (1m03.8s), 0001/2500 VUs, 31909 complete and 0 interrupted iterations
steady_500_rps   [  21% ] 0001/0500 VUs  1m03.8s/5m0s  500.00 iters/s
burst_2000_rps • [   0% ] waiting        3m56.2s      

running (1m04.8s), 0001/2500 VUs, 32409 complete and 0 interrupted iterations
steady_500_rps   [  22% ] 0001/0500 VUs  1m04.8s/5m0s  500.00 iters/s
burst_2000_rps • [   0% ] waiting        3m55.2s      

running (1m05.8s), 0001/2500 VUs, 32909 complete and 0 interrupted iterations
steady_500_rps   [  22% ] 0001/0500 VUs  1m05.8s/5m0s  500.00 iters/s
burst_2000_rps • [   0% ] waiting        3m54.2s      

running (1m06.8s), 0001/2500 VUs, 33409 complete and 0 interrupted iterations
steady_500_rps   [  22% ] 0001/0500 VUs  1m06.8s/5m0s  500.00 iters/s
burst_2000_rps • [   0% ] waiting        3m53.2s      

running (1m07.8s), 0001/2500 VUs, 33909 complete and 0 interrupted iterations
steady_500_rps   [  23% ] 0001/0500 VUs  1m07.8s/5m0s  500.00 iters/s
burst_2000_rps • [   0% ] waiting        3m52.2s      

running (1m08.8s), 0000/2500 VUs, 34410 complete and 0 interrupted iterations
steady_500_rps   [  23% ] 0000/0500 VUs  1m08.8s/5m0s  500.00 iters/s
burst_2000_rps • [   0% ] waiting        3m51.2s      

running (1m09.8s), 0000/2500 VUs, 34910 complete and 0 interrupted iterations
steady_500_rps   [  23% ] 0000/0500 VUs  1m09.8s/5m0s  500.00 iters/s
burst_2000_rps • [   0% ] waiting        3m50.2s      

running (1m10.8s), 0001/2500 VUs, 35409 complete and 0 interrupted iterations
steady_500_rps   [  24% ] 0001/0500 VUs  1m10.8s/5m0s  500.00 iters/s
burst_2000_rps • [   0% ] waiting        3m49.2s      

running (1m11.8s), 0000/2500 VUs, 35910 complete and 0 interrupted iterations
steady_500_rps   [  24% ] 0000/0500 VUs  1m11.8s/5m0s  500.00 iters/s
burst_2000_rps • [   0% ] waiting        3m48.2s      

running (1m12.8s), 0001/2500 VUs, 36409 complete and 0 interrupted iterations
steady_500_rps   [  24% ] 0001/0500 VUs  1m12.8s/5m0s  500.00 iters/s
burst_2000_rps • [   0% ] waiting        3m47.2s      

running (1m13.8s), 0000/2500 VUs, 36910 complete and 0 interrupted iterations
steady_500_rps   [  25% ] 0000/0500 VUs  1m13.8s/5m0s  500.00 iters/s
burst_2000_rps • [   0% ] waiting        3m46.2s      

running (1m14.8s), 0001/2500 VUs, 37409 complete and 0 interrupted iterations
steady_500_rps   [  25% ] 0001/0500 VUs  1m14.8s/5m0s  500.00 iters/s
burst_2000_rps • [   0% ] waiting        3m45.2s      

running (1m15.8s), 0003/2500 VUs, 37907 complete and 0 interrupted iterations
steady_500_rps   [  25% ] 0003/0500 VUs  1m15.8s/5m0s  500.00 iters/s
burst_2000_rps • [   0% ] waiting        3m44.2s      

running (1m16.8s), 0001/2500 VUs, 38409 complete and 0 interrupted iterations
steady_500_rps   [  26% ] 0001/0500 VUs  1m16.8s/5m0s  500.00 iters/s
burst_2000_rps • [   0% ] waiting        3m43.2s      

running (1m17.8s), 0001/2500 VUs, 38909 complete and 0 interrupted iterations
steady_500_rps   [  26% ] 0001/0500 VUs  1m17.8s/5m0s  500.00 iters/s
burst_2000_rps • [   0% ] waiting        3m42.2s      

running (1m18.8s), 0001/2500 VUs, 39409 complete and 0 interrupted iterations
steady_500_rps   [  26% ] 0001/0500 VUs  1m18.8s/5m0s  500.00 iters/s
burst_2000_rps • [   0% ] waiting        3m41.2s      

running (1m19.8s), 0001/2500 VUs, 39909 complete and 0 interrupted iterations
steady_500_rps   [  27% ] 0001/0500 VUs  1m19.8s/5m0s  500.00 iters/s
burst_2000_rps • [   0% ] waiting        3m40.2s      

running (1m20.8s), 0001/2500 VUs, 40409 complete and 0 interrupted iterations
steady_500_rps   [  27% ] 0001/0500 VUs  1m20.8s/5m0s  500.00 iters/s
burst_2000_rps • [   0% ] waiting        3m39.2s      

running (1m21.8s), 0001/2500 VUs, 40909 complete and 0 interrupted iterations
steady_500_rps   [  27% ] 0001/0500 VUs  1m21.8s/5m0s  500.00 iters/s
burst_2000_rps • [   0% ] waiting        3m38.2s      

running (1m22.8s), 0001/2500 VUs, 41409 complete and 0 interrupted iterations
steady_500_rps   [  28% ] 0001/0500 VUs  1m22.8s/5m0s  500.00 iters/s
burst_2000_rps • [   0% ] waiting        3m37.2s      

running (1m23.8s), 0001/2500 VUs, 41909 complete and 0 interrupted iterations
steady_500_rps   [  28% ] 0001/0500 VUs  1m23.8s/5m0s  500.00 iters/s
burst_2000_rps • [   0% ] waiting        3m36.2s      

running (1m24.8s), 0001/2500 VUs, 42409 complete and 0 interrupted iterations
steady_500_rps   [  28% ] 0001/0500 VUs  1m24.8s/5m0s  500.00 iters/s
burst_2000_rps • [   0% ] waiting        3m35.2s      

running (1m25.8s), 0001/2500 VUs, 42909 complete and 0 interrupted iterations
steady_500_rps   [  29% ] 0001/0500 VUs  1m25.8s/5m0s  500.00 iters/s
burst_2000_rps • [   0% ] waiting        3m34.2s      

running (1m26.8s), 0001/2500 VUs, 43409 complete and 0 interrupted iterations
steady_500_rps   [  29% ] 0001/0500 VUs  1m26.8s/5m0s  500.00 iters/s
burst_2000_rps • [   0% ] waiting        3m33.2s      

running (1m27.8s), 0001/2500 VUs, 43909 complete and 0 interrupted iterations
steady_500_rps   [  29% ] 0001/0500 VUs  1m27.8s/5m0s  500.00 iters/s
burst_2000_rps • [   0% ] waiting        3m32.2s      

running (1m28.8s), 0001/2500 VUs, 44409 complete and 0 interrupted iterations
steady_500_rps   [  30% ] 0001/0500 VUs  1m28.8s/5m0s  500.00 iters/s
burst_2000_rps • [   0% ] waiting        3m31.2s      

running (1m29.8s), 0001/2500 VUs, 44909 complete and 0 interrupted iterations
steady_500_rps   [  30% ] 0001/0500 VUs  1m29.8s/5m0s  500.00 iters/s
burst_2000_rps • [   0% ] waiting        3m30.2s      

running (1m30.8s), 0001/2500 VUs, 45409 complete and 0 interrupted iterations
steady_500_rps   [  30% ] 0001/0500 VUs  1m30.8s/5m0s  500.00 iters/s
burst_2000_rps • [   0% ] waiting        3m29.2s      

running (1m31.8s), 0000/2500 VUs, 45910 complete and 0 interrupted iterations
steady_500_rps   [  31% ] 0000/0500 VUs  1m31.8s/5m0s  500.00 iters/s
burst_2000_rps • [   0% ] waiting        3m28.2s      

running (1m32.8s), 0001/2500 VUs, 46409 complete and 0 interrupted iterations
steady_500_rps   [  31% ] 0001/0500 VUs  1m32.8s/5m0s  500.00 iters/s
burst_2000_rps • [   0% ] waiting        3m27.2s      

running (1m33.8s), 0001/2500 VUs, 46909 complete and 0 interrupted iterations
steady_500_rps   [  31% ] 0001/0500 VUs  1m33.8s/5m0s  500.00 iters/s
burst_2000_rps • [   0% ] waiting        3m26.2s      

running (1m34.8s), 0001/2500 VUs, 47409 complete and 0 interrupted iterations
steady_500_rps   [  32% ] 0001/0500 VUs  1m34.8s/5m0s  500.00 iters/s
burst_2000_rps • [   0% ] waiting        3m25.2s      

running (1m35.8s), 0001/2500 VUs, 47909 complete and 0 interrupted iterations
steady_500_rps   [  32% ] 0001/0500 VUs  1m35.8s/5m0s  500.00 iters/s
burst_2000_rps • [   0% ] waiting        3m24.2s      

running (1m36.8s), 0000/2500 VUs, 48410 complete and 0 interrupted iterations
steady_500_rps   [  32% ] 0000/0500 VUs  1m36.8s/5m0s  500.00 iters/s
burst_2000_rps • [   0% ] waiting        3m23.2s      

running (1m37.8s), 0027/2500 VUs, 48880 complete and 0 interrupted iterations
steady_500_rps   [  33% ] 0027/0500 VUs  1m37.8s/5m0s  500.00 iters/s
burst_2000_rps • [   0% ] waiting        3m22.2s      

running (1m38.8s), 0001/2500 VUs, 49409 complete and 0 interrupted iterations
steady_500_rps   [  33% ] 0001/0500 VUs  1m38.8s/5m0s  500.00 iters/s
burst_2000_rps • [   0% ] waiting        3m21.2s      

running (1m39.8s), 0001/2500 VUs, 49909 complete and 0 interrupted iterations
steady_500_rps   [  33% ] 0001/0500 VUs  1m39.8s/5m0s  500.00 iters/s
burst_2000_rps • [   0% ] waiting        3m20.2s      

running (1m40.8s), 0001/2500 VUs, 50409 complete and 0 interrupted iterations
steady_500_rps   [  34% ] 0001/0500 VUs  1m40.8s/5m0s  500.00 iters/s
burst_2000_rps • [   0% ] waiting        3m19.2s      

running (1m41.8s), 0000/2500 VUs, 50910 complete and 0 interrupted iterations
steady_500_rps   [  34% ] 0000/0500 VUs  1m41.8s/5m0s  500.00 iters/s
burst_2000_rps • [   0% ] waiting        3m18.2s      

running (1m42.8s), 0001/2500 VUs, 51409 complete and 0 interrupted iterations
steady_500_rps   [  34% ] 0001/0500 VUs  1m42.8s/5m0s  500.00 iters/s
burst_2000_rps • [   0% ] waiting        3m17.2s      

running (1m43.8s), 0001/2500 VUs, 51909 complete and 0 interrupted iterations
steady_500_rps   [  35% ] 0001/0500 VUs  1m43.8s/5m0s  500.00 iters/s
burst_2000_rps • [   0% ] waiting        3m16.2s      

running (1m44.8s), 0006/2500 VUs, 52404 complete and 0 interrupted iterations
steady_500_rps   [  35% ] 0006/0500 VUs  1m44.8s/5m0s  500.00 iters/s
burst_2000_rps • [   0% ] waiting        3m15.2s      

running (1m45.8s), 0012/2500 VUs, 52901 complete and 0 interrupted iterations
steady_500_rps   [  35% ] 0012/0500 VUs  1m45.8s/5m0s  500.00 iters/s
burst_2000_rps • [   0% ] waiting        3m14.2s      

running (1m46.8s), 0231/2500 VUs, 53179 complete and 0 interrupted iterations
steady_500_rps   [  36% ] 0234/0500 VUs  1m46.8s/5m0s  500.00 iters/s
burst_2000_rps • [   0% ] waiting        3m13.2s      

running (1m47.8s), 0003/2500 VUs, 53907 complete and 0 interrupted iterations
steady_500_rps   [  36% ] 0003/0500 VUs  1m47.8s/5m0s  500.00 iters/s
burst_2000_rps • [   0% ] waiting        3m12.2s      

running (1m48.8s), 0000/2500 VUs, 54410 complete and 0 interrupted iterations
steady_500_rps   [  36% ] 0000/0500 VUs  1m48.8s/5m0s  500.00 iters/s
burst_2000_rps • [   0% ] waiting        3m11.2s      

running (1m49.8s), 0002/2500 VUs, 54908 complete and 0 interrupted iterations
steady_500_rps   [  37% ] 0002/0500 VUs  1m49.8s/5m0s  500.00 iters/s
burst_2000_rps • [   0% ] waiting        3m10.2s      

running (1m50.8s), 0001/2500 VUs, 55409 complete and 0 interrupted iterations
steady_500_rps   [  37% ] 0001/0500 VUs  1m50.8s/5m0s  500.00 iters/s
burst_2000_rps • [   0% ] waiting        3m09.2s      

running (1m51.8s), 0004/2500 VUs, 55906 complete and 0 interrupted iterations
steady_500_rps   [  37% ] 0004/0500 VUs  1m51.8s/5m0s  500.00 iters/s
burst_2000_rps • [   0% ] waiting        3m08.2s      

running (1m52.8s), 0001/2500 VUs, 56409 complete and 0 interrupted iterations
steady_500_rps   [  38% ] 0001/0500 VUs  1m52.8s/5m0s  500.00 iters/s
burst_2000_rps • [   0% ] waiting        3m07.2s      

running (1m53.8s), 0000/2500 VUs, 56910 complete and 0 interrupted iterations
steady_500_rps   [  38% ] 0000/0500 VUs  1m53.8s/5m0s  500.00 iters/s
burst_2000_rps • [   0% ] waiting        3m06.2s      

running (1m54.8s), 0001/2500 VUs, 57409 complete and 0 interrupted iterations
steady_500_rps   [  38% ] 0001/0500 VUs  1m54.8s/5m0s  500.00 iters/s
burst_2000_rps • [   0% ] waiting        3m05.2s      

running (1m55.8s), 0001/2500 VUs, 57909 complete and 0 interrupted iterations
steady_500_rps   [  39% ] 0001/0500 VUs  1m55.8s/5m0s  500.00 iters/s
burst_2000_rps • [   0% ] waiting        3m04.2s      

running (1m56.8s), 0001/2500 VUs, 58409 complete and 0 interrupted iterations
steady_500_rps   [  39% ] 0001/0500 VUs  1m56.8s/5m0s  500.00 iters/s
burst_2000_rps • [   0% ] waiting        3m03.2s      

running (1m57.8s), 0000/2500 VUs, 58910 complete and 0 interrupted iterations
steady_500_rps   [  39% ] 0000/0500 VUs  1m57.8s/5m0s  500.00 iters/s
burst_2000_rps • [   0% ] waiting        3m02.2s      

running (1m58.8s), 0001/2500 VUs, 59409 complete and 0 interrupted iterations
steady_500_rps   [  40% ] 0001/0500 VUs  1m58.8s/5m0s  500.00 iters/s
burst_2000_rps • [   0% ] waiting        3m01.2s      

running (1m59.8s), 0000/2500 VUs, 59910 complete and 0 interrupted iterations
steady_500_rps   [  40% ] 0000/0500 VUs  1m59.8s/5m0s  500.00 iters/s
burst_2000_rps • [   0% ] waiting        3m00.2s      

running (2m00.8s), 0001/2500 VUs, 60409 complete and 0 interrupted iterations
steady_500_rps   [  40% ] 0001/0500 VUs  2m00.8s/5m0s  500.00 iters/s
burst_2000_rps • [   0% ] waiting        2m59.2s      

running (2m01.8s), 0001/2500 VUs, 60909 complete and 0 interrupted iterations
steady_500_rps   [  41% ] 0001/0500 VUs  2m01.8s/5m0s  500.00 iters/s
burst_2000_rps • [   0% ] waiting        2m58.2s      

running (2m02.8s), 0001/2500 VUs, 61409 complete and 0 interrupted iterations
steady_500_rps   [  41% ] 0001/0500 VUs  2m02.8s/5m0s  500.00 iters/s
burst_2000_rps • [   0% ] waiting        2m57.2s      

running (2m03.8s), 0001/2500 VUs, 61909 complete and 0 interrupted iterations
steady_500_rps   [  41% ] 0001/0500 VUs  2m03.8s/5m0s  500.00 iters/s
burst_2000_rps • [   0% ] waiting        2m56.2s      

running (2m04.8s), 0001/2500 VUs, 62409 complete and 0 interrupted iterations
steady_500_rps   [  42% ] 0001/0500 VUs  2m04.8s/5m0s  500.00 iters/s
burst_2000_rps • [   0% ] waiting        2m55.2s      

running (2m05.8s), 0000/2500 VUs, 62910 complete and 0 interrupted iterations
steady_500_rps   [  42% ] 0000/0500 VUs  2m05.8s/5m0s  500.00 iters/s
burst_2000_rps • [   0% ] waiting        2m54.2s      

running (2m06.8s), 0001/2500 VUs, 63409 complete and 0 interrupted iterations
steady_500_rps   [  42% ] 0001/0500 VUs  2m06.8s/5m0s  500.00 iters/s
burst_2000_rps • [   0% ] waiting        2m53.2s      

running (2m07.8s), 0001/2500 VUs, 63909 complete and 0 interrupted iterations
steady_500_rps   [  43% ] 0001/0500 VUs  2m07.8s/5m0s  500.00 iters/s
burst_2000_rps • [   0% ] waiting        2m52.2s      

running (2m08.8s), 0001/2500 VUs, 64409 complete and 0 interrupted iterations
steady_500_rps   [  43% ] 0001/0500 VUs  2m08.8s/5m0s  500.00 iters/s
burst_2000_rps • [   0% ] waiting        2m51.2s      

running (2m09.8s), 0001/2500 VUs, 64909 complete and 0 interrupted iterations
steady_500_rps   [  43% ] 0001/0500 VUs  2m09.8s/5m0s  500.00 iters/s
burst_2000_rps • [   0% ] waiting        2m50.2s      

running (2m10.8s), 0002/2500 VUs, 65408 complete and 0 interrupted iterations
steady_500_rps   [  44% ] 0002/0500 VUs  2m10.8s/5m0s  500.00 iters/s
burst_2000_rps • [   0% ] waiting        2m49.2s      

running (2m11.8s), 0001/2500 VUs, 65909 complete and 0 interrupted iterations
steady_500_rps   [  44% ] 0001/0500 VUs  2m11.8s/5m0s  500.00 iters/s
burst_2000_rps • [   0% ] waiting        2m48.2s      

running (2m12.8s), 0000/2500 VUs, 66410 complete and 0 interrupted iterations
steady_500_rps   [  44% ] 0000/0500 VUs  2m12.8s/5m0s  500.00 iters/s
burst_2000_rps • [   0% ] waiting        2m47.2s      

running (2m13.8s), 0001/2500 VUs, 66909 complete and 0 interrupted iterations
steady_500_rps   [  45% ] 0001/0500 VUs  2m13.8s/5m0s  500.00 iters/s
burst_2000_rps • [   0% ] waiting        2m46.2s      

running (2m14.8s), 0001/2500 VUs, 67409 complete and 0 interrupted iterations
steady_500_rps   [  45% ] 0001/0500 VUs  2m14.8s/5m0s  500.00 iters/s
burst_2000_rps • [   0% ] waiting        2m45.2s      

running (2m15.8s), 0001/2500 VUs, 67909 complete and 0 interrupted iterations
steady_500_rps   [  45% ] 0001/0500 VUs  2m15.8s/5m0s  500.00 iters/s
burst_2000_rps • [   0% ] waiting        2m44.2s      

running (2m16.8s), 0001/2500 VUs, 68409 complete and 0 interrupted iterations
steady_500_rps   [  46% ] 0000/0500 VUs  2m16.8s/5m0s  500.00 iters/s
burst_2000_rps • [   0% ] waiting        2m43.2s      

running (2m17.8s), 0001/2500 VUs, 68908 complete and 0 interrupted iterations
steady_500_rps   [  46% ] 0002/0500 VUs  2m17.8s/5m0s  500.00 iters/s
burst_2000_rps • [   0% ] waiting        2m42.2s      

running (2m18.8s), 0001/2500 VUs, 69409 complete and 0 interrupted iterations
steady_500_rps   [  46% ] 0001/0500 VUs  2m18.8s/5m0s  500.00 iters/s
burst_2000_rps • [   0% ] waiting        2m41.2s      

running (2m19.8s), 0001/2500 VUs, 69909 complete and 0 interrupted iterations
steady_500_rps   [  47% ] 0001/0500 VUs  2m19.8s/5m0s  500.00 iters/s
burst_2000_rps • [   0% ] waiting        2m40.2s      

running (2m20.8s), 0001/2500 VUs, 70409 complete and 0 interrupted iterations
steady_500_rps   [  47% ] 0001/0500 VUs  2m20.8s/5m0s  500.00 iters/s
burst_2000_rps • [   0% ] waiting        2m39.2s      

running (2m21.8s), 0001/2500 VUs, 70909 complete and 0 interrupted iterations
steady_500_rps   [  47% ] 0001/0500 VUs  2m21.8s/5m0s  500.00 iters/s
burst_2000_rps • [   0% ] waiting        2m38.2s      

running (2m22.8s), 0000/2500 VUs, 71410 complete and 0 interrupted iterations
steady_500_rps   [  48% ] 0000/0500 VUs  2m22.8s/5m0s  500.00 iters/s
burst_2000_rps • [   0% ] waiting        2m37.2s      

running (2m23.8s), 0001/2500 VUs, 71909 complete and 0 interrupted iterations
steady_500_rps   [  48% ] 0001/0500 VUs  2m23.8s/5m0s  500.00 iters/s
burst_2000_rps • [   0% ] waiting        2m36.2s      

running (2m24.8s), 0001/2500 VUs, 72409 complete and 0 interrupted iterations
steady_500_rps   [  48% ] 0001/0500 VUs  2m24.8s/5m0s  500.00 iters/s
burst_2000_rps • [   0% ] waiting        2m35.2s      

running (2m25.8s), 0001/2500 VUs, 72909 complete and 0 interrupted iterations
steady_500_rps   [  49% ] 0001/0500 VUs  2m25.8s/5m0s  500.00 iters/s
burst_2000_rps • [   0% ] waiting        2m34.2s      

running (2m26.8s), 0001/2500 VUs, 73409 complete and 0 interrupted iterations
steady_500_rps   [  49% ] 0001/0500 VUs  2m26.8s/5m0s  500.00 iters/s
burst_2000_rps • [   0% ] waiting        2m33.2s      

running (2m27.8s), 0000/2500 VUs, 73910 complete and 0 interrupted iterations
steady_500_rps   [  49% ] 0000/0500 VUs  2m27.8s/5m0s  500.00 iters/s
burst_2000_rps • [   0% ] waiting        2m32.2s      

running (2m28.8s), 0000/2500 VUs, 74410 complete and 0 interrupted iterations
steady_500_rps   [  50% ] 0000/0500 VUs  2m28.8s/5m0s  500.00 iters/s
burst_2000_rps • [   0% ] waiting        2m31.2s      

running (2m29.8s), 0001/2500 VUs, 74909 complete and 0 interrupted iterations
steady_500_rps   [  50% ] 0001/0500 VUs  2m29.8s/5m0s  500.00 iters/s
burst_2000_rps • [   0% ] waiting        2m30.2s      

running (2m30.8s), 0002/2500 VUs, 75408 complete and 0 interrupted iterations
steady_500_rps   [  50% ] 0002/0500 VUs  2m30.8s/5m0s  500.00 iters/s
burst_2000_rps • [   0% ] waiting        2m29.2s      

running (2m31.8s), 0001/2500 VUs, 75909 complete and 0 interrupted iterations
steady_500_rps   [  51% ] 0001/0500 VUs  2m31.8s/5m0s  500.00 iters/s
burst_2000_rps • [   0% ] waiting        2m28.2s      

running (2m32.8s), 0001/2500 VUs, 76409 complete and 0 interrupted iterations
steady_500_rps   [  51% ] 0001/0500 VUs  2m32.8s/5m0s  500.00 iters/s
burst_2000_rps • [   0% ] waiting        2m27.2s      

running (2m33.8s), 0001/2500 VUs, 76909 complete and 0 interrupted iterations
steady_500_rps   [  51% ] 0001/0500 VUs  2m33.8s/5m0s  500.00 iters/s
burst_2000_rps • [   0% ] waiting        2m26.2s      

running (2m34.8s), 0001/2500 VUs, 77409 complete and 0 interrupted iterations
steady_500_rps   [  52% ] 0001/0500 VUs  2m34.8s/5m0s  500.00 iters/s
burst_2000_rps • [   0% ] waiting        2m25.2s      

running (2m35.8s), 0001/2500 VUs, 77909 complete and 0 interrupted iterations
steady_500_rps   [  52% ] 0001/0500 VUs  2m35.8s/5m0s  500.00 iters/s
burst_2000_rps • [   0% ] waiting        2m24.2s      

running (2m36.8s), 0001/2500 VUs, 78409 complete and 0 interrupted iterations
steady_500_rps   [  52% ] 0000/0500 VUs  2m36.8s/5m0s  500.00 iters/s
burst_2000_rps • [   0% ] waiting        2m23.2s      

running (2m37.8s), 0001/2500 VUs, 78909 complete and 0 interrupted iterations
steady_500_rps   [  53% ] 0001/0500 VUs  2m37.8s/5m0s  500.00 iters/s
burst_2000_rps • [   0% ] waiting        2m22.2s      

running (2m38.8s), 0001/2500 VUs, 79409 complete and 0 interrupted iterations
steady_500_rps   [  53% ] 0001/0500 VUs  2m38.8s/5m0s  500.00 iters/s
burst_2000_rps • [   0% ] waiting        2m21.2s      

running (2m39.8s), 0001/2500 VUs, 79909 complete and 0 interrupted iterations
steady_500_rps   [  53% ] 0001/0500 VUs  2m39.8s/5m0s  500.00 iters/s
burst_2000_rps • [   0% ] waiting        2m20.2s      

running (2m40.8s), 0001/2500 VUs, 80409 complete and 0 interrupted iterations
steady_500_rps   [  54% ] 0001/0500 VUs  2m40.8s/5m0s  500.00 iters/s
burst_2000_rps • [   0% ] waiting        2m19.2s      

running (2m41.8s), 0001/2500 VUs, 80909 complete and 0 interrupted iterations
steady_500_rps   [  54% ] 0001/0500 VUs  2m41.8s/5m0s  500.00 iters/s
burst_2000_rps • [   0% ] waiting        2m18.2s      

running (2m42.8s), 0001/2500 VUs, 81409 complete and 0 interrupted iterations
steady_500_rps   [  54% ] 0001/0500 VUs  2m42.8s/5m0s  500.00 iters/s
burst_2000_rps • [   0% ] waiting        2m17.2s      

running (2m43.8s), 0001/2500 VUs, 81909 complete and 0 interrupted iterations
steady_500_rps   [  55% ] 0001/0500 VUs  2m43.8s/5m0s  500.00 iters/s
burst_2000_rps • [   0% ] waiting        2m16.2s      

running (2m44.8s), 0000/2500 VUs, 82410 complete and 0 interrupted iterations
steady_500_rps   [  55% ] 0000/0500 VUs  2m44.8s/5m0s  500.00 iters/s
burst_2000_rps • [   0% ] waiting        2m15.2s      

running (2m45.8s), 0001/2500 VUs, 82909 complete and 0 interrupted iterations
steady_500_rps   [  55% ] 0001/0500 VUs  2m45.8s/5m0s  500.00 iters/s
burst_2000_rps • [   0% ] waiting        2m14.2s      

running (2m46.8s), 0001/2500 VUs, 83409 complete and 0 interrupted iterations
steady_500_rps   [  56% ] 0001/0500 VUs  2m46.8s/5m0s  500.00 iters/s
burst_2000_rps • [   0% ] waiting        2m13.2s      

running (2m47.8s), 0001/2500 VUs, 83909 complete and 0 interrupted iterations
steady_500_rps   [  56% ] 0001/0500 VUs  2m47.8s/5m0s  500.00 iters/s
burst_2000_rps • [   0% ] waiting        2m12.2s      

running (2m48.8s), 0000/2500 VUs, 84410 complete and 0 interrupted iterations
steady_500_rps   [  56% ] 0000/0500 VUs  2m48.8s/5m0s  500.00 iters/s
burst_2000_rps • [   0% ] waiting        2m11.2s      

running (2m49.8s), 0000/2500 VUs, 84910 complete and 0 interrupted iterations
steady_500_rps   [  57% ] 0000/0500 VUs  2m49.8s/5m0s  500.00 iters/s
burst_2000_rps • [   0% ] waiting        2m10.2s      

running (2m50.8s), 0001/2500 VUs, 85409 complete and 0 interrupted iterations
steady_500_rps   [  57% ] 0001/0500 VUs  2m50.8s/5m0s  500.00 iters/s
burst_2000_rps • [   0% ] waiting        2m09.2s      

running (2m51.8s), 0001/2500 VUs, 85909 complete and 0 interrupted iterations
steady_500_rps   [  57% ] 0001/0500 VUs  2m51.8s/5m0s  500.00 iters/s
burst_2000_rps • [   0% ] waiting        2m08.2s      

running (2m52.8s), 0000/2500 VUs, 86410 complete and 0 interrupted iterations
steady_500_rps   [  58% ] 0000/0500 VUs  2m52.8s/5m0s  500.00 iters/s
burst_2000_rps • [   0% ] waiting        2m07.2s      

running (2m53.8s), 0001/2500 VUs, 86909 complete and 0 interrupted iterations
steady_500_rps   [  58% ] 0001/0500 VUs  2m53.8s/5m0s  500.00 iters/s
burst_2000_rps • [   0% ] waiting        2m06.2s      

running (2m54.8s), 0001/2500 VUs, 87409 complete and 0 interrupted iterations
steady_500_rps   [  58% ] 0000/0500 VUs  2m54.8s/5m0s  500.00 iters/s
burst_2000_rps • [   0% ] waiting        2m05.2s      

running (2m55.8s), 0001/2500 VUs, 87909 complete and 0 interrupted iterations
steady_500_rps   [  59% ] 0001/0500 VUs  2m55.8s/5m0s  500.00 iters/s
burst_2000_rps • [   0% ] waiting        2m04.2s      

running (2m56.8s), 0018/2500 VUs, 88392 complete and 0 interrupted iterations
steady_500_rps   [  59% ] 0019/0500 VUs  2m56.8s/5m0s  500.00 iters/s
burst_2000_rps • [   0% ] waiting        2m03.2s      

running (2m57.8s), 0001/2500 VUs, 88909 complete and 0 interrupted iterations
steady_500_rps   [  59% ] 0001/0500 VUs  2m57.8s/5m0s  500.00 iters/s
burst_2000_rps • [   0% ] waiting        2m02.2s      

running (2m58.8s), 0001/2500 VUs, 89409 complete and 0 interrupted iterations
steady_500_rps   [  60% ] 0001/0500 VUs  2m58.8s/5m0s  500.00 iters/s
burst_2000_rps • [   0% ] waiting        2m01.2s      

running (2m59.8s), 0001/2500 VUs, 89909 complete and 0 interrupted iterations
steady_500_rps   [  60% ] 0001/0500 VUs  2m59.8s/5m0s  500.00 iters/s
burst_2000_rps • [   0% ] waiting        2m00.2s      

running (3m00.8s), 0001/2500 VUs, 90409 complete and 0 interrupted iterations
steady_500_rps   [  60% ] 0001/0500 VUs  3m00.8s/5m0s  500.00 iters/s
burst_2000_rps • [   0% ] waiting        1m59.2s      

running (3m01.8s), 0001/2500 VUs, 90909 complete and 0 interrupted iterations
steady_500_rps   [  61% ] 0001/0500 VUs  3m01.8s/5m0s  500.00 iters/s
burst_2000_rps • [   0% ] waiting        1m58.2s      

running (3m02.8s), 0001/2500 VUs, 91409 complete and 0 interrupted iterations
steady_500_rps   [  61% ] 0001/0500 VUs  3m02.8s/5m0s  500.00 iters/s
burst_2000_rps • [   0% ] waiting        1m57.2s      

running (3m03.8s), 0001/2500 VUs, 91909 complete and 0 interrupted iterations
steady_500_rps   [  61% ] 0000/0500 VUs  3m03.8s/5m0s  500.00 iters/s
burst_2000_rps • [   0% ] waiting        1m56.2s      

running (3m04.8s), 0000/2500 VUs, 92410 complete and 0 interrupted iterations
steady_500_rps   [  62% ] 0000/0500 VUs  3m04.8s/5m0s  500.00 iters/s
burst_2000_rps • [   0% ] waiting        1m55.2s      

running (3m05.8s), 0000/2500 VUs, 92910 complete and 0 interrupted iterations
steady_500_rps   [  62% ] 0000/0500 VUs  3m05.8s/5m0s  500.00 iters/s
burst_2000_rps • [   0% ] waiting        1m54.2s      

running (3m06.8s), 0001/2500 VUs, 93409 complete and 0 interrupted iterations
steady_500_rps   [  62% ] 0001/0500 VUs  3m06.8s/5m0s  500.00 iters/s
burst_2000_rps • [   0% ] waiting        1m53.2s      

running (3m07.8s), 0001/2500 VUs, 93909 complete and 0 interrupted iterations
steady_500_rps   [  63% ] 0001/0500 VUs  3m07.8s/5m0s  500.00 iters/s
burst_2000_rps • [   0% ] waiting        1m52.2s      

running (3m08.8s), 0001/2500 VUs, 94409 complete and 0 interrupted iterations
steady_500_rps   [  63% ] 0001/0500 VUs  3m08.8s/5m0s  500.00 iters/s
burst_2000_rps • [   0% ] waiting        1m51.2s      

running (3m09.8s), 0001/2500 VUs, 94909 complete and 0 interrupted iterations
steady_500_rps   [  63% ] 0001/0500 VUs  3m09.8s/5m0s  500.00 iters/s
burst_2000_rps • [   0% ] waiting        1m50.2s      

running (3m10.8s), 0001/2500 VUs, 95409 complete and 0 interrupted iterations
steady_500_rps   [  64% ] 0001/0500 VUs  3m10.8s/5m0s  500.00 iters/s
burst_2000_rps • [   0% ] waiting        1m49.2s      

running (3m11.8s), 0001/2500 VUs, 95909 complete and 0 interrupted iterations
steady_500_rps   [  64% ] 0000/0500 VUs  3m11.8s/5m0s  500.00 iters/s
burst_2000_rps • [   0% ] waiting        1m48.2s      

running (3m12.8s), 0001/2500 VUs, 96409 complete and 0 interrupted iterations
steady_500_rps   [  64% ] 0001/0500 VUs  3m12.8s/5m0s  500.00 iters/s
burst_2000_rps • [   0% ] waiting        1m47.2s      

running (3m13.8s), 0001/2500 VUs, 96909 complete and 0 interrupted iterations
steady_500_rps   [  65% ] 0001/0500 VUs  3m13.8s/5m0s  500.00 iters/s
burst_2000_rps • [   0% ] waiting        1m46.2s      

running (3m14.8s), 0001/2500 VUs, 97409 complete and 0 interrupted iterations
steady_500_rps   [  65% ] 0001/0500 VUs  3m14.8s/5m0s  500.00 iters/s
burst_2000_rps • [   0% ] waiting        1m45.2s      

running (3m15.8s), 0017/2500 VUs, 97880 complete and 0 interrupted iterations
steady_500_rps   [  65% ] 0020/0500 VUs  3m15.8s/5m0s  500.00 iters/s
burst_2000_rps • [   0% ] waiting        1m44.2s      

running (3m16.8s), 0001/2500 VUs, 98409 complete and 0 interrupted iterations
steady_500_rps   [  66% ] 0001/0500 VUs  3m16.8s/5m0s  500.00 iters/s
burst_2000_rps • [   0% ] waiting        1m43.2s      

running (3m17.8s), 0001/2500 VUs, 98909 complete and 0 interrupted iterations
steady_500_rps   [  66% ] 0001/0500 VUs  3m17.8s/5m0s  500.00 iters/s
burst_2000_rps • [   0% ] waiting        1m42.2s      

running (3m18.8s), 0002/2500 VUs, 99408 complete and 0 interrupted iterations
steady_500_rps   [  66% ] 0002/0500 VUs  3m18.8s/5m0s  500.00 iters/s
burst_2000_rps • [   0% ] waiting        1m41.2s      

running (3m19.8s), 0001/2500 VUs, 99909 complete and 0 interrupted iterations
steady_500_rps   [  67% ] 0001/0500 VUs  3m19.8s/5m0s  500.00 iters/s
burst_2000_rps • [   0% ] waiting        1m40.2s      

running (3m20.8s), 0001/2500 VUs, 100409 complete and 0 interrupted iterations
steady_500_rps   [  67% ] 0001/0500 VUs  3m20.8s/5m0s  500.00 iters/s
burst_2000_rps • [   0% ] waiting        1m39.2s      

running (3m21.8s), 0001/2500 VUs, 100909 complete and 0 interrupted iterations
steady_500_rps   [  67% ] 0001/0500 VUs  3m21.8s/5m0s  500.00 iters/s
burst_2000_rps • [   0% ] waiting        1m38.2s      

running (3m22.8s), 0001/2500 VUs, 101409 complete and 0 interrupted iterations
steady_500_rps   [  68% ] 0001/0500 VUs  3m22.8s/5m0s  500.00 iters/s
burst_2000_rps • [   0% ] waiting        1m37.2s      

running (3m23.8s), 0001/2500 VUs, 101909 complete and 0 interrupted iterations
steady_500_rps   [  68% ] 0001/0500 VUs  3m23.8s/5m0s  500.00 iters/s
burst_2000_rps • [   0% ] waiting        1m36.2s      

running (3m24.8s), 0001/2500 VUs, 102409 complete and 0 interrupted iterations
steady_500_rps   [  68% ] 0001/0500 VUs  3m24.8s/5m0s  500.00 iters/s
burst_2000_rps • [   0% ] waiting        1m35.2s      

running (3m25.8s), 0001/2500 VUs, 102909 complete and 0 interrupted iterations
steady_500_rps   [  69% ] 0000/0500 VUs  3m25.8s/5m0s  500.00 iters/s
burst_2000_rps • [   0% ] waiting        1m34.2s      

running (3m26.8s), 0001/2500 VUs, 103409 complete and 0 interrupted iterations
steady_500_rps   [  69% ] 0001/0500 VUs  3m26.8s/5m0s  500.00 iters/s
burst_2000_rps • [   0% ] waiting        1m33.2s      

running (3m27.8s), 0009/2500 VUs, 103895 complete and 0 interrupted iterations
steady_500_rps   [  69% ] 0009/0500 VUs  3m27.8s/5m0s  500.00 iters/s
burst_2000_rps • [   0% ] waiting        1m32.2s      

running (3m28.8s), 0001/2500 VUs, 104409 complete and 0 interrupted iterations
steady_500_rps   [  70% ] 0001/0500 VUs  3m28.8s/5m0s  500.00 iters/s
burst_2000_rps • [   0% ] waiting        1m31.2s      

running (3m29.8s), 0000/2500 VUs, 104910 complete and 0 interrupted iterations
steady_500_rps   [  70% ] 0000/0500 VUs  3m29.8s/5m0s  500.00 iters/s
burst_2000_rps • [   0% ] waiting        1m30.2s      

running (3m30.8s), 0001/2500 VUs, 105409 complete and 0 interrupted iterations
steady_500_rps   [  70% ] 0001/0500 VUs  3m30.8s/5m0s  500.00 iters/s
burst_2000_rps • [   0% ] waiting        1m29.2s      

running (3m31.8s), 0002/2500 VUs, 105909 complete and 0 interrupted iterations
steady_500_rps   [  71% ] 0002/0500 VUs  3m31.8s/5m0s  500.00 iters/s
burst_2000_rps • [   0% ] waiting        1m28.2s      

running (3m32.8s), 0001/2500 VUs, 106409 complete and 0 interrupted iterations
steady_500_rps   [  71% ] 0000/0500 VUs  3m32.8s/5m0s  500.00 iters/s
burst_2000_rps • [   0% ] waiting        1m27.2s      

running (3m33.8s), 0001/2500 VUs, 106909 complete and 0 interrupted iterations
steady_500_rps   [  71% ] 0001/0500 VUs  3m33.8s/5m0s  500.00 iters/s
burst_2000_rps • [   0% ] waiting        1m26.2s      

running (3m34.8s), 0001/2500 VUs, 107409 complete and 0 interrupted iterations
steady_500_rps   [  72% ] 0001/0500 VUs  3m34.8s/5m0s  500.00 iters/s
burst_2000_rps • [   0% ] waiting        1m25.2s      

running (3m35.8s), 0001/2500 VUs, 107909 complete and 0 interrupted iterations
steady_500_rps   [  72% ] 0001/0500 VUs  3m35.8s/5m0s  500.00 iters/s
burst_2000_rps • [   0% ] waiting        1m24.2s      

running (3m36.8s), 0000/2500 VUs, 108410 complete and 0 interrupted iterations
steady_500_rps   [  72% ] 0000/0500 VUs  3m36.8s/5m0s  500.00 iters/s
burst_2000_rps • [   0% ] waiting        1m23.2s      

running (3m37.8s), 0001/2500 VUs, 108909 complete and 0 interrupted iterations
steady_500_rps   [  73% ] 0001/0500 VUs  3m37.8s/5m0s  500.00 iters/s
burst_2000_rps • [   0% ] waiting        1m22.2s      

running (3m38.8s), 0001/2500 VUs, 109409 complete and 0 interrupted iterations
steady_500_rps   [  73% ] 0001/0500 VUs  3m38.8s/5m0s  500.00 iters/s
burst_2000_rps • [   0% ] waiting        1m21.2s      

running (3m39.8s), 0001/2500 VUs, 109909 complete and 0 interrupted iterations
steady_500_rps   [  73% ] 0001/0500 VUs  3m39.8s/5m0s  500.00 iters/s
burst_2000_rps • [   0% ] waiting        1m20.2s      

running (3m40.8s), 0001/2500 VUs, 110409 complete and 0 interrupted iterations
steady_500_rps   [  74% ] 0001/0500 VUs  3m40.8s/5m0s  500.00 iters/s
burst_2000_rps • [   0% ] waiting        1m19.2s      

running (3m41.8s), 0001/2500 VUs, 110909 complete and 0 interrupted iterations
steady_500_rps   [  74% ] 0001/0500 VUs  3m41.8s/5m0s  500.00 iters/s
burst_2000_rps • [   0% ] waiting        1m18.2s      

running (3m42.8s), 0001/2500 VUs, 111409 complete and 0 interrupted iterations
steady_500_rps   [  74% ] 0001/0500 VUs  3m42.8s/5m0s  500.00 iters/s
burst_2000_rps • [   0% ] waiting        1m17.2s      

running (3m43.8s), 0001/2500 VUs, 111909 complete and 0 interrupted iterations
steady_500_rps   [  75% ] 0001/0500 VUs  3m43.8s/5m0s  500.00 iters/s
burst_2000_rps • [   0% ] waiting        1m16.2s      

running (3m44.8s), 0000/2500 VUs, 112410 complete and 0 interrupted iterations
steady_500_rps   [  75% ] 0000/0500 VUs  3m44.8s/5m0s  500.00 iters/s
burst_2000_rps • [   0% ] waiting        1m15.2s      

running (3m45.8s), 0001/2500 VUs, 112909 complete and 0 interrupted iterations
steady_500_rps   [  75% ] 0001/0500 VUs  3m45.8s/5m0s  500.00 iters/s
burst_2000_rps • [   0% ] waiting        1m14.2s      

running (3m46.8s), 0001/2500 VUs, 113409 complete and 0 interrupted iterations
steady_500_rps   [  76% ] 0001/0500 VUs  3m46.8s/5m0s  500.00 iters/s
burst_2000_rps • [   0% ] waiting        1m13.2s      

running (3m47.8s), 0001/2500 VUs, 113909 complete and 0 interrupted iterations
steady_500_rps   [  76% ] 0001/0500 VUs  3m47.8s/5m0s  500.00 iters/s
burst_2000_rps • [   0% ] waiting        1m12.2s      

running (3m48.8s), 0001/2500 VUs, 114409 complete and 0 interrupted iterations
steady_500_rps   [  76% ] 0001/0500 VUs  3m48.8s/5m0s  500.00 iters/s
burst_2000_rps • [   0% ] waiting        1m11.2s      

running (3m49.8s), 0001/2500 VUs, 114909 complete and 0 interrupted iterations
steady_500_rps   [  77% ] 0001/0500 VUs  3m49.8s/5m0s  500.00 iters/s
burst_2000_rps • [   0% ] waiting        1m10.2s      

running (3m50.8s), 0001/2500 VUs, 115409 complete and 0 interrupted iterations
steady_500_rps   [  77% ] 0001/0500 VUs  3m50.8s/5m0s  500.00 iters/s
burst_2000_rps • [   0% ] waiting        1m09.2s      

running (3m51.8s), 0001/2500 VUs, 115909 complete and 0 interrupted iterations
steady_500_rps   [  77% ] 0001/0500 VUs  3m51.8s/5m0s  500.00 iters/s
burst_2000_rps • [   0% ] waiting        1m08.2s      

running (3m52.8s), 0000/2500 VUs, 116410 complete and 0 interrupted iterations
steady_500_rps   [  78% ] 0000/0500 VUs  3m52.8s/5m0s  500.00 iters/s
burst_2000_rps • [   0% ] waiting        1m07.2s      

running (3m53.8s), 0001/2500 VUs, 116909 complete and 0 interrupted iterations
steady_500_rps   [  78% ] 0001/0500 VUs  3m53.8s/5m0s  500.00 iters/s
burst_2000_rps • [   0% ] waiting        1m06.2s      

running (3m54.8s), 0000/2500 VUs, 117410 complete and 0 interrupted iterations
steady_500_rps   [  78% ] 0000/0500 VUs  3m54.8s/5m0s  500.00 iters/s
burst_2000_rps • [   0% ] waiting        1m05.2s      

running (3m55.8s), 0001/2500 VUs, 117909 complete and 0 interrupted iterations
steady_500_rps   [  79% ] 0001/0500 VUs  3m55.8s/5m0s  500.00 iters/s
burst_2000_rps • [   0% ] waiting        1m04.2s      

running (3m56.8s), 0001/2500 VUs, 118409 complete and 0 interrupted iterations
steady_500_rps   [  79% ] 0001/0500 VUs  3m56.8s/5m0s  500.00 iters/s
burst_2000_rps • [   0% ] waiting        1m03.2s      

running (3m57.8s), 0001/2500 VUs, 118909 complete and 0 interrupted iterations
steady_500_rps   [  79% ] 0001/0500 VUs  3m57.8s/5m0s  500.00 iters/s
burst_2000_rps • [   0% ] waiting        1m02.2s      

running (3m58.8s), 0001/2500 VUs, 119409 complete and 0 interrupted iterations
steady_500_rps   [  80% ] 0001/0500 VUs  3m58.8s/5m0s  500.00 iters/s
burst_2000_rps • [   0% ] waiting        1m01.2s      

running (3m59.8s), 0001/2500 VUs, 119909 complete and 0 interrupted iterations
steady_500_rps   [  80% ] 0001/0500 VUs  3m59.8s/5m0s  500.00 iters/s
burst_2000_rps • [   0% ] waiting        1m00.2s      

running (4m00.8s), 0001/2500 VUs, 120409 complete and 0 interrupted iterations
steady_500_rps   [  80% ] 0001/0500 VUs  4m00.8s/5m0s  500.00 iters/s
burst_2000_rps • [   0% ] waiting        0m59.2s      

running (4m01.8s), 0002/2500 VUs, 120908 complete and 0 interrupted iterations
steady_500_rps   [  81% ] 0002/0500 VUs  4m01.8s/5m0s  500.00 iters/s
burst_2000_rps • [   0% ] waiting        0m58.2s      

running (4m02.8s), 0001/2500 VUs, 121409 complete and 0 interrupted iterations
steady_500_rps   [  81% ] 0001/0500 VUs  4m02.8s/5m0s  500.00 iters/s
burst_2000_rps • [   0% ] waiting        0m57.2s      

running (4m03.8s), 0000/2500 VUs, 121910 complete and 0 interrupted iterations
steady_500_rps   [  81% ] 0000/0500 VUs  4m03.8s/5m0s  500.00 iters/s
burst_2000_rps • [   0% ] waiting        0m56.2s      

running (4m04.8s), 0000/2500 VUs, 122410 complete and 0 interrupted iterations
steady_500_rps   [  82% ] 0000/0500 VUs  4m04.8s/5m0s  500.00 iters/s
burst_2000_rps • [   0% ] waiting        0m55.2s      

running (4m05.8s), 0000/2500 VUs, 122910 complete and 0 interrupted iterations
steady_500_rps   [  82% ] 0000/0500 VUs  4m05.8s/5m0s  500.00 iters/s
burst_2000_rps • [   0% ] waiting        0m54.2s      

running (4m06.8s), 0001/2500 VUs, 123409 complete and 0 interrupted iterations
steady_500_rps   [  82% ] 0001/0500 VUs  4m06.8s/5m0s  500.00 iters/s
burst_2000_rps • [   0% ] waiting        0m53.2s      

running (4m07.8s), 0001/2500 VUs, 123909 complete and 0 interrupted iterations
steady_500_rps   [  83% ] 0001/0500 VUs  4m07.8s/5m0s  500.00 iters/s
burst_2000_rps • [   0% ] waiting        0m52.2s      

running (4m08.8s), 0000/2500 VUs, 124410 complete and 0 interrupted iterations
steady_500_rps   [  83% ] 0000/0500 VUs  4m08.8s/5m0s  500.00 iters/s
burst_2000_rps • [   0% ] waiting        0m51.2s      

running (4m09.8s), 0001/2500 VUs, 124909 complete and 0 interrupted iterations
steady_500_rps   [  83% ] 0001/0500 VUs  4m09.8s/5m0s  500.00 iters/s
burst_2000_rps • [   0% ] waiting        0m50.2s      

running (4m10.8s), 0001/2500 VUs, 125409 complete and 0 interrupted iterations
steady_500_rps   [  84% ] 0001/0500 VUs  4m10.8s/5m0s  500.00 iters/s
burst_2000_rps • [   0% ] waiting        0m49.2s      

running (4m11.8s), 0001/2500 VUs, 125909 complete and 0 interrupted iterations
steady_500_rps   [  84% ] 0001/0500 VUs  4m11.8s/5m0s  500.00 iters/s
burst_2000_rps • [   0% ] waiting        0m48.2s      

running (4m12.8s), 0000/2500 VUs, 126410 complete and 0 interrupted iterations
steady_500_rps   [  84% ] 0000/0500 VUs  4m12.8s/5m0s  500.00 iters/s
burst_2000_rps • [   0% ] waiting        0m47.2s      

running (4m13.8s), 0000/2500 VUs, 126910 complete and 0 interrupted iterations
steady_500_rps   [  85% ] 0000/0500 VUs  4m13.8s/5m0s  500.00 iters/s
burst_2000_rps • [   0% ] waiting        0m46.2s      

running (4m14.8s), 0000/2500 VUs, 127410 complete and 0 interrupted iterations
steady_500_rps   [  85% ] 0000/0500 VUs  4m14.8s/5m0s  500.00 iters/s
burst_2000_rps • [   0% ] waiting        0m45.2s      

running (4m15.8s), 0001/2500 VUs, 127909 complete and 0 interrupted iterations
steady_500_rps   [  85% ] 0001/0500 VUs  4m15.8s/5m0s  500.00 iters/s
burst_2000_rps • [   0% ] waiting        0m44.2s      

running (4m16.8s), 0001/2500 VUs, 128409 complete and 0 interrupted iterations
steady_500_rps   [  86% ] 0001/0500 VUs  4m16.8s/5m0s  500.00 iters/s
burst_2000_rps • [   0% ] waiting        0m43.2s      

running (4m17.8s), 0000/2500 VUs, 128910 complete and 0 interrupted iterations
steady_500_rps   [  86% ] 0000/0500 VUs  4m17.8s/5m0s  500.00 iters/s
burst_2000_rps • [   0% ] waiting        0m42.2s      

running (4m18.8s), 0000/2500 VUs, 129410 complete and 0 interrupted iterations
steady_500_rps   [  86% ] 0000/0500 VUs  4m18.8s/5m0s  500.00 iters/s
burst_2000_rps • [   0% ] waiting        0m41.2s      

running (4m19.8s), 0001/2500 VUs, 129909 complete and 0 interrupted iterations
steady_500_rps   [  87% ] 0001/0500 VUs  4m19.8s/5m0s  500.00 iters/s
burst_2000_rps • [   0% ] waiting        0m40.2s      

running (4m20.8s), 0000/2500 VUs, 130410 complete and 0 interrupted iterations
steady_500_rps   [  87% ] 0000/0500 VUs  4m20.8s/5m0s  500.00 iters/s
burst_2000_rps • [   0% ] waiting        0m39.2s      

running (4m21.8s), 0034/2500 VUs, 130876 complete and 0 interrupted iterations
steady_500_rps   [  87% ] 0034/0500 VUs  4m21.8s/5m0s  500.00 iters/s
burst_2000_rps • [   0% ] waiting        0m38.2s      

running (4m22.8s), 0001/2500 VUs, 131409 complete and 0 interrupted iterations
steady_500_rps   [  88% ] 0001/0500 VUs  4m22.8s/5m0s  500.00 iters/s
burst_2000_rps • [   0% ] waiting        0m37.2s      

running (4m23.8s), 0001/2500 VUs, 131909 complete and 0 interrupted iterations
steady_500_rps   [  88% ] 0001/0500 VUs  4m23.8s/5m0s  500.00 iters/s
burst_2000_rps • [   0% ] waiting        0m36.2s      

running (4m24.8s), 0002/2500 VUs, 132408 complete and 0 interrupted iterations
steady_500_rps   [  88% ] 0002/0500 VUs  4m24.8s/5m0s  500.00 iters/s
burst_2000_rps • [   0% ] waiting        0m35.2s      

running (4m25.8s), 0001/2500 VUs, 132909 complete and 0 interrupted iterations
steady_500_rps   [  89% ] 0001/0500 VUs  4m25.8s/5m0s  500.00 iters/s
burst_2000_rps • [   0% ] waiting        0m34.2s      

running (4m26.8s), 0001/2500 VUs, 133409 complete and 0 interrupted iterations
steady_500_rps   [  89% ] 0001/0500 VUs  4m26.8s/5m0s  500.00 iters/s
burst_2000_rps • [   0% ] waiting        0m33.2s      

running (4m27.8s), 0001/2500 VUs, 133909 complete and 0 interrupted iterations
steady_500_rps   [  89% ] 0001/0500 VUs  4m27.8s/5m0s  500.00 iters/s
burst_2000_rps • [   0% ] waiting        0m32.2s      

running (4m28.8s), 0001/2500 VUs, 134409 complete and 0 interrupted iterations
steady_500_rps   [  90% ] 0001/0500 VUs  4m28.8s/5m0s  500.00 iters/s
burst_2000_rps • [   0% ] waiting        0m31.2s      

running (4m29.8s), 0001/2500 VUs, 134909 complete and 0 interrupted iterations
steady_500_rps   [  90% ] 0001/0500 VUs  4m29.8s/5m0s  500.00 iters/s
burst_2000_rps • [   0% ] waiting        0m30.2s      

running (4m30.8s), 0001/2500 VUs, 135409 complete and 0 interrupted iterations
steady_500_rps   [  90% ] 0001/0500 VUs  4m30.8s/5m0s  500.00 iters/s
burst_2000_rps • [   0% ] waiting        0m29.2s      

running (4m31.8s), 0001/2500 VUs, 135909 complete and 0 interrupted iterations
steady_500_rps   [  91% ] 0001/0500 VUs  4m31.8s/5m0s  500.00 iters/s
burst_2000_rps • [   0% ] waiting        0m28.2s      

running (4m32.8s), 0001/2500 VUs, 136409 complete and 0 interrupted iterations
steady_500_rps   [  91% ] 0001/0500 VUs  4m32.8s/5m0s  500.00 iters/s
burst_2000_rps • [   0% ] waiting        0m27.2s      

running (4m33.8s), 0001/2500 VUs, 136909 complete and 0 interrupted iterations
steady_500_rps   [  91% ] 0001/0500 VUs  4m33.8s/5m0s  500.00 iters/s
burst_2000_rps • [   0% ] waiting        0m26.2s      

running (4m34.8s), 0001/2500 VUs, 137409 complete and 0 interrupted iterations
steady_500_rps   [  92% ] 0001/0500 VUs  4m34.8s/5m0s  500.00 iters/s
burst_2000_rps • [   0% ] waiting        0m25.2s      

running (4m35.8s), 0000/2500 VUs, 137910 complete and 0 interrupted iterations
steady_500_rps   [  92% ] 0000/0500 VUs  4m35.8s/5m0s  500.00 iters/s
burst_2000_rps • [   0% ] waiting        0m24.2s      

running (4m36.8s), 0001/2500 VUs, 138409 complete and 0 interrupted iterations
steady_500_rps   [  92% ] 0001/0500 VUs  4m36.8s/5m0s  500.00 iters/s
burst_2000_rps • [   0% ] waiting        0m23.2s      

running (4m37.8s), 0001/2500 VUs, 138909 complete and 0 interrupted iterations
steady_500_rps   [  93% ] 0001/0500 VUs  4m37.8s/5m0s  500.00 iters/s
burst_2000_rps • [   0% ] waiting        0m22.2s      

running (4m38.8s), 0001/2500 VUs, 139409 complete and 0 interrupted iterations
steady_500_rps   [  93% ] 0001/0500 VUs  4m38.8s/5m0s  500.00 iters/s
burst_2000_rps • [   0% ] waiting        0m21.2s      

running (4m39.8s), 0001/2500 VUs, 139909 complete and 0 interrupted iterations
steady_500_rps   [  93% ] 0001/0500 VUs  4m39.8s/5m0s  500.00 iters/s
burst_2000_rps • [   0% ] waiting        0m20.2s      

running (4m40.8s), 0001/2500 VUs, 140409 complete and 0 interrupted iterations
steady_500_rps   [  94% ] 0001/0500 VUs  4m40.8s/5m0s  500.00 iters/s
burst_2000_rps • [   0% ] waiting        0m19.2s      

running (4m41.8s), 0001/2500 VUs, 140909 complete and 0 interrupted iterations
steady_500_rps   [  94% ] 0001/0500 VUs  4m41.8s/5m0s  500.00 iters/s
burst_2000_rps • [   0% ] waiting        0m18.2s      

running (4m42.8s), 0001/2500 VUs, 141409 complete and 0 interrupted iterations
steady_500_rps   [  94% ] 0001/0500 VUs  4m42.8s/5m0s  500.00 iters/s
burst_2000_rps • [   0% ] waiting        0m17.2s      

running (4m43.8s), 0003/2500 VUs, 141907 complete and 0 interrupted iterations
steady_500_rps   [  95% ] 0003/0500 VUs  4m43.8s/5m0s  500.00 iters/s
burst_2000_rps • [   0% ] waiting        0m16.2s      

running (4m44.8s), 0001/2500 VUs, 142409 complete and 0 interrupted iterations
steady_500_rps   [  95% ] 0001/0500 VUs  4m44.8s/5m0s  500.00 iters/s
burst_2000_rps • [   0% ] waiting        0m15.2s      

running (4m45.8s), 0001/2500 VUs, 142909 complete and 0 interrupted iterations
steady_500_rps   [  95% ] 0001/0500 VUs  4m45.8s/5m0s  500.00 iters/s
burst_2000_rps • [   0% ] waiting        0m14.2s      

running (4m46.8s), 0001/2500 VUs, 143409 complete and 0 interrupted iterations
steady_500_rps   [  96% ] 0001/0500 VUs  4m46.8s/5m0s  500.00 iters/s
burst_2000_rps • [   0% ] waiting        0m13.2s      

running (4m47.8s), 0001/2500 VUs, 143909 complete and 0 interrupted iterations
steady_500_rps   [  96% ] 0001/0500 VUs  4m47.8s/5m0s  500.00 iters/s
burst_2000_rps • [   0% ] waiting        0m12.2s      

running (4m48.8s), 0001/2500 VUs, 144409 complete and 0 interrupted iterations
steady_500_rps   [  96% ] 0001/0500 VUs  4m48.8s/5m0s  500.00 iters/s
burst_2000_rps • [   0% ] waiting        0m11.2s      

running (4m49.8s), 0001/2500 VUs, 144909 complete and 0 interrupted iterations
steady_500_rps   [  97% ] 0001/0500 VUs  4m49.8s/5m0s  500.00 iters/s
burst_2000_rps • [   0% ] waiting        0m10.2s      

running (4m50.8s), 0001/2500 VUs, 145409 complete and 0 interrupted iterations
steady_500_rps   [  97% ] 0001/0500 VUs  4m50.8s/5m0s  500.00 iters/s
burst_2000_rps • [   0% ] waiting        0m09.2s      

running (4m51.8s), 0001/2500 VUs, 145909 complete and 0 interrupted iterations
steady_500_rps   [  97% ] 0001/0500 VUs  4m51.8s/5m0s  500.00 iters/s
burst_2000_rps • [   0% ] waiting        0m08.2s      

running (4m52.8s), 0001/2500 VUs, 146409 complete and 0 interrupted iterations
steady_500_rps   [  98% ] 0001/0500 VUs  4m52.8s/5m0s  500.00 iters/s
burst_2000_rps • [   0% ] waiting        0m07.2s      

running (4m53.8s), 0001/2500 VUs, 146909 complete and 0 interrupted iterations
steady_500_rps   [  98% ] 0001/0500 VUs  4m53.8s/5m0s  500.00 iters/s
burst_2000_rps • [   0% ] waiting        0m06.2s      

running (4m54.8s), 0001/2500 VUs, 147409 complete and 0 interrupted iterations
steady_500_rps   [  98% ] 0001/0500 VUs  4m54.8s/5m0s  500.00 iters/s
burst_2000_rps • [   0% ] waiting        0m05.2s      

running (4m55.8s), 0000/2500 VUs, 147910 complete and 0 interrupted iterations
steady_500_rps   [  99% ] 0000/0500 VUs  4m55.8s/5m0s  500.00 iters/s
burst_2000_rps • [   0% ] waiting        0m04.2s      

running (4m56.8s), 0001/2500 VUs, 148409 complete and 0 interrupted iterations
steady_500_rps   [  99% ] 0001/0500 VUs  4m56.8s/5m0s  500.00 iters/s
burst_2000_rps • [   0% ] waiting        0m03.2s      

running (4m57.8s), 0001/2500 VUs, 148909 complete and 0 interrupted iterations
steady_500_rps   [  99% ] 0001/0500 VUs  4m57.8s/5m0s  500.00 iters/s
burst_2000_rps • [   0% ] waiting        0m02.2s      

running (4m58.8s), 0001/2500 VUs, 149409 complete and 0 interrupted iterations
steady_500_rps   [ 100% ] 0001/0500 VUs  4m58.8s/5m0s  500.00 iters/s
burst_2000_rps • [   0% ] waiting        0m01.2s      

running (4m59.8s), 0001/2500 VUs, 149909 complete and 0 interrupted iterations
steady_500_rps   [ 100% ] 0001/0500 VUs  4m59.8s/5m0s  500.00 iters/s
burst_2000_rps • [   0% ] waiting        0m00.2s      

running (5m00.8s), 0047/2500 VUs, 151576 complete and 0 interrupted iterations
steady_500_rps ✓ [ 100% ] 0000/0500 VUs  5m0s          500.00 iters/s
burst_2000_rps   [   1% ] 0047/2000 VUs  0m00.8s/1m0s  2000.00 iters/s

running (5m01.8s), 0001/2500 VUs, 153629 complete and 0 interrupted iterations
steady_500_rps ✓ [ 100% ] 0000/0500 VUs  5m0s          500.00 iters/s
burst_2000_rps   [   3% ] 0001/2000 VUs  0m01.8s/1m0s  2000.00 iters/s

running (5m02.8s), 0002/2500 VUs, 155628 complete and 0 interrupted iterations
steady_500_rps ✓ [ 100% ] 0000/0500 VUs  5m0s          500.00 iters/s
burst_2000_rps   [   5% ] 0001/2000 VUs  0m02.8s/1m0s  2000.00 iters/s

running (5m03.8s), 0002/2500 VUs, 157628 complete and 0 interrupted iterations
steady_500_rps ✓ [ 100% ] 0000/0500 VUs  5m0s          500.00 iters/s
burst_2000_rps   [   6% ] 0002/2000 VUs  0m03.8s/1m0s  2000.00 iters/s

running (5m04.8s), 0001/2500 VUs, 159629 complete and 0 interrupted iterations
steady_500_rps ✓ [ 100% ] 0000/0500 VUs  5m0s          500.00 iters/s
burst_2000_rps   [   8% ] 0001/2000 VUs  0m04.8s/1m0s  2000.00 iters/s

running (5m05.8s), 0001/2500 VUs, 161629 complete and 0 interrupted iterations
steady_500_rps ✓ [ 100% ] 0000/0500 VUs  5m0s          500.00 iters/s
burst_2000_rps   [  10% ] 0001/2000 VUs  0m05.8s/1m0s  2000.00 iters/s

running (5m06.8s), 1101/2500 VUs, 162529 complete and 0 interrupted iterations
steady_500_rps ✓ [ 100% ] 0000/0500 VUs  5m0s          500.00 iters/s
burst_2000_rps   [  11% ] 1101/2000 VUs  0m06.8s/1m0s  2000.00 iters/s

running (5m07.8s), 0001/2500 VUs, 165629 complete and 0 interrupted iterations
steady_500_rps ✓ [ 100% ] 0000/0500 VUs  5m0s          500.00 iters/s
burst_2000_rps   [  13% ] 0001/2000 VUs  0m07.8s/1m0s  2000.00 iters/s

running (5m08.8s), 0000/2500 VUs, 167629 complete and 0 interrupted iterations
steady_500_rps ✓ [ 100% ] 0000/0500 VUs  5m0s          500.00 iters/s
burst_2000_rps   [  15% ] 0000/2000 VUs  0m08.8s/1m0s  2000.00 iters/s

running (5m09.8s), 0007/2500 VUs, 169625 complete and 0 interrupted iterations
steady_500_rps ✓ [ 100% ] 0000/0500 VUs  5m0s          500.00 iters/s
burst_2000_rps   [  16% ] 0007/2000 VUs  0m09.8s/1m0s  2000.00 iters/s

running (5m10.8s), 0039/2500 VUs, 171591 complete and 0 interrupted iterations
steady_500_rps ✓ [ 100% ] 0000/0500 VUs  5m0s          500.00 iters/s
burst_2000_rps   [  18% ] 0039/2000 VUs  0m10.8s/1m0s  2000.00 iters/s

running (5m11.8s), 0275/2500 VUs, 173357 complete and 0 interrupted iterations
steady_500_rps ✓ [ 100% ] 0000/0500 VUs  5m0s          500.00 iters/s
burst_2000_rps   [  20% ] 0275/2000 VUs  0m11.8s/1m0s  2000.00 iters/s

running (5m12.8s), 0001/2500 VUs, 175629 complete and 0 interrupted iterations
steady_500_rps ✓ [ 100% ] 0000/0500 VUs  5m0s          500.00 iters/s
burst_2000_rps   [  21% ] 0001/2000 VUs  0m12.8s/1m0s  2000.00 iters/s

running (5m13.8s), 0001/2500 VUs, 177629 complete and 0 interrupted iterations
steady_500_rps ✓ [ 100% ] 0000/0500 VUs  5m0s          500.00 iters/s
burst_2000_rps   [  23% ] 0001/2000 VUs  0m13.8s/1m0s  2000.00 iters/s

running (5m14.8s), 1416/2500 VUs, 178214 complete and 0 interrupted iterations
steady_500_rps ✓ [ 100% ] 0000/0500 VUs  5m0s          500.00 iters/s
burst_2000_rps   [  25% ] 1416/2000 VUs  0m14.8s/1m0s  2000.00 iters/s

running (5m15.8s), 1509/2575 VUs, 179802 complete and 0 interrupted iterations
steady_500_rps ✓ [ 100% ] 0000/0500 VUs  5m0s          500.00 iters/s
burst_2000_rps   [  26% ] 1509/2075 VUs  0m15.8s/1m0s  2000.00 iters/s

running (5m16.8s), 0001/2575 VUs, 183310 complete and 0 interrupted iterations
steady_500_rps ✓ [ 100% ] 0000/0500 VUs  5m0s          500.00 iters/s
burst_2000_rps   [  28% ] 0001/2075 VUs  0m16.8s/1m0s  2000.00 iters/s

running (5m17.8s), 0001/2575 VUs, 185310 complete and 0 interrupted iterations
steady_500_rps ✓ [ 100% ] 0000/0500 VUs  5m0s          500.00 iters/s
burst_2000_rps   [  30% ] 0001/2075 VUs  0m17.8s/1m0s  2000.00 iters/s

running (5m18.8s), 0001/2575 VUs, 187310 complete and 0 interrupted iterations
steady_500_rps ✓ [ 100% ] 0000/0500 VUs  5m0s          500.00 iters/s
burst_2000_rps   [  31% ] 0001/2075 VUs  0m18.8s/1m0s  2000.00 iters/s

running (5m19.8s), 0004/2575 VUs, 189306 complete and 0 interrupted iterations
steady_500_rps ✓ [ 100% ] 0000/0500 VUs  5m0s          500.00 iters/s
burst_2000_rps   [  33% ] 0005/2075 VUs  0m19.8s/1m0s  2000.00 iters/s

running (5m20.8s), 0000/2575 VUs, 191310 complete and 0 interrupted iterations
steady_500_rps ✓ [ 100% ] 0000/0500 VUs  5m0s          500.00 iters/s
burst_2000_rps   [  35% ] 0001/2075 VUs  0m20.8s/1m0s  2000.00 iters/s

running (5m21.8s), 0001/2575 VUs, 193310 complete and 0 interrupted iterations
steady_500_rps ✓ [ 100% ] 0000/0500 VUs  5m0s          500.00 iters/s
burst_2000_rps   [  36% ] 0001/2075 VUs  0m21.8s/1m0s  2000.00 iters/s

running (5m22.8s), 0001/2575 VUs, 195310 complete and 0 interrupted iterations
steady_500_rps ✓ [ 100% ] 0000/0500 VUs  5m0s          500.00 iters/s
burst_2000_rps   [  38% ] 0001/2075 VUs  0m22.8s/1m0s  2000.00 iters/s

running (5m23.8s), 0000/2575 VUs, 197310 complete and 0 interrupted iterations
steady_500_rps ✓ [ 100% ] 0000/0500 VUs  5m0s          500.00 iters/s
burst_2000_rps   [  40% ] 0001/2075 VUs  0m23.8s/1m0s  2000.00 iters/s

running (5m24.8s), 0001/2575 VUs, 199309 complete and 0 interrupted iterations
steady_500_rps ✓ [ 100% ] 0000/0500 VUs  5m0s          500.00 iters/s
burst_2000_rps   [  41% ] 0001/2075 VUs  0m24.8s/1m0s  2000.00 iters/s

running (5m25.8s), 0002/2575 VUs, 201308 complete and 0 interrupted iterations
steady_500_rps ✓ [ 100% ] 0000/0500 VUs  5m0s          500.00 iters/s
burst_2000_rps   [  43% ] 0003/2075 VUs  0m25.8s/1m0s  2000.00 iters/s

running (5m26.8s), 0001/2575 VUs, 203310 complete and 0 interrupted iterations
steady_500_rps ✓ [ 100% ] 0000/0500 VUs  5m0s          500.00 iters/s
burst_2000_rps   [  45% ] 0001/2075 VUs  0m26.8s/1m0s  2000.00 iters/s

running (5m27.8s), 0042/2575 VUs, 205270 complete and 0 interrupted iterations
steady_500_rps ✓ [ 100% ] 0000/0500 VUs  5m0s          500.00 iters/s
burst_2000_rps   [  46% ] 0042/2075 VUs  0m27.8s/1m0s  2000.00 iters/s

running (5m28.8s), 0700/2575 VUs, 206570 complete and 0 interrupted iterations
steady_500_rps ✓ [ 100% ] 0000/0500 VUs  5m0s          500.00 iters/s
burst_2000_rps   [  48% ] 0700/2075 VUs  0m28.8s/1m0s  2000.00 iters/s

running (5m29.8s), 0000/2575 VUs, 209310 complete and 0 interrupted iterations
steady_500_rps ✓ [ 100% ] 0000/0500 VUs  5m0s          500.00 iters/s
burst_2000_rps   [  50% ] 0000/2075 VUs  0m29.8s/1m0s  2000.00 iters/s

running (5m30.8s), 0001/2575 VUs, 211310 complete and 0 interrupted iterations
steady_500_rps ✓ [ 100% ] 0000/0500 VUs  5m0s          500.00 iters/s
burst_2000_rps   [  51% ] 0001/2075 VUs  0m30.8s/1m0s  2000.00 iters/s

running (5m31.8s), 0001/2575 VUs, 213310 complete and 0 interrupted iterations
steady_500_rps ✓ [ 100% ] 0000/0500 VUs  5m0s          500.00 iters/s
burst_2000_rps   [  53% ] 0001/2075 VUs  0m31.8s/1m0s  2000.00 iters/s

running (5m32.8s), 0005/2575 VUs, 215306 complete and 0 interrupted iterations
steady_500_rps ✓ [ 100% ] 0000/0500 VUs  5m0s          500.00 iters/s
burst_2000_rps   [  55% ] 0002/2075 VUs  0m32.8s/1m0s  2000.00 iters/s

running (5m33.8s), 0303/2575 VUs, 217009 complete and 0 interrupted iterations
steady_500_rps ✓ [ 100% ] 0000/0500 VUs  5m0s          500.00 iters/s
burst_2000_rps   [  56% ] 0303/2075 VUs  0m33.8s/1m0s  2000.00 iters/s

running (5m34.8s), 0050/2575 VUs, 219261 complete and 0 interrupted iterations
steady_500_rps ✓ [ 100% ] 0000/0500 VUs  5m0s          500.00 iters/s
burst_2000_rps   [  58% ] 0050/2075 VUs  0m34.8s/1m0s  2000.00 iters/s

running (5m35.8s), 0001/2575 VUs, 221310 complete and 0 interrupted iterations
steady_500_rps ✓ [ 100% ] 0000/0500 VUs  5m0s          500.00 iters/s
burst_2000_rps   [  60% ] 0001/2075 VUs  0m35.8s/1m0s  2000.00 iters/s

running (5m36.8s), 0001/2575 VUs, 223310 complete and 0 interrupted iterations
steady_500_rps ✓ [ 100% ] 0000/0500 VUs  5m0s          500.00 iters/s
burst_2000_rps   [  61% ] 0001/2075 VUs  0m36.8s/1m0s  2000.00 iters/s

running (5m37.8s), 0023/2575 VUs, 225286 complete and 0 interrupted iterations
steady_500_rps ✓ [ 100% ] 0000/0500 VUs  5m0s          500.00 iters/s
burst_2000_rps   [  63% ] 0027/2075 VUs  0m37.8s/1m0s  2000.00 iters/s

running (5m38.8s), 0189/2575 VUs, 227122 complete and 0 interrupted iterations
steady_500_rps ✓ [ 100% ] 0000/0500 VUs  5m0s          500.00 iters/s
burst_2000_rps   [  65% ] 0189/2075 VUs  0m38.8s/1m0s  2000.00 iters/s

running (5m39.8s), 0000/2575 VUs, 229310 complete and 0 interrupted iterations
steady_500_rps ✓ [ 100% ] 0000/0500 VUs  5m0s          500.00 iters/s
burst_2000_rps   [  66% ] 0001/2075 VUs  0m39.8s/1m0s  2000.00 iters/s

running (5m40.8s), 0001/2575 VUs, 231310 complete and 0 interrupted iterations
steady_500_rps ✓ [ 100% ] 0000/0500 VUs  5m0s          500.00 iters/s
burst_2000_rps   [  68% ] 0001/2075 VUs  0m40.8s/1m0s  2000.00 iters/s

running (5m41.8s), 0001/2575 VUs, 233310 complete and 0 interrupted iterations
steady_500_rps ✓ [ 100% ] 0000/0500 VUs  5m0s          500.00 iters/s
burst_2000_rps   [  70% ] 0001/2075 VUs  0m41.8s/1m0s  2000.00 iters/s

running (5m42.8s), 0001/2575 VUs, 235310 complete and 0 interrupted iterations
steady_500_rps ✓ [ 100% ] 0000/0500 VUs  5m0s          500.00 iters/s
burst_2000_rps   [  71% ] 0001/2075 VUs  0m42.8s/1m0s  2000.00 iters/s

running (5m43.8s), 0001/2575 VUs, 237310 complete and 0 interrupted iterations
steady_500_rps ✓ [ 100% ] 0000/0500 VUs  5m0s          500.00 iters/s
burst_2000_rps   [  73% ] 0001/2075 VUs  0m43.8s/1m0s  2000.00 iters/s

running (5m44.8s), 0021/2575 VUs, 239292 complete and 0 interrupted iterations
steady_500_rps ✓ [ 100% ] 0000/0500 VUs  5m0s          500.00 iters/s
burst_2000_rps   [  75% ] 0021/2075 VUs  0m44.8s/1m0s  2000.00 iters/s

running (5m45.8s), 0038/2575 VUs, 241273 complete and 0 interrupted iterations
steady_500_rps ✓ [ 100% ] 0000/0500 VUs  5m0s          500.00 iters/s
burst_2000_rps   [  76% ] 0037/2075 VUs  0m45.8s/1m0s  2000.00 iters/s

running (5m46.8s), 0657/2575 VUs, 242654 complete and 0 interrupted iterations
steady_500_rps ✓ [ 100% ] 0000/0500 VUs  5m0s          500.00 iters/s
burst_2000_rps   [  78% ] 0657/2075 VUs  0m46.8s/1m0s  2000.00 iters/s

running (5m47.8s), 0073/2575 VUs, 245238 complete and 0 interrupted iterations
steady_500_rps ✓ [ 100% ] 0000/0500 VUs  5m0s          500.00 iters/s
burst_2000_rps   [  80% ] 0073/2075 VUs  0m47.8s/1m0s  2000.00 iters/s

running (5m48.8s), 0750/2575 VUs, 246562 complete and 0 interrupted iterations
steady_500_rps ✓ [ 100% ] 0000/0500 VUs  5m0s          500.00 iters/s
burst_2000_rps   [  81% ] 0750/2075 VUs  0m48.8s/1m0s  2000.00 iters/s

running (5m49.8s), 0001/2575 VUs, 249310 complete and 0 interrupted iterations
steady_500_rps ✓ [ 100% ] 0000/0500 VUs  5m0s          500.00 iters/s
burst_2000_rps   [  83% ] 0001/2075 VUs  0m49.8s/1m0s  2000.00 iters/s

running (5m50.8s), 1288/2575 VUs, 250024 complete and 0 interrupted iterations
steady_500_rps ✓ [ 100% ] 0000/0500 VUs  5m0s          500.00 iters/s
burst_2000_rps   [  85% ] 1288/2075 VUs  0m50.8s/1m0s  2000.00 iters/s

running (5m51.8s), 1188/2575 VUs, 252122 complete and 0 interrupted iterations
steady_500_rps ✓ [ 100% ] 0000/0500 VUs  5m0s          500.00 iters/s
burst_2000_rps   [  86% ] 1188/2075 VUs  0m51.8s/1m0s  2000.00 iters/s

running (5m52.8s), 0720/2575 VUs, 254590 complete and 0 interrupted iterations
steady_500_rps ✓ [ 100% ] 0000/0500 VUs  5m0s          500.00 iters/s
burst_2000_rps   [  88% ] 0721/2075 VUs  0m52.8s/1m0s  2000.00 iters/s

running (5m53.8s), 0453/2575 VUs, 256859 complete and 0 interrupted iterations
steady_500_rps ✓ [ 100% ] 0000/0500 VUs  5m0s          500.00 iters/s
burst_2000_rps   [  90% ] 0453/2075 VUs  0m53.8s/1m0s  2000.00 iters/s

running (5m54.8s), 0001/2575 VUs, 259310 complete and 0 interrupted iterations
steady_500_rps ✓ [ 100% ] 0000/0500 VUs  5m0s          500.00 iters/s
burst_2000_rps   [  91% ] 0001/2075 VUs  0m54.8s/1m0s  2000.00 iters/s

running (5m55.8s), 0332/2575 VUs, 260978 complete and 0 interrupted iterations
steady_500_rps ✓ [ 100% ] 0000/0500 VUs  5m0s          500.00 iters/s
burst_2000_rps   [  93% ] 0332/2075 VUs  0m55.8s/1m0s  2000.00 iters/s

running (5m56.8s), 0682/2575 VUs, 262630 complete and 0 interrupted iterations
steady_500_rps ✓ [ 100% ] 0000/0500 VUs  5m0s          500.00 iters/s
burst_2000_rps   [  95% ] 0683/2075 VUs  0m56.8s/1m0s  2000.00 iters/s

running (5m57.8s), 0698/2575 VUs, 264612 complete and 0 interrupted iterations
steady_500_rps ✓ [ 100% ] 0000/0500 VUs  5m0s          500.00 iters/s
burst_2000_rps   [  96% ] 0699/2075 VUs  0m57.8s/1m0s  2000.00 iters/s

running (5m58.8s), 0001/2575 VUs, 267310 complete and 0 interrupted iterations
steady_500_rps ✓ [ 100% ] 0000/0500 VUs  5m0s          500.00 iters/s
burst_2000_rps   [  98% ] 0001/2075 VUs  0m58.8s/1m0s  2000.00 iters/s

running (5m59.8s), 0091/2575 VUs, 269220 complete and 0 interrupted iterations
steady_500_rps ✓ [ 100% ] 0000/0500 VUs  5m0s          500.00 iters/s
burst_2000_rps   [ 100% ] 0091/2075 VUs  0m59.8s/1m0s  2000.00 iters/s


  █ THRESHOLDS 

    cpredict_response_errors
    ✓ 'rate<0.005' rate=0.00%

    cpredict_server_errors
    ✓ 'rate<0.005' rate=0.00%

    cpredict_transport_errors
    ✓ 'rate<0.005' rate=0.00%

    dropped_iterations
    ✗ 'count==0' count=319

    http_req_duration
    ✗ 'p(95)<300' p(95)=332.99ms
    ✗ 'p(99)<750' p(99)=751.54ms


  █ TOTAL RESULTS 

    checks_total.......: 269682  749.080089/s
    checks_succeeded...: 100.00% 269682 out of 269682
    checks_failed......: 0.00%   0 out of 269682

    ✓ HTTP response is 2xx

    CUSTOM
    cpredict_response_errors.......: 0.00%  0 out of 269682
    cpredict_server_errors.........: 0.00%  0 out of 269682
    cpredict_transport_errors......: 0.00%  0 out of 269682

    HTTP
    http_req_duration..............: avg=46.29ms min=118µs    med=711µs    max=1.38s p(90)=148.33ms p(95)=332.99ms p(99)=751.54ms
      { expected_response:true }...: avg=46.29ms min=118µs    med=711µs    max=1.38s p(90)=148.33ms p(95)=332.99ms p(99)=751.54ms
    http_req_failed................: 0.00%  0 out of 269682
    http_reqs......................: 269682 749.080089/s

    EXECUTION
    dropped_iterations.............: 319    0.886068/s
    iteration_duration.............: avg=46.82ms min=148.66µs med=879.83µs max=1.38s p(90)=150.11ms p(95)=335.93ms p(99)=752.01ms
    iterations.....................: 269682 749.080089/s
    vus............................: 91     min=0           max=1508
    vus_max........................: 2575   min=2500        max=2575

    NETWORK
    data_received..................: 1.7 GB 4.9 MB/s
    data_sent......................: 45 MB  124 kB/s




running (6m00.0s), 0000/2575 VUs, 269682 complete and 0 interrupted iterations
steady_500_rps ✓ [ 100% ] 0000/0500 VUs  5m0s  500.00 iters/s
burst_2000_rps ✓ [ 100% ] 0000/2075 VUs  1m0s  2000.00 iters/s
time="2026-08-08T22:57:09+08:00" level=error msg="thresholds on metrics 'dropped_iterations, http_req_duration' have been crossed"
