
-------------------------------------------------------------------------------------------------
# Configuration
-------------------------------------------------------------------------------------------------
Root - /private/var/folders/gc/k2l60lnx7d59j65323br2fr40000gn/T/cpredict-aderyn.mjuhBh/repo
Source - /private/var/folders/gc/k2l60lnx7d59j65323br2fr40000gn/T/cpredict-aderyn.mjuhBh/repo/src
Remappings - [
    "@openzeppelin/contracts/=lib/openzeppelin-contracts/contracts/",
    "@account-abstraction/=lib/account-abstraction/contracts/",
    "permit2/=lib/permit2/src/",
    "forge-std/=lib/forge-std/src/",
    "account-abstraction/=lib/account-abstraction/contracts/",
    "openzeppelin-contracts/=/Users/undef1ned/Work/local/cpredict/lib/openzeppelin-contracts/contracts/",
    "solmate/=/Users/undef1ned/Work/local/cpredict/lib/permit2/lib/solmate/",
]
EVM version - cancun
-------------------------------------------------------------------------------------------------
# Source Scope
-------------------------------------------------------------------------------------------------
Include Filepaths Containing - No specific criteria.
Exclude Filepaths Containing - [
    "lib",
    "test",
    "script",
    "ref",
    "node_modules",
    "out",
    "cache",
]
Auto Excluding - No Files.
-------------------------------------------------------------------------------------------------
# Compiling Abstract Syntax Trees
-------------------------------------------------------------------------------------------------
Ingesting 21 compiled files [solc : v0.8.36]
-------------------------------------------------------------------------------------------------
# Scanning Contracts
-------------------------------------------------------------------------------------------------
Running 88 detectors
Detectors run, printing report.
Report printed to reports/security/aderyn.json

✔  Done! Fast, clean, effective.
⭐ Support the project with a star:
https://github.com/Cyfrin/aderyn
