[2026-09-01 12:22:54.39] Compiling `test/security/EchidnaMarketAccounting.sol`... Done! (5.997711s)
Analyzing contract: /private/var/folders/gc/k2l60lnx7d59j65323br2fr40000gn/T/cpredict-echidna.X0qPpy/repo/test/security/EchidnaMarketAccounting.sol:EchidnaMarketAccounting
[2026-09-01 12:23:00.64] Running slither on `test/security/EchidnaMarketAccounting.sol`... WARNING: Running slither failed. Echidna will continue, however fuzzing will likely be less effective.

Done! (2.039521s)
Loaded 0 transaction sequences from reports/security/echidna-corpus/reproducers
Loaded 0 transaction sequences from reports/security/echidna-corpus/coverage
[2026-09-01 12:23:03.07] [Worker 0] New coverage: 19700 instr, 23 contracts, 1 seqs in corpus
[2026-09-01 12:23:03.08]  Saved reproducer to reports/security/echidna-corpus/coverage/8188881494863438981.txt
[2026-09-01 12:23:04.04] [Worker 0] New coverage: 19703 instr, 23 contracts, 2 seqs in corpus
[2026-09-01 12:23:04.05]  Saved reproducer to reports/security/echidna-corpus/coverage/7621099235912527244.txt
[2026-09-01 12:23:04.60] [Worker 0] New coverage: 19930 instr, 23 contracts, 3 seqs in corpus
[2026-09-01 12:23:04.60]  Saved reproducer to reports/security/echidna-corpus/coverage/1622590320539958989.txt
[2026-09-01 12:23:05.74] [status] tests: 0/4, fuzzing: 1806/1000000, values: [], cov: 19930, corpus: 3, gas/s: 49158997
[2026-09-01 12:23:08.09] [Worker 0] New coverage: 19942 instr, 23 contracts, 4 seqs in corpus
[2026-09-01 12:23:08.09]  Saved reproducer to reports/security/echidna-corpus/coverage/2529079352281748540.txt
[2026-09-01 12:23:08.74] [status] tests: 0/4, fuzzing: 4513/1000000, values: [], cov: 19942, corpus: 4, gas/s: 73667195
[2026-09-01 12:23:11.74] [status] tests: 0/4, fuzzing: 6589/1000000, values: [], cov: 19942, corpus: 4, gas/s: 56680693
[2026-09-01 12:23:14.74] [status] tests: 0/4, fuzzing: 8899/1000000, values: [], cov: 19942, corpus: 4, gas/s: 63451283
[2026-09-01 12:23:17.33] [Worker 0] New coverage: 20067 instr, 23 contracts, 5 seqs in corpus
[2026-09-01 12:23:17.34]  Saved reproducer to reports/security/echidna-corpus/coverage/6077790058850073333.txt
[2026-09-01 12:23:17.75] [status] tests: 0/4, fuzzing: 11833/1000000, values: [], cov: 20067, corpus: 5, gas/s: 80884373
[2026-09-01 12:23:20.75] [status] tests: 0/4, fuzzing: 14799/1000000, values: [], cov: 20067, corpus: 5, gas/s: 81878731
[2026-09-01 12:23:23.75] [status] tests: 0/4, fuzzing: 17871/1000000, values: [], cov: 20067, corpus: 5, gas/s: 84559004
[2026-09-01 12:23:24.33] [Worker 0] New coverage: 20071 instr, 23 contracts, 6 seqs in corpus
[2026-09-01 12:23:24.33]  Saved reproducer to reports/security/echidna-corpus/coverage/7084087058676147160.txt
[2026-09-01 12:23:26.75] [status] tests: 0/4, fuzzing: 21066/1000000, values: [], cov: 20071, corpus: 6, gas/s: 90072112
[2026-09-01 12:23:29.75] [status] tests: 0/4, fuzzing: 23870/1000000, values: [], cov: 20071, corpus: 6, gas/s: 78335798
[2026-09-01 12:23:32.75] [status] tests: 0/4, fuzzing: 27055/1000000, values: [], cov: 20071, corpus: 6, gas/s: 89308767
[2026-09-01 12:23:35.75] [status] tests: 0/4, fuzzing: 30222/1000000, values: [], cov: 20071, corpus: 6, gas/s: 88117097
[2026-09-01 12:23:38.76] [status] tests: 0/4, fuzzing: 33576/1000000, values: [], cov: 20071, corpus: 6, gas/s: 93252635
[2026-09-01 12:23:41.76] [status] tests: 0/4, fuzzing: 36720/1000000, values: [], cov: 20071, corpus: 6, gas/s: 87567313
[2026-09-01 12:23:44.76] [status] tests: 0/4, fuzzing: 40008/1000000, values: [], cov: 20071, corpus: 6, gas/s: 91302325
[2026-09-01 12:23:47.76] [status] tests: 0/4, fuzzing: 43122/1000000, values: [], cov: 20071, corpus: 6, gas/s: 86671080
[2026-09-01 12:23:50.76] [status] tests: 0/4, fuzzing: 46340/1000000, values: [], cov: 20071, corpus: 6, gas/s: 90969262
[2026-09-01 12:23:53.76] [status] tests: 0/4, fuzzing: 49665/1000000, values: [], cov: 20071, corpus: 6, gas/s: 92363697
[2026-09-01 12:23:56.77] [status] tests: 0/4, fuzzing: 52654/1000000, values: [], cov: 20071, corpus: 6, gas/s: 82444347
[2026-09-01 12:23:59.77] [status] tests: 0/4, fuzzing: 55554/1000000, values: [], cov: 20071, corpus: 6, gas/s: 79558955
[2026-09-01 12:24:02.77] [status] tests: 0/4, fuzzing: 57876/1000000, values: [], cov: 20071, corpus: 6, gas/s: 64362322
[2026-09-01 12:24:05.77] [status] tests: 0/4, fuzzing: 60738/1000000, values: [], cov: 20071, corpus: 6, gas/s: 79640584
[2026-09-01 12:24:08.71] [Worker 0] New coverage: 20104 instr, 23 contracts, 7 seqs in corpus
[2026-09-01 12:24:08.71]  Saved reproducer to reports/security/echidna-corpus/coverage/6130513618608420391.txt
[2026-09-01 12:24:08.78] [status] tests: 0/4, fuzzing: 64116/1000000, values: [], cov: 20104, corpus: 7, gas/s: 94012453
[2026-09-01 12:24:11.78] [status] tests: 0/4, fuzzing: 66832/1000000, values: [], cov: 20104, corpus: 7, gas/s: 74976376
[2026-09-01 12:24:14.78] [status] tests: 0/4, fuzzing: 69529/1000000, values: [], cov: 20104, corpus: 7, gas/s: 76688813
[2026-09-01 12:24:17.78] [status] tests: 0/4, fuzzing: 72419/1000000, values: [], cov: 20104, corpus: 7, gas/s: 80231722
[2026-09-01 12:24:20.78] [status] tests: 0/4, fuzzing: 75600/1000000, values: [], cov: 20104, corpus: 7, gas/s: 88012660
[2026-09-01 12:24:23.79] [status] tests: 0/4, fuzzing: 78648/1000000, values: [], cov: 20104, corpus: 7, gas/s: 86024128
[2026-09-01 12:24:26.79] [status] tests: 0/4, fuzzing: 81663/1000000, values: [], cov: 20104, corpus: 7, gas/s: 83074303
[2026-09-01 12:24:29.79] [status] tests: 0/4, fuzzing: 84878/1000000, values: [], cov: 20104, corpus: 7, gas/s: 89334928
[2026-09-01 12:24:32.79] [status] tests: 0/4, fuzzing: 88061/1000000, values: [], cov: 20104, corpus: 7, gas/s: 89329688
[2026-09-01 12:24:35.79] [status] tests: 0/4, fuzzing: 91217/1000000, values: [], cov: 20104, corpus: 7, gas/s: 86390614
[2026-09-01 12:24:38.79] [status] tests: 0/4, fuzzing: 94382/1000000, values: [], cov: 20104, corpus: 7, gas/s: 89364615
[2026-09-01 12:24:41.79] [status] tests: 0/4, fuzzing: 97425/1000000, values: [], cov: 20104, corpus: 7, gas/s: 86110617
[2026-09-01 12:24:44.80] [status] tests: 0/4, fuzzing: 100005/1000000, values: [], cov: 20104, corpus: 7, gas/s: 71807490
[2026-09-01 12:24:47.80] [status] tests: 0/4, fuzzing: 102900/1000000, values: [], cov: 20104, corpus: 7, gas/s: 81636945
[2026-09-01 12:24:50.80] [status] tests: 0/4, fuzzing: 105471/1000000, values: [], cov: 20104, corpus: 7, gas/s: 70953940
[2026-09-01 12:24:53.81] [status] tests: 0/4, fuzzing: 108666/1000000, values: [], cov: 20104, corpus: 7, gas/s: 88944672
[2026-09-01 12:24:56.81] [status] tests: 0/4, fuzzing: 111727/1000000, values: [], cov: 20104, corpus: 7, gas/s: 85065182
[2026-09-01 12:24:59.81] [status] tests: 0/4, fuzzing: 114823/1000000, values: [], cov: 20104, corpus: 7, gas/s: 86731573
[2026-09-01 12:25:02.82] [status] tests: 0/4, fuzzing: 117743/1000000, values: [], cov: 20104, corpus: 7, gas/s: 82586680
[2026-09-01 12:25:05.82] [status] tests: 0/4, fuzzing: 120679/1000000, values: [], cov: 20104, corpus: 7, gas/s: 81585087
[2026-09-01 12:25:08.82] [status] tests: 0/4, fuzzing: 123887/1000000, values: [], cov: 20104, corpus: 7, gas/s: 90995845
[2026-09-01 12:25:11.82] [status] tests: 0/4, fuzzing: 126613/1000000, values: [], cov: 20104, corpus: 7, gas/s: 75722088
[2026-09-01 12:25:14.82] [status] tests: 0/4, fuzzing: 129597/1000000, values: [], cov: 20104, corpus: 7, gas/s: 82512199
[2026-09-01 12:25:17.82] [status] tests: 0/4, fuzzing: 132576/1000000, values: [], cov: 20104, corpus: 7, gas/s: 84422772
[2026-09-01 12:25:20.83] [status] tests: 0/4, fuzzing: 134960/1000000, values: [], cov: 20104, corpus: 7, gas/s: 65141797
[2026-09-01 12:25:23.83] [status] tests: 0/4, fuzzing: 137608/1000000, values: [], cov: 20104, corpus: 7, gas/s: 73408367
[2026-09-01 12:25:26.83] [status] tests: 0/4, fuzzing: 140699/1000000, values: [], cov: 20104, corpus: 7, gas/s: 86425543
[2026-09-01 12:25:29.83] [status] tests: 0/4, fuzzing: 144046/1000000, values: [], cov: 20104, corpus: 7, gas/s: 93522158
[2026-09-01 12:25:32.83] [status] tests: 0/4, fuzzing: 147331/1000000, values: [], cov: 20104, corpus: 7, gas/s: 90855530
[2026-09-01 12:25:35.84] [status] tests: 0/4, fuzzing: 150125/1000000, values: [], cov: 20104, corpus: 7, gas/s: 79041640
[2026-09-01 12:25:38.84] [status] tests: 0/4, fuzzing: 152890/1000000, values: [], cov: 20104, corpus: 7, gas/s: 77182866
[2026-09-01 12:25:41.84] [status] tests: 0/4, fuzzing: 154800/1000000, values: [], cov: 20104, corpus: 7, gas/s: 53601182
[2026-09-01 12:25:43.46] [Worker 0] New coverage: 24343 instr, 23 contracts, 8 seqs in corpus
[2026-09-01 12:25:43.47]  Saved reproducer to reports/security/echidna-corpus/coverage/8382545013119636375.txt
[2026-09-01 12:25:43.97] [Worker 0] New coverage: 24367 instr, 23 contracts, 9 seqs in corpus
[2026-09-01 12:25:43.97]  Saved reproducer to reports/security/echidna-corpus/coverage/3205791379161870281.txt
[2026-09-01 12:25:44.85] [status] tests: 0/4, fuzzing: 157597/1000000, values: [], cov: 24367, corpus: 9, gas/s: 77240065
[2026-09-01 12:25:47.85] [status] tests: 0/4, fuzzing: 160357/1000000, values: [], cov: 24367, corpus: 9, gas/s: 74711982
[2026-09-01 12:25:50.85] [status] tests: 0/4, fuzzing: 163268/1000000, values: [], cov: 24367, corpus: 9, gas/s: 79043168
[2026-09-01 12:25:53.85] [status] tests: 0/4, fuzzing: 165492/1000000, values: [], cov: 24367, corpus: 9, gas/s: 60683316
[2026-09-01 12:25:56.86] [status] tests: 0/4, fuzzing: 168061/1000000, values: [], cov: 24367, corpus: 9, gas/s: 71010724
[2026-09-01 12:25:59.86] [status] tests: 0/4, fuzzing: 170615/1000000, values: [], cov: 24367, corpus: 9, gas/s: 69266988
[2026-09-01 12:26:02.86] [status] tests: 0/4, fuzzing: 173178/1000000, values: [], cov: 24367, corpus: 9, gas/s: 68754849
[2026-09-01 12:26:05.86] [status] tests: 0/4, fuzzing: 175479/1000000, values: [], cov: 24367, corpus: 9, gas/s: 63258330
[2026-09-01 12:26:08.87] [status] tests: 0/4, fuzzing: 178355/1000000, values: [], cov: 24367, corpus: 9, gas/s: 78730619
[2026-09-01 12:26:11.87] [status] tests: 0/4, fuzzing: 179781/1000000, values: [], cov: 24367, corpus: 9, gas/s: 38262142
[2026-09-01 12:26:14.95] [status] tests: 0/4, fuzzing: 181974/1000000, values: [], cov: 24367, corpus: 9, gas/s: 58842834
[2026-09-01 12:26:17.96] [status] tests: 0/4, fuzzing: 184113/1000000, values: [], cov: 24367, corpus: 9, gas/s: 58531194
[2026-09-01 12:26:20.97] [status] tests: 0/4, fuzzing: 186177/1000000, values: [], cov: 24367, corpus: 9, gas/s: 57005799
[2026-09-01 12:26:23.97] [status] tests: 0/4, fuzzing: 188731/1000000, values: [], cov: 24367, corpus: 9, gas/s: 69055338
[2026-09-01 12:26:26.97] [status] tests: 0/4, fuzzing: 191326/1000000, values: [], cov: 24367, corpus: 9, gas/s: 71258041
[2026-09-01 12:26:29.97] [status] tests: 0/4, fuzzing: 193714/1000000, values: [], cov: 24367, corpus: 9, gas/s: 64697641
[2026-09-01 12:26:32.97] [status] tests: 0/4, fuzzing: 196133/1000000, values: [], cov: 24367, corpus: 9, gas/s: 66356348
[2026-09-01 12:26:35.97] [status] tests: 0/4, fuzzing: 199065/1000000, values: [], cov: 24367, corpus: 9, gas/s: 79489708
[2026-09-01 12:26:38.98] [status] tests: 0/4, fuzzing: 202286/1000000, values: [], cov: 24367, corpus: 9, gas/s: 87025533
[2026-09-01 12:26:41.98] [status] tests: 0/4, fuzzing: 205481/1000000, values: [], cov: 24367, corpus: 9, gas/s: 85267738
[2026-09-01 12:26:44.98] [status] tests: 0/4, fuzzing: 208328/1000000, values: [], cov: 24367, corpus: 9, gas/s: 78005032
[2026-09-01 12:26:47.98] [status] tests: 0/4, fuzzing: 210808/1000000, values: [], cov: 24367, corpus: 9, gas/s: 66844810
[2026-09-01 12:26:50.98] [status] tests: 0/4, fuzzing: 213259/1000000, values: [], cov: 24367, corpus: 9, gas/s: 65630550
[2026-09-01 12:26:53.98] [status] tests: 0/4, fuzzing: 216158/1000000, values: [], cov: 24367, corpus: 9, gas/s: 79836440
[2026-09-01 12:26:56.98] [status] tests: 0/4, fuzzing: 219391/1000000, values: [], cov: 24367, corpus: 9, gas/s: 87012452
[2026-09-01 12:26:59.99] [status] tests: 0/4, fuzzing: 222618/1000000, values: [], cov: 24367, corpus: 9, gas/s: 88222248
[2026-09-01 12:27:02.99] [status] tests: 0/4, fuzzing: 225890/1000000, values: [], cov: 24367, corpus: 9, gas/s: 88414116
[2026-09-01 12:27:05.99] [status] tests: 0/4, fuzzing: 229257/1000000, values: [], cov: 24367, corpus: 9, gas/s: 90994390
[2026-09-01 12:27:08.99] [status] tests: 0/4, fuzzing: 232422/1000000, values: [], cov: 24367, corpus: 9, gas/s: 86074646
[2026-09-01 12:27:09.17] [Worker 0] New coverage: 24373 instr, 23 contracts, 10 seqs in corpus
[2026-09-01 12:27:09.17]  Saved reproducer to reports/security/echidna-corpus/coverage/1342486699235072933.txt
[2026-09-01 12:27:12.00] [status] tests: 0/4, fuzzing: 235518/1000000, values: [], cov: 24373, corpus: 10, gas/s: 83524389
[2026-09-01 12:27:15.00] [status] tests: 0/4, fuzzing: 238740/1000000, values: [], cov: 24373, corpus: 10, gas/s: 86146130
[2026-09-01 12:27:18.00] [status] tests: 0/4, fuzzing: 241997/1000000, values: [], cov: 24373, corpus: 10, gas/s: 86571994
[2026-09-01 12:27:21.00] [status] tests: 0/4, fuzzing: 245151/1000000, values: [], cov: 24373, corpus: 10, gas/s: 83786247
[2026-09-01 12:27:24.00] [status] tests: 0/4, fuzzing: 248501/1000000, values: [], cov: 24373, corpus: 10, gas/s: 89362185
[2026-09-01 12:27:27.00] [status] tests: 0/4, fuzzing: 251799/1000000, values: [], cov: 24373, corpus: 10, gas/s: 87415120
[2026-09-01 12:27:30.01] [status] tests: 0/4, fuzzing: 255039/1000000, values: [], cov: 24373, corpus: 10, gas/s: 86763293
[2026-09-01 12:27:33.01] [status] tests: 0/4, fuzzing: 258377/1000000, values: [], cov: 24373, corpus: 10, gas/s: 88584881
[2026-09-01 12:27:36.01] [status] tests: 0/4, fuzzing: 261684/1000000, values: [], cov: 24373, corpus: 10, gas/s: 88223819
[2026-09-01 12:27:39.01] [status] tests: 0/4, fuzzing: 265015/1000000, values: [], cov: 24373, corpus: 10, gas/s: 88319102
[2026-09-01 12:27:42.01] [status] tests: 0/4, fuzzing: 267526/1000000, values: [], cov: 24373, corpus: 10, gas/s: 66646522
[2026-09-01 12:27:45.02] [status] tests: 0/4, fuzzing: 270329/1000000, values: [], cov: 24373, corpus: 10, gas/s: 75039930
[2026-09-01 12:27:48.02] [status] tests: 0/4, fuzzing: 273484/1000000, values: [], cov: 24373, corpus: 10, gas/s: 84175862
[2026-09-01 12:27:51.02] [status] tests: 0/4, fuzzing: 276415/1000000, values: [], cov: 24373, corpus: 10, gas/s: 77432001
[2026-09-01 12:27:54.02] [status] tests: 0/4, fuzzing: 278851/1000000, values: [], cov: 24373, corpus: 10, gas/s: 66489851
[2026-09-01 12:27:57.03] [status] tests: 0/4, fuzzing: 281259/1000000, values: [], cov: 24373, corpus: 10, gas/s: 64120201
[2026-09-01 12:28:00.03] [status] tests: 0/4, fuzzing: 284182/1000000, values: [], cov: 24373, corpus: 10, gas/s: 78274690
[2026-09-01 12:28:03.03] [status] tests: 0/4, fuzzing: 287440/1000000, values: [], cov: 24373, corpus: 10, gas/s: 87766716
[2026-09-01 12:28:06.03] [status] tests: 0/4, fuzzing: 290377/1000000, values: [], cov: 24373, corpus: 10, gas/s: 80124805
[2026-09-01 12:28:09.03] [status] tests: 0/4, fuzzing: 293376/1000000, values: [], cov: 24373, corpus: 10, gas/s: 80221981
[2026-09-01 12:28:12.04] [status] tests: 0/4, fuzzing: 296214/1000000, values: [], cov: 24373, corpus: 10, gas/s: 75543606
[2026-09-01 12:28:15.19] [status] tests: 0/4, fuzzing: 298714/1000000, values: [], cov: 24373, corpus: 10, gas/s: 66798706
[2026-09-01 12:28:18.22] [status] tests: 0/4, fuzzing: 301594/1000000, values: [], cov: 24373, corpus: 10, gas/s: 77446830
[2026-09-01 12:28:21.23] [status] tests: 0/4, fuzzing: 304435/1000000, values: [], cov: 24373, corpus: 10, gas/s: 75945526
[2026-09-01 12:28:24.23] [status] tests: 0/4, fuzzing: 307523/1000000, values: [], cov: 24373, corpus: 10, gas/s: 83035481
[2026-09-01 12:28:27.23] [status] tests: 0/4, fuzzing: 310705/1000000, values: [], cov: 24373, corpus: 10, gas/s: 86417633
[2026-09-01 12:28:30.23] [status] tests: 0/4, fuzzing: 313940/1000000, values: [], cov: 24373, corpus: 10, gas/s: 85636801
[2026-09-01 12:28:33.23] [status] tests: 0/4, fuzzing: 317256/1000000, values: [], cov: 24373, corpus: 10, gas/s: 88213699
[2026-09-01 12:28:36.23] [status] tests: 0/4, fuzzing: 320223/1000000, values: [], cov: 24373, corpus: 10, gas/s: 80412276
[2026-09-01 12:28:39.24] [status] tests: 0/4, fuzzing: 323418/1000000, values: [], cov: 24373, corpus: 10, gas/s: 86060560
[2026-09-01 12:28:42.24] [status] tests: 0/4, fuzzing: 325832/1000000, values: [], cov: 24373, corpus: 10, gas/s: 64845047
[2026-09-01 12:28:45.24] [status] tests: 0/4, fuzzing: 328278/1000000, values: [], cov: 24373, corpus: 10, gas/s: 66347586
[2026-09-01 12:28:48.24] [status] tests: 0/4, fuzzing: 330718/1000000, values: [], cov: 24373, corpus: 10, gas/s: 64957225
[2026-09-01 12:28:51.25] [status] tests: 0/4, fuzzing: 333244/1000000, values: [], cov: 24373, corpus: 10, gas/s: 69383562
[2026-09-01 12:28:54.25] [status] tests: 0/4, fuzzing: 336386/1000000, values: [], cov: 24373, corpus: 10, gas/s: 83709681
[2026-09-01 12:28:57.25] [status] tests: 0/4, fuzzing: 339608/1000000, values: [], cov: 24373, corpus: 10, gas/s: 85743632
[2026-09-01 12:29:00.26] [status] tests: 0/4, fuzzing: 342841/1000000, values: [], cov: 24373, corpus: 10, gas/s: 85681309
[2026-09-01 12:29:03.26] [status] tests: 0/4, fuzzing: 345751/1000000, values: [], cov: 24373, corpus: 10, gas/s: 77192351
[2026-09-01 12:29:06.26] [status] tests: 0/4, fuzzing: 348702/1000000, values: [], cov: 24373, corpus: 10, gas/s: 80389306
[2026-09-01 12:29:09.27] [status] tests: 0/4, fuzzing: 351900/1000000, values: [], cov: 24373, corpus: 10, gas/s: 85659933
[2026-09-01 12:29:12.27] [status] tests: 0/4, fuzzing: 354604/1000000, values: [], cov: 24373, corpus: 10, gas/s: 71395742
[2026-09-01 12:29:15.27] [status] tests: 0/4, fuzzing: 357574/1000000, values: [], cov: 24373, corpus: 10, gas/s: 78972305
[2026-09-01 12:29:18.27] [status] tests: 0/4, fuzzing: 360251/1000000, values: [], cov: 24373, corpus: 10, gas/s: 72330591
[2026-09-01 12:29:21.27] [status] tests: 0/4, fuzzing: 362663/1000000, values: [], cov: 24373, corpus: 10, gas/s: 64829897
[2026-09-01 12:29:24.28] [status] tests: 0/4, fuzzing: 365198/1000000, values: [], cov: 24373, corpus: 10, gas/s: 66739742
[2026-09-01 12:29:27.30] [status] tests: 0/4, fuzzing: 367592/1000000, values: [], cov: 24373, corpus: 10, gas/s: 63500184
[2026-09-01 12:29:30.30] [status] tests: 0/4, fuzzing: 369720/1000000, values: [], cov: 24373, corpus: 10, gas/s: 55721174
[2026-09-01 12:29:33.31] [status] tests: 0/4, fuzzing: 372726/1000000, values: [], cov: 24373, corpus: 10, gas/s: 80155254
[2026-09-01 12:29:36.31] [status] tests: 0/4, fuzzing: 375401/1000000, values: [], cov: 24373, corpus: 10, gas/s: 70825309
[2026-09-01 12:29:39.31] [status] tests: 0/4, fuzzing: 378371/1000000, values: [], cov: 24373, corpus: 10, gas/s: 79691079
[2026-09-01 12:29:42.32] [status] tests: 0/4, fuzzing: 381029/1000000, values: [], cov: 24373, corpus: 10, gas/s: 70453396
[2026-09-01 12:29:45.32] [status] tests: 0/4, fuzzing: 383847/1000000, values: [], cov: 24373, corpus: 10, gas/s: 75183240
[2026-09-01 12:29:48.32] [status] tests: 0/4, fuzzing: 387092/1000000, values: [], cov: 24373, corpus: 10, gas/s: 86511035
[2026-09-01 12:29:51.33] [status] tests: 0/4, fuzzing: 390067/1000000, values: [], cov: 24373, corpus: 10, gas/s: 79728204
[2026-09-01 12:29:54.33] [status] tests: 0/4, fuzzing: 392905/1000000, values: [], cov: 24373, corpus: 10, gas/s: 74712488
[2026-09-01 12:29:57.33] [status] tests: 0/4, fuzzing: 395471/1000000, values: [], cov: 24373, corpus: 10, gas/s: 67776579
[2026-09-01 12:30:00.34] [status] tests: 0/4, fuzzing: 398180/1000000, values: [], cov: 24373, corpus: 10, gas/s: 72725222
[2026-09-01 12:30:03.37] [status] tests: 0/4, fuzzing: 401203/1000000, values: [], cov: 24373, corpus: 10, gas/s: 80506638
[2026-09-01 12:30:06.38] [status] tests: 0/4, fuzzing: 404377/1000000, values: [], cov: 24373, corpus: 10, gas/s: 85044285
[2026-09-01 12:30:09.38] [status] tests: 0/4, fuzzing: 407580/1000000, values: [], cov: 24373, corpus: 10, gas/s: 84808349
[2026-09-01 12:30:12.38] [status] tests: 0/4, fuzzing: 410475/1000000, values: [], cov: 24373, corpus: 10, gas/s: 77473228
[2026-09-01 12:30:15.38] [status] tests: 0/4, fuzzing: 413477/1000000, values: [], cov: 24373, corpus: 10, gas/s: 79973194
[2026-09-01 12:30:18.38] [status] tests: 0/4, fuzzing: 416631/1000000, values: [], cov: 24373, corpus: 10, gas/s: 83215773
[2026-09-01 12:30:21.39] [status] tests: 0/4, fuzzing: 419809/1000000, values: [], cov: 24373, corpus: 10, gas/s: 84907284
[2026-09-01 12:30:24.39] [status] tests: 0/4, fuzzing: 423040/1000000, values: [], cov: 24373, corpus: 10, gas/s: 85554720
[2026-09-01 12:30:27.39] [status] tests: 0/4, fuzzing: 426318/1000000, values: [], cov: 24373, corpus: 10, gas/s: 87471296
[2026-09-01 12:30:30.39] [status] tests: 0/4, fuzzing: 429415/1000000, values: [], cov: 24373, corpus: 10, gas/s: 81947588
[2026-09-01 12:30:33.40] [status] tests: 0/4, fuzzing: 432727/1000000, values: [], cov: 24373, corpus: 10, gas/s: 87793263
[2026-09-01 12:30:36.40] [status] tests: 0/4, fuzzing: 435783/1000000, values: [], cov: 24373, corpus: 10, gas/s: 80620313
[2026-09-01 12:30:39.40] [status] tests: 0/4, fuzzing: 439043/1000000, values: [], cov: 24373, corpus: 10, gas/s: 86726103
[2026-09-01 12:30:42.41] [status] tests: 0/4, fuzzing: 441703/1000000, values: [], cov: 24373, corpus: 10, gas/s: 71473797
[2026-09-01 12:30:45.41] [status] tests: 0/4, fuzzing: 444670/1000000, values: [], cov: 24373, corpus: 10, gas/s: 77822744
[2026-09-01 12:30:48.41] [status] tests: 0/4, fuzzing: 448029/1000000, values: [], cov: 24373, corpus: 10, gas/s: 89903993
[2026-09-01 12:30:51.41] [status] tests: 0/4, fuzzing: 451080/1000000, values: [], cov: 24373, corpus: 10, gas/s: 80925655
[2026-09-01 12:30:54.41] [status] tests: 0/4, fuzzing: 454201/1000000, values: [], cov: 24373, corpus: 10, gas/s: 82854164
[2026-09-01 12:30:57.42] [status] tests: 0/4, fuzzing: 457528/1000000, values: [], cov: 24373, corpus: 10, gas/s: 88999275
[2026-09-01 12:31:00.42] [status] tests: 0/4, fuzzing: 460768/1000000, values: [], cov: 24373, corpus: 10, gas/s: 86673163
[2026-09-01 12:31:03.42] [status] tests: 0/4, fuzzing: 464052/1000000, values: [], cov: 24373, corpus: 10, gas/s: 88300449
[2026-09-01 12:31:06.42] [status] tests: 0/4, fuzzing: 467251/1000000, values: [], cov: 24373, corpus: 10, gas/s: 87038205
[2026-09-01 12:31:09.42] [status] tests: 0/4, fuzzing: 470523/1000000, values: [], cov: 24373, corpus: 10, gas/s: 86780793
[2026-09-01 12:31:12.43] [status] tests: 0/4, fuzzing: 472303/1000000, values: [], cov: 24373, corpus: 10, gas/s: 46654736
[2026-09-01 12:31:15.43] [status] tests: 0/4, fuzzing: 474383/1000000, values: [], cov: 24373, corpus: 10, gas/s: 55074294
[2026-09-01 12:31:18.43] [status] tests: 0/4, fuzzing: 476785/1000000, values: [], cov: 24373, corpus: 10, gas/s: 63669988
[2026-09-01 12:31:21.43] [status] tests: 0/4, fuzzing: 479649/1000000, values: [], cov: 24373, corpus: 10, gas/s: 78265432
[2026-09-01 12:31:24.44] [status] tests: 0/4, fuzzing: 482867/1000000, values: [], cov: 24373, corpus: 10, gas/s: 85071529
[2026-09-01 12:31:27.44] [status] tests: 0/4, fuzzing: 486013/1000000, values: [], cov: 24373, corpus: 10, gas/s: 83016440
[2026-09-01 12:31:30.44] [status] tests: 0/4, fuzzing: 489353/1000000, values: [], cov: 24373, corpus: 10, gas/s: 89683573
[2026-09-01 12:31:33.44] [status] tests: 0/4, fuzzing: 492379/1000000, values: [], cov: 24373, corpus: 10, gas/s: 79489401
[2026-09-01 12:31:36.45] [status] tests: 0/4, fuzzing: 495552/1000000, values: [], cov: 24373, corpus: 10, gas/s: 84748495
[2026-09-01 12:31:39.45] [status] tests: 0/4, fuzzing: 498352/1000000, values: [], cov: 24373, corpus: 10, gas/s: 73620874
[2026-09-01 12:31:42.45] [status] tests: 0/4, fuzzing: 500545/1000000, values: [], cov: 24373, corpus: 10, gas/s: 57628731
[2026-09-01 12:31:45.46] [status] tests: 0/4, fuzzing: 503252/1000000, values: [], cov: 24373, corpus: 10, gas/s: 70702647
[2026-09-01 12:31:48.46] [status] tests: 0/4, fuzzing: 506568/1000000, values: [], cov: 24373, corpus: 10, gas/s: 89192213
[2026-09-01 12:31:51.46] [status] tests: 0/4, fuzzing: 509602/1000000, values: [], cov: 24373, corpus: 10, gas/s: 79981962
[2026-09-01 12:31:54.46] [status] tests: 0/4, fuzzing: 512457/1000000, values: [], cov: 24373, corpus: 10, gas/s: 76036156
[2026-09-01 12:31:57.46] [status] tests: 0/4, fuzzing: 515682/1000000, values: [], cov: 24373, corpus: 10, gas/s: 85443945
[2026-09-01 12:32:00.46] [status] tests: 0/4, fuzzing: 518923/1000000, values: [], cov: 24373, corpus: 10, gas/s: 85933585
[2026-09-01 12:32:03.47] [status] tests: 0/4, fuzzing: 522279/1000000, values: [], cov: 24373, corpus: 10, gas/s: 88989631
[2026-09-01 12:32:06.47] [status] tests: 0/4, fuzzing: 525438/1000000, values: [], cov: 24373, corpus: 10, gas/s: 84497263
[2026-09-01 12:32:09.48] [status] tests: 0/4, fuzzing: 528759/1000000, values: [], cov: 24373, corpus: 10, gas/s: 88646688
[2026-09-01 12:32:12.48] [status] tests: 0/4, fuzzing: 531984/1000000, values: [], cov: 24373, corpus: 10, gas/s: 85827070
[2026-09-01 12:32:15.48] [status] tests: 0/4, fuzzing: 534911/1000000, values: [], cov: 24373, corpus: 10, gas/s: 79575201
[2026-09-01 12:32:18.48] [status] tests: 0/4, fuzzing: 538206/1000000, values: [], cov: 24373, corpus: 10, gas/s: 88076271
[2026-09-01 12:32:21.49] [status] tests: 0/4, fuzzing: 540935/1000000, values: [], cov: 24373, corpus: 10, gas/s: 73354424
[2026-09-01 12:32:24.49] [status] tests: 0/4, fuzzing: 543997/1000000, values: [], cov: 24373, corpus: 10, gas/s: 82767539
[2026-09-01 12:32:27.49] [status] tests: 0/4, fuzzing: 546679/1000000, values: [], cov: 24373, corpus: 10, gas/s: 72372162
[2026-09-01 12:32:30.50] [status] tests: 0/4, fuzzing: 549339/1000000, values: [], cov: 24373, corpus: 10, gas/s: 71389664
[2026-09-01 12:32:33.50] [status] tests: 0/4, fuzzing: 552306/1000000, values: [], cov: 24373, corpus: 10, gas/s: 77925240
[2026-09-01 12:32:36.50] [status] tests: 0/4, fuzzing: 555345/1000000, values: [], cov: 24373, corpus: 10, gas/s: 81174243
[2026-09-01 12:32:39.50] [status] tests: 0/4, fuzzing: 557985/1000000, values: [], cov: 24373, corpus: 10, gas/s: 70444335
[2026-09-01 12:32:42.50] [status] tests: 0/4, fuzzing: 560583/1000000, values: [], cov: 24373, corpus: 10, gas/s: 68346817
[2026-09-01 12:32:45.51] [status] tests: 0/4, fuzzing: 563242/1000000, values: [], cov: 24373, corpus: 10, gas/s: 71143708
[2026-09-01 12:32:48.51] [status] tests: 0/4, fuzzing: 566419/1000000, values: [], cov: 24373, corpus: 10, gas/s: 83811481
[2026-09-01 12:32:51.51] [status] tests: 0/4, fuzzing: 568481/1000000, values: [], cov: 24373, corpus: 10, gas/s: 53775876
[2026-09-01 12:32:54.51] [status] tests: 0/4, fuzzing: 571305/1000000, values: [], cov: 24373, corpus: 10, gas/s: 75068630
[2026-09-01 12:32:57.52] [status] tests: 0/4, fuzzing: 574051/1000000, values: [], cov: 24373, corpus: 10, gas/s: 73723735
[2026-09-01 12:33:00.52] [status] tests: 0/4, fuzzing: 577009/1000000, values: [], cov: 24373, corpus: 10, gas/s: 79005072
[2026-09-01 12:33:03.52] [status] tests: 0/4, fuzzing: 579707/1000000, values: [], cov: 24373, corpus: 10, gas/s: 71815992
[2026-09-01 12:33:06.52] [status] tests: 0/4, fuzzing: 582947/1000000, values: [], cov: 24373, corpus: 10, gas/s: 85962163
[2026-09-01 12:33:09.53] [status] tests: 0/4, fuzzing: 585652/1000000, values: [], cov: 24373, corpus: 10, gas/s: 72802328
[2026-09-01 12:33:12.53] [status] tests: 0/4, fuzzing: 587481/1000000, values: [], cov: 24373, corpus: 10, gas/s: 49702212
[2026-09-01 12:33:15.53] [status] tests: 0/4, fuzzing: 589212/1000000, values: [], cov: 24373, corpus: 10, gas/s: 45093550
[2026-09-01 12:33:18.54] [status] tests: 0/4, fuzzing: 591534/1000000, values: [], cov: 24373, corpus: 10, gas/s: 61961598
[2026-09-01 12:33:21.54] [status] tests: 0/4, fuzzing: 594168/1000000, values: [], cov: 24373, corpus: 10, gas/s: 70144904
[2026-09-01 12:33:24.54] [status] tests: 0/4, fuzzing: 596404/1000000, values: [], cov: 24373, corpus: 10, gas/s: 59160158
[2026-09-01 12:33:27.55] [status] tests: 0/4, fuzzing: 599367/1000000, values: [], cov: 24373, corpus: 10, gas/s: 78693204
[2026-09-01 12:33:30.55] [status] tests: 0/4, fuzzing: 602203/1000000, values: [], cov: 24373, corpus: 10, gas/s: 76546939
[2026-09-01 12:33:33.55] [status] tests: 0/4, fuzzing: 605136/1000000, values: [], cov: 24373, corpus: 10, gas/s: 77470545
[2026-09-01 12:33:36.56] [status] tests: 0/4, fuzzing: 607757/1000000, values: [], cov: 24373, corpus: 10, gas/s: 70001674
[2026-09-01 12:33:39.57] [status] tests: 0/4, fuzzing: 610137/1000000, values: [], cov: 24373, corpus: 10, gas/s: 62851657
[2026-09-01 12:33:42.59] [status] tests: 0/4, fuzzing: 612072/1000000, values: [], cov: 24373, corpus: 10, gas/s: 51643671
[2026-09-01 12:33:45.60] [status] tests: 0/4, fuzzing: 614084/1000000, values: [], cov: 24373, corpus: 10, gas/s: 52967011
[2026-09-01 12:33:48.60] [status] tests: 0/4, fuzzing: 616855/1000000, values: [], cov: 24373, corpus: 10, gas/s: 74250277
[2026-09-01 12:33:51.62] [status] tests: 0/4, fuzzing: 619111/1000000, values: [], cov: 24373, corpus: 10, gas/s: 59944808
[2026-09-01 12:33:54.67] [status] tests: 0/4, fuzzing: 621575/1000000, values: [], cov: 24373, corpus: 10, gas/s: 65959357
[2026-09-01 12:33:57.68] [status] tests: 0/4, fuzzing: 624585/1000000, values: [], cov: 24373, corpus: 10, gas/s: 81401369
[2026-09-01 12:34:00.68] [status] tests: 0/4, fuzzing: 627731/1000000, values: [], cov: 24373, corpus: 10, gas/s: 85462654
[2026-09-01 12:34:03.68] [status] tests: 0/4, fuzzing: 630941/1000000, values: [], cov: 24373, corpus: 10, gas/s: 85120426
[2026-09-01 12:34:06.68] [status] tests: 0/4, fuzzing: 634111/1000000, values: [], cov: 24373, corpus: 10, gas/s: 83892770
[2026-09-01 12:34:09.68] [status] tests: 0/4, fuzzing: 637345/1000000, values: [], cov: 24373, corpus: 10, gas/s: 85773227
[2026-09-01 12:34:12.69] [status] tests: 0/4, fuzzing: 639854/1000000, values: [], cov: 24373, corpus: 10, gas/s: 67218452
[2026-09-01 12:34:15.69] [status] tests: 0/4, fuzzing: 642751/1000000, values: [], cov: 24373, corpus: 10, gas/s: 78486577
[2026-09-01 12:34:18.69] [status] tests: 0/4, fuzzing: 645817/1000000, values: [], cov: 24373, corpus: 10, gas/s: 83505902
[2026-09-01 12:34:21.69] [status] tests: 0/4, fuzzing: 648911/1000000, values: [], cov: 24373, corpus: 10, gas/s: 83534918
[2026-09-01 12:34:24.69] [status] tests: 0/4, fuzzing: 651185/1000000, values: [], cov: 24373, corpus: 10, gas/s: 60825559
[2026-09-01 12:34:27.69] [status] tests: 0/4, fuzzing: 654103/1000000, values: [], cov: 24373, corpus: 10, gas/s: 75435934
[2026-09-01 12:34:30.70] [status] tests: 0/4, fuzzing: 657192/1000000, values: [], cov: 24373, corpus: 10, gas/s: 82335602
[2026-09-01 12:34:33.70] [status] tests: 0/4, fuzzing: 660203/1000000, values: [], cov: 24373, corpus: 10, gas/s: 80292800
[2026-09-01 12:34:36.70] [status] tests: 0/4, fuzzing: 663218/1000000, values: [], cov: 24373, corpus: 10, gas/s: 80356830
[2026-09-01 12:34:39.70] [status] tests: 0/4, fuzzing: 666451/1000000, values: [], cov: 24373, corpus: 10, gas/s: 87706844
[2026-09-01 12:34:42.70] [status] tests: 0/4, fuzzing: 669179/1000000, values: [], cov: 24373, corpus: 10, gas/s: 72480600
[2026-09-01 12:34:45.70] [status] tests: 0/4, fuzzing: 672135/1000000, values: [], cov: 24373, corpus: 10, gas/s: 79871515
[2026-09-01 12:34:48.70] [status] tests: 0/4, fuzzing: 675231/1000000, values: [], cov: 24373, corpus: 10, gas/s: 82601890
[2026-09-01 12:34:51.71] [status] tests: 0/4, fuzzing: 677865/1000000, values: [], cov: 24373, corpus: 10, gas/s: 70610228
[2026-09-01 12:34:54.71] [status] tests: 0/4, fuzzing: 680661/1000000, values: [], cov: 24373, corpus: 10, gas/s: 74172945
[2026-09-01 12:34:57.71] [status] tests: 0/4, fuzzing: 682923/1000000, values: [], cov: 24373, corpus: 10, gas/s: 59301114
[2026-09-01 12:35:00.71] [status] tests: 0/4, fuzzing: 685497/1000000, values: [], cov: 24373, corpus: 10, gas/s: 67670787
[2026-09-01 12:35:03.72] [status] tests: 0/4, fuzzing: 688131/1000000, values: [], cov: 24373, corpus: 10, gas/s: 69123378
[2026-09-01 12:35:06.72] [status] tests: 0/4, fuzzing: 690892/1000000, values: [], cov: 24373, corpus: 10, gas/s: 72839336
[2026-09-01 12:35:09.72] [status] tests: 0/4, fuzzing: 694080/1000000, values: [], cov: 24373, corpus: 10, gas/s: 85146604
[2026-09-01 12:35:12.73] [status] tests: 0/4, fuzzing: 697054/1000000, values: [], cov: 24373, corpus: 10, gas/s: 78320621
[2026-09-01 12:35:15.73] [status] tests: 0/4, fuzzing: 700077/1000000, values: [], cov: 24373, corpus: 10, gas/s: 81176711
[2026-09-01 12:35:18.73] [status] tests: 0/4, fuzzing: 702983/1000000, values: [], cov: 24373, corpus: 10, gas/s: 78562105
[2026-09-01 12:35:21.73] [status] tests: 0/4, fuzzing: 705641/1000000, values: [], cov: 24373, corpus: 10, gas/s: 69958051
[2026-09-01 12:35:24.73] [status] tests: 0/4, fuzzing: 708568/1000000, values: [], cov: 24373, corpus: 10, gas/s: 78014697
[2026-09-01 12:35:27.74] [status] tests: 0/4, fuzzing: 711446/1000000, values: [], cov: 24373, corpus: 10, gas/s: 76648269
[2026-09-01 12:35:30.74] [status] tests: 0/4, fuzzing: 714718/1000000, values: [], cov: 24373, corpus: 10, gas/s: 88246432
[2026-09-01 12:35:33.74] [status] tests: 0/4, fuzzing: 717811/1000000, values: [], cov: 24373, corpus: 10, gas/s: 82198710
[2026-09-01 12:35:36.74] [status] tests: 0/4, fuzzing: 720459/1000000, values: [], cov: 24373, corpus: 10, gas/s: 70765110
[2026-09-01 12:35:39.74] [status] tests: 0/4, fuzzing: 723039/1000000, values: [], cov: 24373, corpus: 10, gas/s: 68694718
[2026-09-01 12:35:42.74] [status] tests: 0/4, fuzzing: 725483/1000000, values: [], cov: 24373, corpus: 10, gas/s: 64252642
[2026-09-01 12:35:45.74] [status] tests: 0/4, fuzzing: 728721/1000000, values: [], cov: 24373, corpus: 10, gas/s: 86399021
[2026-09-01 12:35:48.75] [status] tests: 0/4, fuzzing: 731740/1000000, values: [], cov: 24373, corpus: 10, gas/s: 81062522
[2026-09-01 12:35:51.75] [status] tests: 0/4, fuzzing: 734449/1000000, values: [], cov: 24373, corpus: 10, gas/s: 71977891
[2026-09-01 12:35:54.75] [status] tests: 0/4, fuzzing: 736635/1000000, values: [], cov: 24373, corpus: 10, gas/s: 58949608
[2026-09-01 12:35:57.75] [status] tests: 0/4, fuzzing: 739095/1000000, values: [], cov: 24373, corpus: 10, gas/s: 65962933
[2026-09-01 12:36:00.75] [status] tests: 0/4, fuzzing: 742288/1000000, values: [], cov: 24373, corpus: 10, gas/s: 84900824
[2026-09-01 12:36:03.75] [status] tests: 0/4, fuzzing: 745339/1000000, values: [], cov: 24373, corpus: 10, gas/s: 81167059
[2026-09-01 12:36:06.76] [status] tests: 0/4, fuzzing: 748021/1000000, values: [], cov: 24373, corpus: 10, gas/s: 71625951
[2026-09-01 12:36:09.76] [status] tests: 0/4, fuzzing: 750451/1000000, values: [], cov: 24373, corpus: 10, gas/s: 64766195
[2026-09-01 12:36:12.76] [status] tests: 0/4, fuzzing: 752907/1000000, values: [], cov: 24373, corpus: 10, gas/s: 64990522
[2026-09-01 12:36:15.76] [status] tests: 0/4, fuzzing: 755783/1000000, values: [], cov: 24373, corpus: 10, gas/s: 76651079
[2026-09-01 12:36:18.76] [status] tests: 0/4, fuzzing: 758865/1000000, values: [], cov: 24373, corpus: 10, gas/s: 81646454
[2026-09-01 12:36:21.77] [status] tests: 0/4, fuzzing: 761788/1000000, values: [], cov: 24373, corpus: 10, gas/s: 79725855
[2026-09-01 12:36:24.77] [status] tests: 0/4, fuzzing: 765126/1000000, values: [], cov: 24373, corpus: 10, gas/s: 90829395
[2026-09-01 12:36:27.77] [status] tests: 0/4, fuzzing: 768359/1000000, values: [], cov: 24373, corpus: 10, gas/s: 87135858
[2026-09-01 12:36:30.77] [status] tests: 0/4, fuzzing: 771511/1000000, values: [], cov: 24373, corpus: 10, gas/s: 84517390
[2026-09-01 12:36:33.77] [status] tests: 0/4, fuzzing: 774183/1000000, values: [], cov: 24373, corpus: 10, gas/s: 71583718
[2026-09-01 12:36:36.77] [status] tests: 0/4, fuzzing: 776852/1000000, values: [], cov: 24373, corpus: 10, gas/s: 70432070
[2026-09-01 12:36:39.77] [status] tests: 0/4, fuzzing: 779476/1000000, values: [], cov: 24373, corpus: 10, gas/s: 70389969
[2026-09-01 12:36:42.77] [status] tests: 0/4, fuzzing: 782056/1000000, values: [], cov: 24373, corpus: 10, gas/s: 68518430
[2026-09-01 12:36:45.78] [status] tests: 0/4, fuzzing: 784448/1000000, values: [], cov: 24373, corpus: 10, gas/s: 62989264
[2026-09-01 12:36:48.78] [status] tests: 0/4, fuzzing: 787001/1000000, values: [], cov: 24373, corpus: 10, gas/s: 68509492
[2026-09-01 12:36:51.78] [status] tests: 0/4, fuzzing: 789801/1000000, values: [], cov: 24373, corpus: 10, gas/s: 73334637
[2026-09-01 12:36:54.78] [status] tests: 0/4, fuzzing: 792959/1000000, values: [], cov: 24373, corpus: 10, gas/s: 84912166
[2026-09-01 12:36:57.79] [status] tests: 0/4, fuzzing: 795851/1000000, values: [], cov: 24373, corpus: 10, gas/s: 77367131
[2026-09-01 12:37:00.79] [status] tests: 0/4, fuzzing: 798560/1000000, values: [], cov: 24373, corpus: 10, gas/s: 72814471
[2026-09-01 12:37:03.80] [status] tests: 0/4, fuzzing: 801710/1000000, values: [], cov: 24373, corpus: 10, gas/s: 84167266
[2026-09-01 12:37:06.80] [status] tests: 0/4, fuzzing: 804419/1000000, values: [], cov: 24373, corpus: 10, gas/s: 71347275
[2026-09-01 12:37:09.81] [status] tests: 0/4, fuzzing: 807259/1000000, values: [], cov: 24373, corpus: 10, gas/s: 75825683
[2026-09-01 12:37:12.82] [status] tests: 0/4, fuzzing: 809389/1000000, values: [], cov: 24373, corpus: 10, gas/s: 56321575
[2026-09-01 12:37:15.82] [status] tests: 0/4, fuzzing: 811281/1000000, values: [], cov: 24373, corpus: 10, gas/s: 49993510
[2026-09-01 12:37:18.82] [status] tests: 0/4, fuzzing: 814432/1000000, values: [], cov: 24373, corpus: 10, gas/s: 84275545
[2026-09-01 12:37:21.83] [status] tests: 0/4, fuzzing: 817565/1000000, values: [], cov: 24373, corpus: 10, gas/s: 84845913
[2026-09-01 12:37:24.83] [status] tests: 0/4, fuzzing: 820858/1000000, values: [], cov: 24373, corpus: 10, gas/s: 87142514
[2026-09-01 12:37:27.83] [status] tests: 0/4, fuzzing: 823887/1000000, values: [], cov: 24373, corpus: 10, gas/s: 80994952
[2026-09-01 12:37:30.83] [status] tests: 0/4, fuzzing: 826872/1000000, values: [], cov: 24373, corpus: 10, gas/s: 79792746
[2026-09-01 12:37:33.83] [status] tests: 0/4, fuzzing: 829776/1000000, values: [], cov: 24373, corpus: 10, gas/s: 77360558
[2026-09-01 12:37:36.84] [status] tests: 0/4, fuzzing: 832984/1000000, values: [], cov: 24373, corpus: 10, gas/s: 85073582
[2026-09-01 12:37:39.84] [status] tests: 0/4, fuzzing: 836199/1000000, values: [], cov: 24373, corpus: 10, gas/s: 84455516
[2026-09-01 12:37:42.84] [status] tests: 0/4, fuzzing: 838912/1000000, values: [], cov: 24373, corpus: 10, gas/s: 72715458
[2026-09-01 12:37:45.84] [status] tests: 0/4, fuzzing: 842117/1000000, values: [], cov: 24373, corpus: 10, gas/s: 84761537
[2026-09-01 12:37:48.84] [status] tests: 0/4, fuzzing: 845166/1000000, values: [], cov: 24373, corpus: 10, gas/s: 82334878
[2026-09-01 12:37:51.85] [status] tests: 0/4, fuzzing: 848366/1000000, values: [], cov: 24373, corpus: 10, gas/s: 85980773
[2026-09-01 12:37:54.85] [status] tests: 0/4, fuzzing: 851445/1000000, values: [], cov: 24373, corpus: 10, gas/s: 82521026
[2026-09-01 12:37:57.85] [status] tests: 0/4, fuzzing: 854427/1000000, values: [], cov: 24373, corpus: 10, gas/s: 80540646
[2026-09-01 12:38:00.85] [status] tests: 0/4, fuzzing: 857629/1000000, values: [], cov: 24373, corpus: 10, gas/s: 84995662
[2026-09-01 12:38:03.85] [status] tests: 0/4, fuzzing: 860852/1000000, values: [], cov: 24373, corpus: 10, gas/s: 86290529
[2026-09-01 12:38:06.85] [status] tests: 0/4, fuzzing: 864087/1000000, values: [], cov: 24373, corpus: 10, gas/s: 85472870
[2026-09-01 12:38:09.85] [status] tests: 0/4, fuzzing: 867312/1000000, values: [], cov: 24373, corpus: 10, gas/s: 86318767
[2026-09-01 12:38:12.86] [status] tests: 0/4, fuzzing: 870067/1000000, values: [], cov: 24373, corpus: 10, gas/s: 74731813
[2026-09-01 12:38:15.86] [status] tests: 0/4, fuzzing: 873081/1000000, values: [], cov: 24373, corpus: 10, gas/s: 79655410
[2026-09-01 12:38:18.86] [status] tests: 0/4, fuzzing: 875998/1000000, values: [], cov: 24373, corpus: 10, gas/s: 79155695
[2026-09-01 12:38:21.86] [status] tests: 0/4, fuzzing: 879105/1000000, values: [], cov: 24373, corpus: 10, gas/s: 81177044
[2026-09-01 12:38:24.86] [status] tests: 0/4, fuzzing: 882247/1000000, values: [], cov: 24373, corpus: 10, gas/s: 84655039
[2026-09-01 12:38:27.86] [status] tests: 0/4, fuzzing: 884773/1000000, values: [], cov: 24373, corpus: 10, gas/s: 67051722
[2026-09-01 12:38:30.87] [status] tests: 0/4, fuzzing: 887909/1000000, values: [], cov: 24373, corpus: 10, gas/s: 83364220
[2026-09-01 12:38:33.87] [status] tests: 0/4, fuzzing: 891163/1000000, values: [], cov: 24373, corpus: 10, gas/s: 85585724
[2026-09-01 12:38:36.87] [status] tests: 0/4, fuzzing: 893470/1000000, values: [], cov: 24373, corpus: 10, gas/s: 60814413
[2026-09-01 12:38:39.87] [status] tests: 0/4, fuzzing: 896597/1000000, values: [], cov: 24373, corpus: 10, gas/s: 83497124
[2026-09-01 12:38:42.87] [status] tests: 0/4, fuzzing: 899272/1000000, values: [], cov: 24373, corpus: 10, gas/s: 70446734
[2026-09-01 12:38:45.87] [status] tests: 0/4, fuzzing: 901465/1000000, values: [], cov: 24373, corpus: 10, gas/s: 57666110
[2026-09-01 12:38:48.88] [status] tests: 0/4, fuzzing: 904080/1000000, values: [], cov: 24373, corpus: 10, gas/s: 71383825
[2026-09-01 12:38:51.88] [status] tests: 0/4, fuzzing: 906393/1000000, values: [], cov: 24373, corpus: 10, gas/s: 62366403
[2026-09-01 12:38:54.88] [status] tests: 0/4, fuzzing: 909076/1000000, values: [], cov: 24373, corpus: 10, gas/s: 71281593
[2026-09-01 12:38:57.89] [status] tests: 0/4, fuzzing: 912139/1000000, values: [], cov: 24373, corpus: 10, gas/s: 82104070
[2026-09-01 12:39:00.89] [status] tests: 0/4, fuzzing: 915079/1000000, values: [], cov: 24373, corpus: 10, gas/s: 78883960
[2026-09-01 12:39:03.89] [status] tests: 0/4, fuzzing: 917794/1000000, values: [], cov: 24373, corpus: 10, gas/s: 71844082
[2026-09-01 12:39:06.89] [status] tests: 0/4, fuzzing: 920598/1000000, values: [], cov: 24373, corpus: 10, gas/s: 74254095
[2026-09-01 12:39:09.90] [status] tests: 0/4, fuzzing: 923846/1000000, values: [], cov: 24373, corpus: 10, gas/s: 86736951
[2026-09-01 12:39:12.90] [status] tests: 0/4, fuzzing: 926770/1000000, values: [], cov: 24373, corpus: 10, gas/s: 77424541
[2026-09-01 12:39:15.90] [status] tests: 0/4, fuzzing: 929701/1000000, values: [], cov: 24373, corpus: 10, gas/s: 75686518
[2026-09-01 12:39:18.90] [status] tests: 0/4, fuzzing: 932726/1000000, values: [], cov: 24373, corpus: 10, gas/s: 79310039
[2026-09-01 12:39:21.90] [status] tests: 0/4, fuzzing: 935745/1000000, values: [], cov: 24373, corpus: 10, gas/s: 80912156
[2026-09-01 12:39:24.90] [status] tests: 0/4, fuzzing: 939116/1000000, values: [], cov: 24373, corpus: 10, gas/s: 89191798
[2026-09-01 12:39:27.90] [status] tests: 0/4, fuzzing: 942095/1000000, values: [], cov: 24373, corpus: 10, gas/s: 79792423
[2026-09-01 12:39:30.91] [status] tests: 0/4, fuzzing: 945362/1000000, values: [], cov: 24373, corpus: 10, gas/s: 86472255
[2026-09-01 12:39:33.91] [status] tests: 0/4, fuzzing: 948604/1000000, values: [], cov: 24373, corpus: 10, gas/s: 86218621
[2026-09-01 12:39:36.91] [status] tests: 0/4, fuzzing: 951740/1000000, values: [], cov: 24373, corpus: 10, gas/s: 82937404
[2026-09-01 12:39:39.91] [status] tests: 0/4, fuzzing: 954366/1000000, values: [], cov: 24373, corpus: 10, gas/s: 70187631
[2026-09-01 12:39:42.91] [status] tests: 0/4, fuzzing: 957030/1000000, values: [], cov: 24373, corpus: 10, gas/s: 71775764
[2026-09-01 12:39:45.91] [status] tests: 0/4, fuzzing: 959732/1000000, values: [], cov: 24373, corpus: 10, gas/s: 71887247
[2026-09-01 12:39:48.92] [status] tests: 0/4, fuzzing: 962771/1000000, values: [], cov: 24373, corpus: 10, gas/s: 81121338
[2026-09-01 12:39:51.92] [status] tests: 0/4, fuzzing: 964946/1000000, values: [], cov: 24373, corpus: 10, gas/s: 57425827
[2026-09-01 12:39:54.92] [status] tests: 0/4, fuzzing: 967740/1000000, values: [], cov: 24373, corpus: 10, gas/s: 73861476
[2026-09-01 12:39:57.92] [status] tests: 0/4, fuzzing: 970342/1000000, values: [], cov: 24373, corpus: 10, gas/s: 70074700
[2026-09-01 12:40:00.92] [status] tests: 0/4, fuzzing: 973199/1000000, values: [], cov: 24373, corpus: 10, gas/s: 76385575
[2026-09-01 12:40:03.95] [status] tests: 0/4, fuzzing: 976037/1000000, values: [], cov: 24373, corpus: 10, gas/s: 75799908
[2026-09-01 12:40:06.98] [status] tests: 0/4, fuzzing: 978854/1000000, values: [], cov: 24373, corpus: 10, gas/s: 73881977
[2026-09-01 12:40:09.98] [status] tests: 0/4, fuzzing: 981823/1000000, values: [], cov: 24373, corpus: 10, gas/s: 77972556
[2026-09-01 12:40:12.98] [status] tests: 0/4, fuzzing: 984727/1000000, values: [], cov: 24373, corpus: 10, gas/s: 77926373
[2026-09-01 12:40:15.98] [status] tests: 0/4, fuzzing: 987495/1000000, values: [], cov: 24373, corpus: 10, gas/s: 74418081
[2026-09-01 12:40:18.99] [status] tests: 0/4, fuzzing: 990186/1000000, values: [], cov: 24373, corpus: 10, gas/s: 72604217
[2026-09-01 12:40:21.99] [status] tests: 0/4, fuzzing: 993104/1000000, values: [], cov: 24373, corpus: 10, gas/s: 77462071
[2026-09-01 12:40:24.99] [status] tests: 0/4, fuzzing: 995684/1000000, values: [], cov: 24373, corpus: 10, gas/s: 68918724
[2026-09-01 12:40:28.00] [status] tests: 0/4, fuzzing: 998011/1000000, values: [], cov: 24373, corpus: 10, gas/s: 62083478
[2026-09-01 12:40:30.15] [Worker 0] Test limit reached. Stopping.
[2026-09-01 12:40:30.15] [status] tests: 0/4, fuzzing: 1000073/1000000, values: [], cov: 24373, corpus: 10, gas/s: 81333606
echidna_vault_assets_cover_liabilities: passing
echidna_guard_is_conservative: passing
echidna_fee_and_bond_vaults_are_solvent: passing
echidna_supply_is_conserved: passing

Unique instructions: 24373
Unique codehashes: 23
Corpus size: 10
Seed: 4264457128733568782
Total calls: 1000073

[2026-09-01 12:40:30.16] Saving test reproducers... Done! (0.000195s)
[2026-09-01 12:40:30.16] Saving corpus... Done! (0.004341s)
[2026-09-01 12:40:30.17] Saving foundry reproducers... Done! (0.000092s)
[2026-09-01 12:40:30.17] Saving coverage... Done! (2.717874s)
