
Detector: reentrancy-balance
Reentrancy in MarketVaultCoreV1._pullWithPermit2(address,uint256,ISignatureTransfer.PermitTransferFrom,bytes32,bytes) (src/market/MarketVaultCoreV1.sol#463-480):
	External call allowing reentrancy:
	- permit2.permitWitnessTransferFrom(permit,details,owner,witness,BUY_WITNESS_TYPE_STRING,signature) (src/market/MarketVaultCoreV1.sol#475-477)
	Balance read before the call:
	- beforeBalance = _paymentToken.balanceOf(address(this)) (src/market/MarketVaultCoreV1.sol#470)
	Possible stale balance used after the call in a condition:
	- received != amount (src/market/MarketVaultCoreV1.sol#479)
		- stale variable `received`
Reentrancy in FixedPriceMarketplaceV1._pullWithPermit2(address,uint256,ISignatureTransfer.PermitTransferFrom,bytes32,bytes) (src/marketplace/FixedPriceMarketplaceV1.sol#254-271):
	External call allowing reentrancy:
	- permit2.permitWitnessTransferFrom(permit,details,buyer,witness,FILL_WITNESS_TYPE_STRING,signature) (src/marketplace/FixedPriceMarketplaceV1.sol#266-268)
	Balance read before the call:
	- beforeBalance = paymentToken.balanceOf(address(this)) (src/marketplace/FixedPriceMarketplaceV1.sol#261)
	Possible stale balance used after the call in a condition:
	- received != amount (src/marketplace/FixedPriceMarketplaceV1.sol#270)
		- stale variable `received`
Reference: https://github.com/crytic/slither/wiki/Detector-Documentation#reentrancy-vulnerabilities

Detector: locked-ether
Contract locking ether found:
	Contract TradingSessionPolicyV1 (src/core/TradingSessionPolicyV1.sol#24-338) has payable functions:
	 - TradingSessionPolicyV1.onInstall(bytes) (src/core/TradingSessionPolicyV1.sol#103-123)
	 - TradingSessionPolicyV1.onUninstall(bytes) (src/core/TradingSessionPolicyV1.sol#125-129)
	 - TradingSessionPolicyV1.checkUserOpPolicy(bytes32,PackedUserOperation) (src/core/TradingSessionPolicyV1.sol#149-173)
	But does not have a function to withdraw the ether
Contract locking ether found:
	Contract TradingSessionPolicyV2 (src/core/TradingSessionPolicyV2.sol#24-367) has payable functions:
	 - TradingSessionPolicyV2.onInstall(bytes) (src/core/TradingSessionPolicyV2.sol#103-123)
	 - TradingSessionPolicyV2.onUninstall(bytes) (src/core/TradingSessionPolicyV2.sol#125-129)
	 - TradingSessionPolicyV2.checkUserOpPolicy(bytes32,PackedUserOperation) (src/core/TradingSessionPolicyV2.sol#149-173)
	But does not have a function to withdraw the ether
Reference: https://github.com/crytic/slither/wiki/Detector-Documentation#contracts-that-lock-ether

Detector: reentrancy-no-eth
Reentrancy in OrderbookMarketplaceV2._matchOrders(address,uint8,uint128,uint256) (src/marketplace/OrderbookMarketplaceV2.sol#315-423):
	External calls:
	- _releaseStale(bidId) (src/marketplace/OrderbookMarketplaceV2.sol#337)
		- this.transferEscrowedShares{gas: RECEIVER_TRANSFER_GAS_LIMIT}(o.vault,o.owner,o.outcomeId,units) (src/marketplace/OrderbookMarketplaceV2.sol#573-580)
	- _releaseStale(askId) (src/marketplace/OrderbookMarketplaceV2.sol#341)
		- this.transferEscrowedShares{gas: RECEIVER_TRANSFER_GAS_LIMIT}(o.vault,o.owner,o.outcomeId,units) (src/marketplace/OrderbookMarketplaceV2.sol#573-580)
	- this.transferEscrowedShares{gas: RECEIVER_TRANSFER_GAS_LIMIT}(vault,bid.owner,outcomeId,units) (src/marketplace/OrderbookMarketplaceV2.sol#367-373)
	- _release(bidId,ReleaseReason.UnfillableReceiver) (src/marketplace/OrderbookMarketplaceV2.sol#371)
		- this.transferEscrowedShares{gas: RECEIVER_TRANSFER_GAS_LIMIT}(o.vault,o.owner,o.outcomeId,units) (src/marketplace/OrderbookMarketplaceV2.sol#573-580)
	- _pay(vault,ask.owner,gross,fees,bytes32(makerId)) (src/marketplace/OrderbookMarketplaceV2.sol#379)
		- feeVault.accrue(market.protocolTreasury(),f.platform,keccak256(bytes)(PLATFORM_C2C),ref) (src/marketplace/OrderbookMarketplaceV2.sol#606)
		- feeVault.accrue(market.creatorTreasury(),f.creator,keccak256(bytes)(CREATOR_C2C),ref) (src/marketplace/OrderbookMarketplaceV2.sol#607)
	- _finish(bidId) (src/marketplace/OrderbookMarketplaceV2.sol#380)
		- this.transferEscrowedShares{gas: RECEIVER_TRANSFER_GAS_LIMIT}(o.vault,o.owner,o.outcomeId,units) (src/marketplace/OrderbookMarketplaceV2.sol#573-580)
	- _finish(askId) (src/marketplace/OrderbookMarketplaceV2.sol#381)
		- this.transferEscrowedShares{gas: RECEIVER_TRANSFER_GAS_LIMIT}(o.vault,o.owner,o.outcomeId,units) (src/marketplace/OrderbookMarketplaceV2.sol#573-580)
	- _release(bidId,ReleaseReason.SelfCross) (src/marketplace/OrderbookMarketplaceV2.sol#349)
		- this.transferEscrowedShares{gas: RECEIVER_TRANSFER_GAS_LIMIT}(o.vault,o.owner,o.outcomeId,units) (src/marketplace/OrderbookMarketplaceV2.sol#573-580)
	- _release(askId,ReleaseReason.SelfCross) (src/marketplace/OrderbookMarketplaceV2.sol#349)
		- this.transferEscrowedShares{gas: RECEIVER_TRANSFER_GAS_LIMIT}(o.vault,o.owner,o.outcomeId,units) (src/marketplace/OrderbookMarketplaceV2.sol#573-580)
	State variables written after the call(s):
	- _releaseStale(bidId) (src/marketplace/OrderbookMarketplaceV2.sol#337)
		- o.active = false (src/marketplace/OrderbookMarketplaceV2.sol#563)
		- o.remainingUnits = 0 (src/marketplace/OrderbookMarketplaceV2.sol#564)
		- o.lockedPayment = 0 (src/marketplace/OrderbookMarketplaceV2.sol#565)
	OrderbookMarketplaceV2.orders (src/marketplace/OrderbookMarketplaceV2.sol#65) can be used in cross function reentrancies:
	- OrderbookMarketplaceV2.orders (src/marketplace/OrderbookMarketplaceV2.sol#65)
	- _releaseStale(askId) (src/marketplace/OrderbookMarketplaceV2.sol#341)
		- o.active = false (src/marketplace/OrderbookMarketplaceV2.sol#563)
		- o.remainingUnits = 0 (src/marketplace/OrderbookMarketplaceV2.sol#564)
		- o.lockedPayment = 0 (src/marketplace/OrderbookMarketplaceV2.sol#565)
	OrderbookMarketplaceV2.orders (src/marketplace/OrderbookMarketplaceV2.sol#65) can be used in cross function reentrancies:
	- OrderbookMarketplaceV2.orders (src/marketplace/OrderbookMarketplaceV2.sol#65)
	- _release(bidId,ReleaseReason.UnfillableReceiver) (src/marketplace/OrderbookMarketplaceV2.sol#371)
		- o.active = false (src/marketplace/OrderbookMarketplaceV2.sol#563)
		- o.remainingUnits = 0 (src/marketplace/OrderbookMarketplaceV2.sol#564)
		- o.lockedPayment = 0 (src/marketplace/OrderbookMarketplaceV2.sol#565)
	OrderbookMarketplaceV2.orders (src/marketplace/OrderbookMarketplaceV2.sol#65) can be used in cross function reentrancies:
	- OrderbookMarketplaceV2.orders (src/marketplace/OrderbookMarketplaceV2.sol#65)
	- bid.remainingUnits -= uint128(units) (src/marketplace/OrderbookMarketplaceV2.sol#376)
	OrderbookMarketplaceV2.orders (src/marketplace/OrderbookMarketplaceV2.sol#65) can be used in cross function reentrancies:
	- OrderbookMarketplaceV2.orders (src/marketplace/OrderbookMarketplaceV2.sol#65)
	- ask.remainingUnits -= uint128(units) (src/marketplace/OrderbookMarketplaceV2.sol#377)
	OrderbookMarketplaceV2.orders (src/marketplace/OrderbookMarketplaceV2.sol#65) can be used in cross function reentrancies:
	- OrderbookMarketplaceV2.orders (src/marketplace/OrderbookMarketplaceV2.sol#65)
	- _spendBid(bid,gross) (src/marketplace/OrderbookMarketplaceV2.sol#378)
		- bid.lockedPayment -= gross (src/marketplace/OrderbookMarketplaceV2.sol#533)
	OrderbookMarketplaceV2.orders (src/marketplace/OrderbookMarketplaceV2.sol#65) can be used in cross function reentrancies:
	- OrderbookMarketplaceV2.orders (src/marketplace/OrderbookMarketplaceV2.sol#65)
	- _finish(bidId) (src/marketplace/OrderbookMarketplaceV2.sol#380)
		- o.lockedPayment = needed (src/marketplace/OrderbookMarketplaceV2.sol#547)
		- o.active = false (src/marketplace/OrderbookMarketplaceV2.sol#563)
		- o.remainingUnits = 0 (src/marketplace/OrderbookMarketplaceV2.sol#564)
		- o.lockedPayment = 0 (src/marketplace/OrderbookMarketplaceV2.sol#565)
	OrderbookMarketplaceV2.orders (src/marketplace/OrderbookMarketplaceV2.sol#65) can be used in cross function reentrancies:
	- OrderbookMarketplaceV2.orders (src/marketplace/OrderbookMarketplaceV2.sol#65)
	- _finish(askId) (src/marketplace/OrderbookMarketplaceV2.sol#381)
		- o.lockedPayment = needed (src/marketplace/OrderbookMarketplaceV2.sol#547)
		- o.active = false (src/marketplace/OrderbookMarketplaceV2.sol#563)
		- o.remainingUnits = 0 (src/marketplace/OrderbookMarketplaceV2.sol#564)
		- o.lockedPayment = 0 (src/marketplace/OrderbookMarketplaceV2.sol#565)
	OrderbookMarketplaceV2.orders (src/marketplace/OrderbookMarketplaceV2.sol#65) can be used in cross function reentrancies:
	- OrderbookMarketplaceV2.orders (src/marketplace/OrderbookMarketplaceV2.sol#65)
	- _release(bidId,ReleaseReason.SelfCross) (src/marketplace/OrderbookMarketplaceV2.sol#349)
		- o.active = false (src/marketplace/OrderbookMarketplaceV2.sol#563)
		- o.remainingUnits = 0 (src/marketplace/OrderbookMarketplaceV2.sol#564)
		- o.lockedPayment = 0 (src/marketplace/OrderbookMarketplaceV2.sol#565)
	OrderbookMarketplaceV2.orders (src/marketplace/OrderbookMarketplaceV2.sol#65) can be used in cross function reentrancies:
	- OrderbookMarketplaceV2.orders (src/marketplace/OrderbookMarketplaceV2.sol#65)
	- _release(askId,ReleaseReason.SelfCross) (src/marketplace/OrderbookMarketplaceV2.sol#349)
		- o.active = false (src/marketplace/OrderbookMarketplaceV2.sol#563)
		- o.remainingUnits = 0 (src/marketplace/OrderbookMarketplaceV2.sol#564)
		- o.lockedPayment = 0 (src/marketplace/OrderbookMarketplaceV2.sol#565)
	OrderbookMarketplaceV2.orders (src/marketplace/OrderbookMarketplaceV2.sol#65) can be used in cross function reentrancies:
	- OrderbookMarketplaceV2.orders (src/marketplace/OrderbookMarketplaceV2.sol#65)
	- _releaseStale(bidId) (src/marketplace/OrderbookMarketplaceV2.sol#337)
		- totalLockedPayment -= payment (src/marketplace/OrderbookMarketplaceV2.sol#567)
	OrderbookMarketplaceV2.totalLockedPayment (src/marketplace/OrderbookMarketplaceV2.sol#64) can be used in cross function reentrancies:
	- OrderbookMarketplaceV2.totalLockedPayment (src/marketplace/OrderbookMarketplaceV2.sol#64)
	- _releaseStale(askId) (src/marketplace/OrderbookMarketplaceV2.sol#341)
		- totalLockedPayment -= payment (src/marketplace/OrderbookMarketplaceV2.sol#567)
	OrderbookMarketplaceV2.totalLockedPayment (src/marketplace/OrderbookMarketplaceV2.sol#64) can be used in cross function reentrancies:
	- OrderbookMarketplaceV2.totalLockedPayment (src/marketplace/OrderbookMarketplaceV2.sol#64)
	- _release(bidId,ReleaseReason.UnfillableReceiver) (src/marketplace/OrderbookMarketplaceV2.sol#371)
		- totalLockedPayment -= payment (src/marketplace/OrderbookMarketplaceV2.sol#567)
	OrderbookMarketplaceV2.totalLockedPayment (src/marketplace/OrderbookMarketplaceV2.sol#64) can be used in cross function reentrancies:
	- OrderbookMarketplaceV2.totalLockedPayment (src/marketplace/OrderbookMarketplaceV2.sol#64)
	- _spendBid(bid,gross) (src/marketplace/OrderbookMarketplaceV2.sol#378)
		- totalLockedPayment -= gross (src/marketplace/OrderbookMarketplaceV2.sol#534)
	OrderbookMarketplaceV2.totalLockedPayment (src/marketplace/OrderbookMarketplaceV2.sol#64) can be used in cross function reentrancies:
	- OrderbookMarketplaceV2.totalLockedPayment (src/marketplace/OrderbookMarketplaceV2.sol#64)
	- _finish(bidId) (src/marketplace/OrderbookMarketplaceV2.sol#380)
		- totalLockedPayment -= excess (src/marketplace/OrderbookMarketplaceV2.sol#548)
		- totalLockedPayment -= payment (src/marketplace/OrderbookMarketplaceV2.sol#567)
	OrderbookMarketplaceV2.totalLockedPayment (src/marketplace/OrderbookMarketplaceV2.sol#64) can be used in cross function reentrancies:
	- OrderbookMarketplaceV2.totalLockedPayment (src/marketplace/OrderbookMarketplaceV2.sol#64)
	- _finish(askId) (src/marketplace/OrderbookMarketplaceV2.sol#381)
		- totalLockedPayment -= excess (src/marketplace/OrderbookMarketplaceV2.sol#548)
		- totalLockedPayment -= payment (src/marketplace/OrderbookMarketplaceV2.sol#567)
	OrderbookMarketplaceV2.totalLockedPayment (src/marketplace/OrderbookMarketplaceV2.sol#64) can be used in cross function reentrancies:
	- OrderbookMarketplaceV2.totalLockedPayment (src/marketplace/OrderbookMarketplaceV2.sol#64)
	- _release(bidId,ReleaseReason.SelfCross) (src/marketplace/OrderbookMarketplaceV2.sol#349)
		- totalLockedPayment -= payment (src/marketplace/OrderbookMarketplaceV2.sol#567)
	OrderbookMarketplaceV2.totalLockedPayment (src/marketplace/OrderbookMarketplaceV2.sol#64) can be used in cross function reentrancies:
	- OrderbookMarketplaceV2.totalLockedPayment (src/marketplace/OrderbookMarketplaceV2.sol#64)
	- _release(askId,ReleaseReason.SelfCross) (src/marketplace/OrderbookMarketplaceV2.sol#349)
		- totalLockedPayment -= payment (src/marketplace/OrderbookMarketplaceV2.sol#567)
	OrderbookMarketplaceV2.totalLockedPayment (src/marketplace/OrderbookMarketplaceV2.sol#64) can be used in cross function reentrancies:
	- OrderbookMarketplaceV2.totalLockedPayment (src/marketplace/OrderbookMarketplaceV2.sol#64)
Reentrancy in OrderbookMarketplaceV2.fillOrder(uint256,uint128,uint128,uint256,uint64) (src/marketplace/OrderbookMarketplaceV2.sol#230-295):
	External calls:
	- _pay(o.vault,seller,gross,fees,bytes32(id)) (src/marketplace/OrderbookMarketplaceV2.sol#263)
		- feeVault.accrue(market.protocolTreasury(),f.platform,keccak256(bytes)(PLATFORM_C2C),ref) (src/marketplace/OrderbookMarketplaceV2.sol#606)
		- feeVault.accrue(market.creatorTreasury(),f.creator,keccak256(bytes)(CREATOR_C2C),ref) (src/marketplace/OrderbookMarketplaceV2.sol#607)
	- _finish(id) (src/marketplace/OrderbookMarketplaceV2.sol#268)
		- this.transferEscrowedShares{gas: RECEIVER_TRANSFER_GAS_LIMIT}(o.vault,o.owner,o.outcomeId,units) (src/marketplace/OrderbookMarketplaceV2.sol#573-580)
	- IERC1155(o.vault).safeTransferFrom(address(this),buyer,o.outcomeId,units,) (src/marketplace/OrderbookMarketplaceV2.sol#264-267)
	- IERC1155(o.vault).safeTransferFrom(seller,buyer,o.outcomeId,units,) (src/marketplace/OrderbookMarketplaceV2.sol#264-267)
	State variables written after the call(s):
	- _finish(id) (src/marketplace/OrderbookMarketplaceV2.sol#268)
		- o.lockedPayment = needed (src/marketplace/OrderbookMarketplaceV2.sol#547)
		- o.active = false (src/marketplace/OrderbookMarketplaceV2.sol#563)
		- o.remainingUnits = 0 (src/marketplace/OrderbookMarketplaceV2.sol#564)
		- o.lockedPayment = 0 (src/marketplace/OrderbookMarketplaceV2.sol#565)
	OrderbookMarketplaceV2.orders (src/marketplace/OrderbookMarketplaceV2.sol#65) can be used in cross function reentrancies:
	- OrderbookMarketplaceV2.orders (src/marketplace/OrderbookMarketplaceV2.sol#65)
	- _finish(id) (src/marketplace/OrderbookMarketplaceV2.sol#268)
		- totalLockedPayment -= excess (src/marketplace/OrderbookMarketplaceV2.sol#548)
		- totalLockedPayment -= payment (src/marketplace/OrderbookMarketplaceV2.sol#567)
	OrderbookMarketplaceV2.totalLockedPayment (src/marketplace/OrderbookMarketplaceV2.sol#64) can be used in cross function reentrancies:
	- OrderbookMarketplaceV2.totalLockedPayment (src/marketplace/OrderbookMarketplaceV2.sol#64)
Reference: https://github.com/crytic/slither/wiki/Detector-Documentation#reentrancy-vulnerabilities-2

Detector: unused-return
TradingSessionPolicyV1._listing(bytes32,address,bool) (src/core/TradingSessionPolicyV1.sol#297-302) ignores return value by (market,seller,None,None,None,None,active) = ISessionMarketplace(marketplace).listings(id) (src/core/TradingSessionPolicyV1.sol#298-299)
TradingSessionPolicyV1._bond(TradingSessionPolicyV1.Call,address,bool) (src/core/TradingSessionPolicyV1.sol#304-314) ignores return value by (creator,None,None) = ISessionBond(bondEscrow).bondOf(market) (src/core/TradingSessionPolicyV1.sol#311)
TradingSessionPolicyV2._order(uint256,address,bool) (src/core/TradingSessionPolicyV2.sol#322-331) ignores return value by (market,owner,None,None,None,None,side,None,active,None) = ISessionMarketplace(marketplace).orders(id) (src/core/TradingSessionPolicyV2.sol#328)
TradingSessionPolicyV2._bond(TradingSessionPolicyV2.Call,address,bool) (src/core/TradingSessionPolicyV2.sol#333-343) ignores return value by (creator,None,None) = ISessionBond(bondEscrow).bondOf(market) (src/core/TradingSessionPolicyV2.sol#340)
Reference: https://github.com/crytic/slither/wiki/Detector-Documentation#unused-return

Detector: missing-zero-check
MarketFactoryV1.constructor(address,address,address,address,address,address,address,address,uint64,address).permit2_ (src/core/MarketFactoryV1.sol#101) lacks a zero-check on :
		- permit2 = permit2_ (src/core/MarketFactoryV1.sol#125)
OrderbookMarketplaceV2.constructor(address,address,address,address,address).permit2_ (src/marketplace/OrderbookMarketplaceV2.sol#157) lacks a zero-check on :
		- permit2 = permit2_ (src/marketplace/OrderbookMarketplaceV2.sol#167)
Reference: https://github.com/crytic/slither/wiki/Detector-Documentation#missing-zero-address-validation

Detector: calls-loop
OrderbookMarketplaceV2._stale(uint256) (src/marketplace/OrderbookMarketplaceV2.sol#518-521) has external calls inside a loop: o.active && (block.timestamp >= o.expiresAt || IMarketVaultV1(o.vault).isTerminal()) (src/marketplace/OrderbookMarketplaceV2.sol#520)
	Calls stack containing the loop:
		OrderbookMarketplaceV2.matchOrders(address,uint8,uint256)
		OrderbookMarketplaceV2._matchOrders(address,uint8,uint128,uint256)
OrderbookMarketplaceV2._releaseStale(uint256) (src/marketplace/OrderbookMarketplaceV2.sol#523-530) has external calls inside a loop: IMarketVaultV1(orders[id].vault).isTerminal() (src/marketplace/OrderbookMarketplaceV2.sol#524-529)
	Calls stack containing the loop:
		OrderbookMarketplaceV2.matchOrders(address,uint8,uint256)
		OrderbookMarketplaceV2._matchOrders(address,uint8,uint128,uint256)
OrderbookMarketplaceV2._release(uint256,OrderbookMarketplaceV2.ReleaseReason) (src/marketplace/OrderbookMarketplaceV2.sol#557-583) has external calls inside a loop: IERC1155(o.vault).balanceOf(address(this),o.outcomeId) < units (src/marketplace/OrderbookMarketplaceV2.sol#570)
	Calls stack containing the loop:
		OrderbookMarketplaceV2.matchOrders(address,uint8,uint256)
		OrderbookMarketplaceV2._matchOrders(address,uint8,uint128,uint256)
		OrderbookMarketplaceV2._releaseStale(uint256)
OrderbookMarketplaceV2._release(uint256,OrderbookMarketplaceV2.ReleaseReason) (src/marketplace/OrderbookMarketplaceV2.sol#557-583) has external calls inside a loop: this.transferEscrowedShares{gas: RECEIVER_TRANSFER_GAS_LIMIT}(o.vault,o.owner,o.outcomeId,units) (src/marketplace/OrderbookMarketplaceV2.sol#573-580)
	Calls stack containing the loop:
		OrderbookMarketplaceV2.matchOrders(address,uint8,uint256)
		OrderbookMarketplaceV2._matchOrders(address,uint8,uint128,uint256)
		OrderbookMarketplaceV2._releaseStale(uint256)
OrderbookMarketplaceV2._fees(address,uint256) (src/marketplace/OrderbookMarketplaceV2.sol#593-597) has external calls inside a loop: f.platform = Math.mulDiv(gross,market.platformC2CFeeBps(),ProtocolTypes.BPS) (src/marketplace/OrderbookMarketplaceV2.sol#595)
	Calls stack containing the loop:
		OrderbookMarketplaceV2.matchOrders(address,uint8,uint256)
		OrderbookMarketplaceV2._matchOrders(address,uint8,uint128,uint256)
OrderbookMarketplaceV2._fees(address,uint256) (src/marketplace/OrderbookMarketplaceV2.sol#593-597) has external calls inside a loop: f.creator = Math.mulDiv(gross,market.creatorC2CFeeBps(),ProtocolTypes.BPS) (src/marketplace/OrderbookMarketplaceV2.sol#596)
	Calls stack containing the loop:
		OrderbookMarketplaceV2.matchOrders(address,uint8,uint256)
		OrderbookMarketplaceV2._matchOrders(address,uint8,uint128,uint256)
OrderbookMarketplaceV2._matchOrders(address,uint8,uint128,uint256) (src/marketplace/OrderbookMarketplaceV2.sol#315-423) has external calls inside a loop: IERC1155(vault).balanceOf(address(this),outcomeId) < units (src/marketplace/OrderbookMarketplaceV2.sol#364)
	Calls stack containing the loop:
		OrderbookMarketplaceV2.matchOrders(address,uint8,uint256)
OrderbookMarketplaceV2._matchOrders(address,uint8,uint128,uint256) (src/marketplace/OrderbookMarketplaceV2.sol#315-423) has external calls inside a loop: this.transferEscrowedShares{gas: RECEIVER_TRANSFER_GAS_LIMIT}(vault,bid.owner,outcomeId,units) (src/marketplace/OrderbookMarketplaceV2.sol#367-373)
	Calls stack containing the loop:
		OrderbookMarketplaceV2.matchOrders(address,uint8,uint256)
OrderbookMarketplaceV2._pay(address,address,uint256,OrderbookMarketplaceV2.Fees,bytes32) (src/marketplace/OrderbookMarketplaceV2.sol#599-609) has external calls inside a loop: feeVault.accrue(market.protocolTreasury(),f.platform,keccak256(bytes)(PLATFORM_C2C),ref) (src/marketplace/OrderbookMarketplaceV2.sol#606)
	Calls stack containing the loop:
		OrderbookMarketplaceV2.matchOrders(address,uint8,uint256)
		OrderbookMarketplaceV2._matchOrders(address,uint8,uint128,uint256)
OrderbookMarketplaceV2._pay(address,address,uint256,OrderbookMarketplaceV2.Fees,bytes32) (src/marketplace/OrderbookMarketplaceV2.sol#599-609) has external calls inside a loop: feeVault.accrue(market.creatorTreasury(),f.creator,keccak256(bytes)(CREATOR_C2C),ref) (src/marketplace/OrderbookMarketplaceV2.sol#607)
	Calls stack containing the loop:
		OrderbookMarketplaceV2.matchOrders(address,uint8,uint256)
		OrderbookMarketplaceV2._matchOrders(address,uint8,uint128,uint256)
OrderbookMarketplaceV2._finish(uint256) (src/marketplace/OrderbookMarketplaceV2.sol#537-555) has external calls inside a loop: o.remainingUnits < IMarketVaultV1(o.vault).minimumC2CUnits() || Math.mulDiv(o.remainingUnits,o.unitPrice,ProtocolTypes.SHARE_SCALE) == 0 (src/marketplace/OrderbookMarketplaceV2.sol#540-541)
	Calls stack containing the loop:
		OrderbookMarketplaceV2.matchOrders(address,uint8,uint256)
		OrderbookMarketplaceV2._matchOrders(address,uint8,uint128,uint256)
OrderbookMarketplaceV2._stale(uint256) (src/marketplace/OrderbookMarketplaceV2.sol#518-521) has external calls inside a loop: o.active && (block.timestamp >= o.expiresAt || IMarketVaultV1(o.vault).isTerminal()) (src/marketplace/OrderbookMarketplaceV2.sol#520)
	Calls stack containing the loop:
		OrderbookMarketplaceV2.matchOrdersForUnits(address,uint8,uint128,uint256)
		OrderbookMarketplaceV2._matchOrders(address,uint8,uint128,uint256)
OrderbookMarketplaceV2._releaseStale(uint256) (src/marketplace/OrderbookMarketplaceV2.sol#523-530) has external calls inside a loop: IMarketVaultV1(orders[id].vault).isTerminal() (src/marketplace/OrderbookMarketplaceV2.sol#524-529)
	Calls stack containing the loop:
		OrderbookMarketplaceV2.matchOrdersForUnits(address,uint8,uint128,uint256)
		OrderbookMarketplaceV2._matchOrders(address,uint8,uint128,uint256)
OrderbookMarketplaceV2._release(uint256,OrderbookMarketplaceV2.ReleaseReason) (src/marketplace/OrderbookMarketplaceV2.sol#557-583) has external calls inside a loop: IERC1155(o.vault).balanceOf(address(this),o.outcomeId) < units (src/marketplace/OrderbookMarketplaceV2.sol#570)
	Calls stack containing the loop:
		OrderbookMarketplaceV2.matchOrdersForUnits(address,uint8,uint128,uint256)
		OrderbookMarketplaceV2._matchOrders(address,uint8,uint128,uint256)
		OrderbookMarketplaceV2._releaseStale(uint256)
OrderbookMarketplaceV2._release(uint256,OrderbookMarketplaceV2.ReleaseReason) (src/marketplace/OrderbookMarketplaceV2.sol#557-583) has external calls inside a loop: this.transferEscrowedShares{gas: RECEIVER_TRANSFER_GAS_LIMIT}(o.vault,o.owner,o.outcomeId,units) (src/marketplace/OrderbookMarketplaceV2.sol#573-580)
	Calls stack containing the loop:
		OrderbookMarketplaceV2.matchOrdersForUnits(address,uint8,uint128,uint256)
		OrderbookMarketplaceV2._matchOrders(address,uint8,uint128,uint256)
		OrderbookMarketplaceV2._releaseStale(uint256)
OrderbookMarketplaceV2._fees(address,uint256) (src/marketplace/OrderbookMarketplaceV2.sol#593-597) has external calls inside a loop: f.platform = Math.mulDiv(gross,market.platformC2CFeeBps(),ProtocolTypes.BPS) (src/marketplace/OrderbookMarketplaceV2.sol#595)
	Calls stack containing the loop:
		OrderbookMarketplaceV2.matchOrdersForUnits(address,uint8,uint128,uint256)
		OrderbookMarketplaceV2._matchOrders(address,uint8,uint128,uint256)
OrderbookMarketplaceV2._fees(address,uint256) (src/marketplace/OrderbookMarketplaceV2.sol#593-597) has external calls inside a loop: f.creator = Math.mulDiv(gross,market.creatorC2CFeeBps(),ProtocolTypes.BPS) (src/marketplace/OrderbookMarketplaceV2.sol#596)
	Calls stack containing the loop:
		OrderbookMarketplaceV2.matchOrdersForUnits(address,uint8,uint128,uint256)
		OrderbookMarketplaceV2._matchOrders(address,uint8,uint128,uint256)
OrderbookMarketplaceV2._matchOrders(address,uint8,uint128,uint256) (src/marketplace/OrderbookMarketplaceV2.sol#315-423) has external calls inside a loop: IERC1155(vault).balanceOf(address(this),outcomeId) < units (src/marketplace/OrderbookMarketplaceV2.sol#364)
	Calls stack containing the loop:
		OrderbookMarketplaceV2.matchOrdersForUnits(address,uint8,uint128,uint256)
OrderbookMarketplaceV2._matchOrders(address,uint8,uint128,uint256) (src/marketplace/OrderbookMarketplaceV2.sol#315-423) has external calls inside a loop: this.transferEscrowedShares{gas: RECEIVER_TRANSFER_GAS_LIMIT}(vault,bid.owner,outcomeId,units) (src/marketplace/OrderbookMarketplaceV2.sol#367-373)
	Calls stack containing the loop:
		OrderbookMarketplaceV2.matchOrdersForUnits(address,uint8,uint128,uint256)
OrderbookMarketplaceV2._pay(address,address,uint256,OrderbookMarketplaceV2.Fees,bytes32) (src/marketplace/OrderbookMarketplaceV2.sol#599-609) has external calls inside a loop: feeVault.accrue(market.protocolTreasury(),f.platform,keccak256(bytes)(PLATFORM_C2C),ref) (src/marketplace/OrderbookMarketplaceV2.sol#606)
	Calls stack containing the loop:
		OrderbookMarketplaceV2.matchOrdersForUnits(address,uint8,uint128,uint256)
		OrderbookMarketplaceV2._matchOrders(address,uint8,uint128,uint256)
OrderbookMarketplaceV2._pay(address,address,uint256,OrderbookMarketplaceV2.Fees,bytes32) (src/marketplace/OrderbookMarketplaceV2.sol#599-609) has external calls inside a loop: feeVault.accrue(market.creatorTreasury(),f.creator,keccak256(bytes)(CREATOR_C2C),ref) (src/marketplace/OrderbookMarketplaceV2.sol#607)
	Calls stack containing the loop:
		OrderbookMarketplaceV2.matchOrdersForUnits(address,uint8,uint128,uint256)
		OrderbookMarketplaceV2._matchOrders(address,uint8,uint128,uint256)
OrderbookMarketplaceV2._finish(uint256) (src/marketplace/OrderbookMarketplaceV2.sol#537-555) has external calls inside a loop: o.remainingUnits < IMarketVaultV1(o.vault).minimumC2CUnits() || Math.mulDiv(o.remainingUnits,o.unitPrice,ProtocolTypes.SHARE_SCALE) == 0 (src/marketplace/OrderbookMarketplaceV2.sol#540-541)
	Calls stack containing the loop:
		OrderbookMarketplaceV2.matchOrdersForUnits(address,uint8,uint128,uint256)
		OrderbookMarketplaceV2._matchOrders(address,uint8,uint128,uint256)
Reference: https://github.com/crytic/slither/wiki/Detector-Documentation/#calls-inside-a-loop

Detector: reentrancy-benign
Reentrancy in MarketVaultCoreV1._completeBuy(address,uint256,uint256,uint256) (src/market/MarketVaultCoreV1.sol#510-544):
	External calls:
	- exposureGuard.reserve(filledUnits) (src/market/MarketVaultCoreV1.sol#516)
	State variables written after the call(s):
	- _packedBuyerAccounting[buyer] = _packUint128Pair(nextCumulative,nextBuyerScore) (src/market/MarketVaultCoreV1.sol#530)
	- _setMarketAccounting(nextPrincipal,nextTotalScore) (src/market/MarketVaultCoreV1.sol#529)
		- _packedMarketAccounting = _packUint128Pair(principal,earlyScore) (src/market/MarketVaultCoreV1.sol#852)
	- principalByOutcome[outcomeId] += filledUnits (src/market/MarketVaultCoreV1.sol#531)
Reentrancy in MarketFactoryV1._createMarket(ProtocolTypes.CreateMarketParams,bytes32,bool,uint16,uint16) (src/core/MarketFactoryV1.sol#156-226):
	External calls:
	- market = fullMarketDeployer.deploy(salt) (src/core/MarketFactoryV1.sol#198)
	- IMarketVaultV1(market).initialize(init) (src/core/MarketFactoryV1.sol#199)
	- IMarketVaultV1(market).initialize(init) (src/core/MarketFactoryV1.sol#202)
	State variables written after the call(s):
	- deploymentModeOf[market] = params.deploymentMode (src/core/MarketFactoryV1.sol#207)
	- deploymentSaltOf[market] = salt (src/core/MarketFactoryV1.sol#208)
	- isMarket[market] = true (src/core/MarketFactoryV1.sol#206)
Reentrancy in OrderbookMarketplaceV2._matchOrders(address,uint8,uint128,uint256) (src/marketplace/OrderbookMarketplaceV2.sol#315-423):
	External calls:
	- _releaseStale(bidId) (src/marketplace/OrderbookMarketplaceV2.sol#337)
		- this.transferEscrowedShares{gas: RECEIVER_TRANSFER_GAS_LIMIT}(o.vault,o.owner,o.outcomeId,units) (src/marketplace/OrderbookMarketplaceV2.sol#573-580)
	- _releaseStale(askId) (src/marketplace/OrderbookMarketplaceV2.sol#341)
		- this.transferEscrowedShares{gas: RECEIVER_TRANSFER_GAS_LIMIT}(o.vault,o.owner,o.outcomeId,units) (src/marketplace/OrderbookMarketplaceV2.sol#573-580)
	- this.transferEscrowedShares{gas: RECEIVER_TRANSFER_GAS_LIMIT}(vault,bid.owner,outcomeId,units) (src/marketplace/OrderbookMarketplaceV2.sol#367-373)
	- _release(bidId,ReleaseReason.UnfillableReceiver) (src/marketplace/OrderbookMarketplaceV2.sol#371)
		- this.transferEscrowedShares{gas: RECEIVER_TRANSFER_GAS_LIMIT}(o.vault,o.owner,o.outcomeId,units) (src/marketplace/OrderbookMarketplaceV2.sol#573-580)
	- _pay(vault,ask.owner,gross,fees,bytes32(makerId)) (src/marketplace/OrderbookMarketplaceV2.sol#379)
		- feeVault.accrue(market.protocolTreasury(),f.platform,keccak256(bytes)(PLATFORM_C2C),ref) (src/marketplace/OrderbookMarketplaceV2.sol#606)
		- feeVault.accrue(market.creatorTreasury(),f.creator,keccak256(bytes)(CREATOR_C2C),ref) (src/marketplace/OrderbookMarketplaceV2.sol#607)
	- _finish(bidId) (src/marketplace/OrderbookMarketplaceV2.sol#380)
		- this.transferEscrowedShares{gas: RECEIVER_TRANSFER_GAS_LIMIT}(o.vault,o.owner,o.outcomeId,units) (src/marketplace/OrderbookMarketplaceV2.sol#573-580)
	- _finish(askId) (src/marketplace/OrderbookMarketplaceV2.sol#381)
		- this.transferEscrowedShares{gas: RECEIVER_TRANSFER_GAS_LIMIT}(o.vault,o.owner,o.outcomeId,units) (src/marketplace/OrderbookMarketplaceV2.sol#573-580)
	- _release(bidId,ReleaseReason.SelfCross) (src/marketplace/OrderbookMarketplaceV2.sol#349)
		- this.transferEscrowedShares{gas: RECEIVER_TRANSFER_GAS_LIMIT}(o.vault,o.owner,o.outcomeId,units) (src/marketplace/OrderbookMarketplaceV2.sol#573-580)
	- _release(askId,ReleaseReason.SelfCross) (src/marketplace/OrderbookMarketplaceV2.sol#349)
		- this.transferEscrowedShares{gas: RECEIVER_TRANSFER_GAS_LIMIT}(o.vault,o.owner,o.outcomeId,units) (src/marketplace/OrderbookMarketplaceV2.sol#573-580)
	State variables written after the call(s):
	- _releaseStale(bidId) (src/marketplace/OrderbookMarketplaceV2.sol#337)
		- pendingShares[id] = units (src/marketplace/OrderbookMarketplaceV2.sol#577)
	- _releaseStale(askId) (src/marketplace/OrderbookMarketplaceV2.sol#341)
		- pendingShares[id] = units (src/marketplace/OrderbookMarketplaceV2.sol#577)
	- _release(bidId,ReleaseReason.UnfillableReceiver) (src/marketplace/OrderbookMarketplaceV2.sol#371)
		- pendingShares[id] = units (src/marketplace/OrderbookMarketplaceV2.sol#577)
	- _finish(bidId) (src/marketplace/OrderbookMarketplaceV2.sol#380)
		- pendingShares[id] = units (src/marketplace/OrderbookMarketplaceV2.sol#577)
	- _finish(askId) (src/marketplace/OrderbookMarketplaceV2.sol#381)
		- pendingShares[id] = units (src/marketplace/OrderbookMarketplaceV2.sol#577)
	- _release(bidId,ReleaseReason.SelfCross) (src/marketplace/OrderbookMarketplaceV2.sol#349)
		- pendingShares[id] = units (src/marketplace/OrderbookMarketplaceV2.sol#577)
	- _release(askId,ReleaseReason.SelfCross) (src/marketplace/OrderbookMarketplaceV2.sol#349)
		- pendingShares[id] = units (src/marketplace/OrderbookMarketplaceV2.sol#577)
Reentrancy in OrderbookMarketplaceV2._release(uint256,OrderbookMarketplaceV2.ReleaseReason) (src/marketplace/OrderbookMarketplaceV2.sol#557-583):
	External calls:
	- this.transferEscrowedShares{gas: RECEIVER_TRANSFER_GAS_LIMIT}(o.vault,o.owner,o.outcomeId,units) (src/marketplace/OrderbookMarketplaceV2.sol#573-580)
	State variables written after the call(s):
	- pendingShares[id] = units (src/marketplace/OrderbookMarketplaceV2.sol#577)
Reentrancy in FixedPriceMarketplaceV1.createListing(address,uint256,uint256,uint256,uint64) (src/marketplace/FixedPriceMarketplaceV1.sol#133-177):
	External calls:
	- IERC1155(vault).safeTransferFrom(msg.sender,address(this),outcomeId,amount,abi.encode(listingId)) (src/marketplace/FixedPriceMarketplaceV1.sol#171-172)
	State variables written after the call(s):
	- _expectedReceipt = bytes32(0) (src/marketplace/FixedPriceMarketplaceV1.sol#173)
Reentrancy in OrderbookMarketplaceV2.createOrder(address,uint8,OrderbookMarketplaceV2.Side,uint128,uint128,uint64,bool) (src/marketplace/OrderbookMarketplaceV2.sol#182-226):
	External calls:
	- IERC1155(vault).safeTransferFrom(msg.sender,address(this),outcomeId,units,abi.encode(id)) (src/marketplace/OrderbookMarketplaceV2.sol#218-219)
	State variables written after the call(s):
	- expectedReceipt = bytes32(0) (src/marketplace/OrderbookMarketplaceV2.sol#220)
Reentrancy in OrderbookMarketplaceV2.fillOrder(uint256,uint128,uint128,uint256,uint64) (src/marketplace/OrderbookMarketplaceV2.sol#230-295):
	External calls:
	- _pay(o.vault,seller,gross,fees,bytes32(id)) (src/marketplace/OrderbookMarketplaceV2.sol#263)
		- feeVault.accrue(market.protocolTreasury(),f.platform,keccak256(bytes)(PLATFORM_C2C),ref) (src/marketplace/OrderbookMarketplaceV2.sol#606)
		- feeVault.accrue(market.creatorTreasury(),f.creator,keccak256(bytes)(CREATOR_C2C),ref) (src/marketplace/OrderbookMarketplaceV2.sol#607)
	- _finish(id) (src/marketplace/OrderbookMarketplaceV2.sol#268)
		- this.transferEscrowedShares{gas: RECEIVER_TRANSFER_GAS_LIMIT}(o.vault,o.owner,o.outcomeId,units) (src/marketplace/OrderbookMarketplaceV2.sol#573-580)
	- IERC1155(o.vault).safeTransferFrom(address(this),buyer,o.outcomeId,units,) (src/marketplace/OrderbookMarketplaceV2.sol#264-267)
	- IERC1155(o.vault).safeTransferFrom(seller,buyer,o.outcomeId,units,) (src/marketplace/OrderbookMarketplaceV2.sol#264-267)
	State variables written after the call(s):
	- _finish(id) (src/marketplace/OrderbookMarketplaceV2.sol#268)
		- pendingShares[id] = units (src/marketplace/OrderbookMarketplaceV2.sol#577)
Reference: https://github.com/crytic/slither/wiki/Detector-Documentation#reentrancy-vulnerabilities-3

Detector: reentrancy-events
Reentrancy in SponsorshipPaymasterV1.addStake(uint32) (src/paymaster/SponsorshipPaymasterV1.sol#284-287):
	External calls:
	- entryPoint.addStake{value: msg.value}(unstakeDelaySec) (src/paymaster/SponsorshipPaymasterV1.sol#285)
	Event emitted after the call(s):
	- EntryPointStakeAdded(unstakeDelaySec,msg.value) (src/paymaster/SponsorshipPaymasterV1.sol#286)
Reentrancy in SponsorshipPaymasterV1.deposit() (src/paymaster/SponsorshipPaymasterV1.sol#273-276):
	External calls:
	- entryPoint.depositTo{value: msg.value}(address(this)) (src/paymaster/SponsorshipPaymasterV1.sol#274)
	Event emitted after the call(s):
	- EntryPointDepositAdded(msg.sender,msg.value) (src/paymaster/SponsorshipPaymasterV1.sol#275)
Reentrancy in MarketFactoryV1.setMarketplace(address) (src/core/MarketFactoryV1.sol#252-258):
	External calls:
	- feeVault.registerAccruer(marketplace_) (src/core/MarketFactoryV1.sol#256)
	Event emitted after the call(s):
	- MarketplaceConfigured(marketplace_) (src/core/MarketFactoryV1.sol#257)
Reentrancy in SponsorshipPaymasterV1.unlockStake() (src/paymaster/SponsorshipPaymasterV1.sol#289-292):
	External calls:
	- entryPoint.unlockStake() (src/paymaster/SponsorshipPaymasterV1.sol#290)
	Event emitted after the call(s):
	- EntryPointStakeUnlocked() (src/paymaster/SponsorshipPaymasterV1.sol#291)
Reentrancy in SponsorshipPaymasterV1.withdrawDepositTo(address,uint256) (src/paymaster/SponsorshipPaymasterV1.sol#278-282):
	External calls:
	- entryPoint.withdrawTo(recipient,amount) (src/paymaster/SponsorshipPaymasterV1.sol#280)
	Event emitted after the call(s):
	- EntryPointDepositWithdrawn(recipient,amount) (src/paymaster/SponsorshipPaymasterV1.sol#281)
Reentrancy in SponsorshipPaymasterV1.withdrawStake(address) (src/paymaster/SponsorshipPaymasterV1.sol#294-298):
	External calls:
	- entryPoint.withdrawStake(recipient) (src/paymaster/SponsorshipPaymasterV1.sol#296)
	Event emitted after the call(s):
	- EntryPointStakeWithdrawn(recipient) (src/paymaster/SponsorshipPaymasterV1.sol#297)
Reference: https://github.com/crytic/slither/wiki/Detector-Documentation#reentrancy-vulnerabilities-4

Detector: timestamp
EmergencyControllerV1.isPaused(uint256) (src/core/EmergencyControllerV1.sol#42-44) uses timestamp for comparisons
	Dangerous comparisons:
	- block.timestamp < pauseExpiresAt && (pausedFlags & flag) != 0 (src/core/EmergencyControllerV1.sol#43)
EmergencyControllerV1.resetEpoch() (src/core/EmergencyControllerV1.sol#62-69) uses timestamp for comparisons
	Dangerous comparisons:
	- block.timestamp < pauseExpiresAt (src/core/EmergencyControllerV1.sol#63)
MarketFactoryV1._validate(ProtocolTypes.CreateMarketParams) (src/core/MarketFactoryV1.sol#375-433) uses timestamp for comparisons
	Dangerous comparisons:
	- params.closeAt < block.timestamp + 300 || params.closeAt > block.timestamp + 7776000 (src/core/MarketFactoryV1.sol#392-393)
MarketVaultCoreV1.updateBeforeFirstBuy(ProtocolTypes.MarketTerms) (src/market/MarketVaultCoreV1.sol#360-366) uses timestamp for comparisons
	Dangerous comparisons:
	- terms.closeAt <= block.timestamp (src/market/MarketVaultCoreV1.sol#364)
MarketVaultCoreV1._prepareBuy(address,uint256,uint256,uint256,uint256,uint64) (src/market/MarketVaultCoreV1.sol#482-508) uses timestamp for comparisons
	Dangerous comparisons:
	- marketState != ProtocolTypes.MarketState.OPEN || block.timestamp >= closeAt (src/market/MarketVaultCoreV1.sol#491)
	- block.timestamp > deadline (src/market/MarketVaultCoreV1.sol#497)
MarketVaultCoreV1._earlyBirdWeight(uint256) (src/market/MarketVaultCoreV1.sol#553-562) uses timestamp for comparisons
	Dangerous comparisons:
	- timestamp < createdAt || timestamp >= closeAt (src/market/MarketVaultCoreV1.sol#555)
	- offset * 3 < duration (src/market/MarketVaultCoreV1.sol#559)
	- offset * 3 < duration * 2 (src/market/MarketVaultCoreV1.sol#560)
MarketVaultCoreV1.resolve(uint256,bytes32) (src/market/MarketVaultCoreV1.sol#568-615) uses timestamp for comparisons
	Dangerous comparisons:
	- block.timestamp < closeAt (src/market/MarketVaultCoreV1.sol#570)
	- block.timestamp >= resolutionDeadline() (src/market/MarketVaultCoreV1.sol#571)
MarketVaultCoreV1.creatorVoid(bytes32) (src/market/MarketVaultCoreV1.sol#621-625) uses timestamp for comparisons
	Dangerous comparisons:
	- block.timestamp >= resolutionDeadline() (src/market/MarketVaultCoreV1.sol#623)
MarketVaultCoreV1.voidAfterDeadline() (src/market/MarketVaultCoreV1.sol#629-633) uses timestamp for comparisons
	Dangerous comparisons:
	- block.timestamp < resolutionDeadline() (src/market/MarketVaultCoreV1.sol#631)
FixedPriceMarketplaceV1.createListing(address,uint256,uint256,uint256,uint64) (src/marketplace/FixedPriceMarketplaceV1.sol#133-177) uses timestamp for comparisons
	Dangerous comparisons:
	- expiresAt <= block.timestamp (src/marketplace/FixedPriceMarketplaceV1.sol#155)
FixedPriceMarketplaceV1._prepareFill(bytes32,uint256,uint256,uint256,uint64) (src/marketplace/FixedPriceMarketplaceV1.sol#297-347) uses timestamp for comparisons
	Dangerous comparisons:
	- block.timestamp > deadline (src/marketplace/FixedPriceMarketplaceV1.sol#307)
	- block.timestamp >= stored.expiresAt (src/marketplace/FixedPriceMarketplaceV1.sol#310)
OrderbookMarketplaceV2.createOrder(address,uint8,OrderbookMarketplaceV2.Side,uint128,uint128,uint64,bool) (src/marketplace/OrderbookMarketplaceV2.sol#182-226) uses timestamp for comparisons
	Dangerous comparisons:
	- outcomeId >= market.outcomeCount() || units < market.minimumC2CUnits() || units == 0 || unitPrice == 0 || unitPrice > MAX_UNIT_PRICE || expiresAt <= block.timestamp || Math.mulDiv(units,unitPrice,ProtocolTypes.SHARE_SCALE) == 0 || (autoMatch && Math.mulDiv(market.minimumC2CUnits(),unitPrice,ProtocolTypes.SHARE_SCALE) == 0) (src/marketplace/OrderbookMarketplaceV2.sol#199-204)
OrderbookMarketplaceV2.fillOrder(uint256,uint128,uint128,uint256,uint64) (src/marketplace/OrderbookMarketplaceV2.sol#230-295) uses timestamp for comparisons
	Dangerous comparisons:
	- block.timestamp > deadline (src/marketplace/OrderbookMarketplaceV2.sol#238)
OrderbookMarketplaceV2._matchOrders(address,uint8,uint128,uint256) (src/marketplace/OrderbookMarketplaceV2.sol#315-423) uses timestamp for comparisons
	Dangerous comparisons:
	- bidId != 0 && _stale(bidId) (src/marketplace/OrderbookMarketplaceV2.sol#336)
	- askId != 0 && _stale(askId) (src/marketplace/OrderbookMarketplaceV2.sol#340)
OrderbookMarketplaceV2._live(OrderbookMarketplaceV2.Order) (src/marketplace/OrderbookMarketplaceV2.sol#508-512) uses timestamp for comparisons
	Dangerous comparisons:
	- block.timestamp >= o.expiresAt (src/marketplace/OrderbookMarketplaceV2.sol#510)
OrderbookMarketplaceV2._stale(uint256) (src/marketplace/OrderbookMarketplaceV2.sol#518-521) uses timestamp for comparisons
	Dangerous comparisons:
	- o.active && (block.timestamp >= o.expiresAt || IMarketVaultV1(o.vault).isTerminal()) (src/marketplace/OrderbookMarketplaceV2.sol#520)
Reference: https://github.com/crytic/slither/wiki/Detector-Documentation#block-timestamp

Detector: assembly
TradingSessionPolicyV1._decode(bytes) (src/core/TradingSessionPolicyV1.sol#186-218) uses assembly
	- INLINE ASM (src/core/TradingSessionPolicyV1.sol#196-199)
TradingSessionPolicyV1._selector(bytes) (src/core/TradingSessionPolicyV1.sol#323-326) uses assembly
	- INLINE ASM (src/core/TradingSessionPolicyV1.sol#325)
TradingSessionPolicyV1._word(bytes,uint256) (src/core/TradingSessionPolicyV1.sol#328-331) uses assembly
	- INLINE ASM (src/core/TradingSessionPolicyV1.sol#330)
TradingSessionPolicyV2._decode(bytes) (src/core/TradingSessionPolicyV2.sol#186-218) uses assembly
	- INLINE ASM (src/core/TradingSessionPolicyV2.sol#196-199)
TradingSessionPolicyV2._selector(bytes) (src/core/TradingSessionPolicyV2.sol#352-355) uses assembly
	- INLINE ASM (src/core/TradingSessionPolicyV2.sol#354)
TradingSessionPolicyV2._word(bytes,uint256) (src/core/TradingSessionPolicyV2.sol#357-360) uses assembly
	- INLINE ASM (src/core/TradingSessionPolicyV2.sol#359)
Reference: https://github.com/crytic/slither/wiki/Detector-Documentation#assembly-usage

Detector: cyclomatic-complexity
MarketFactoryV1._validate(ProtocolTypes.CreateMarketParams) (src/core/MarketFactoryV1.sol#375-433) has a high cyclomatic complexity (14).
TradingSessionPolicyV1._check(TradingSessionPolicyV1.Call[],address,bool) (src/core/TradingSessionPolicyV1.sol#220-291) has a high cyclomatic complexity (24).
TradingSessionPolicyV2._check(TradingSessionPolicyV2.Call[],address,bool) (src/core/TradingSessionPolicyV2.sol#220-316) has a high cyclomatic complexity (35).
FixedPriceMarketplaceV1._prepareFill(bytes32,uint256,uint256,uint256,uint64) (src/marketplace/FixedPriceMarketplaceV1.sol#297-347) has a high cyclomatic complexity (13).
OrderbookMarketplaceV2.fillOrder(uint256,uint128,uint128,uint256,uint64) (src/marketplace/OrderbookMarketplaceV2.sol#230-295) has a high cyclomatic complexity (13).
OrderbookMarketplaceV2._matchOrders(address,uint8,uint128,uint256) (src/marketplace/OrderbookMarketplaceV2.sol#315-423) has a high cyclomatic complexity (18).
Reference: https://github.com/crytic/slither/wiki/Detector-Documentation#cyclomatic-complexity
. analyzed (79 contracts with 102 detectors), 75 result(s) found
'forge clean' running (wd: /private/var/folders/gc/k2l60lnx7d59j65323br2fr40000gn/T/cpredict-slither.sKIpkv/repo)
'forge config --json' running
'forge build --build-info --deny never --skip ./test/** ./script/** --force' running (wd: /private/var/folders/gc/k2l60lnx7d59j65323br2fr40000gn/T/cpredict-slither.sKIpkv/repo)
